Archive member included to satisfy reference by file (symbol)

/usr/lib/gcc/arm-none-eabi/10.3.1/../../../arm-none-eabi/lib/thumb/v7e-m/nofp/libg.a(lib_a-abort.o)
                              objdir-CW308_STM32F4/randombytes.o (abort)
/usr/lib/gcc/arm-none-eabi/10.3.1/../../../arm-none-eabi/lib/thumb/v7e-m/nofp/libg.a(lib_a-atexit.o)
                              /usr/lib/gcc/arm-none-eabi/10.3.1/../../../arm-none-eabi/lib/thumb/v7e-m/nofp/crt0.o (atexit)
/usr/lib/gcc/arm-none-eabi/10.3.1/../../../arm-none-eabi/lib/thumb/v7e-m/nofp/libg.a(lib_a-errno.o)
                              objdir-CW308_STM32F4/randombytes.o (__errno)
/usr/lib/gcc/arm-none-eabi/10.3.1/../../../arm-none-eabi/lib/thumb/v7e-m/nofp/libg.a(lib_a-exit.o)
                              /usr/lib/gcc/arm-none-eabi/10.3.1/../../../arm-none-eabi/lib/thumb/v7e-m/nofp/crt0.o (exit)
/usr/lib/gcc/arm-none-eabi/10.3.1/../../../arm-none-eabi/lib/thumb/v7e-m/nofp/libg.a(lib_a-fini.o)
                              /usr/lib/gcc/arm-none-eabi/10.3.1/../../../arm-none-eabi/lib/thumb/v7e-m/nofp/crt0.o (__libc_fini_array)
/usr/lib/gcc/arm-none-eabi/10.3.1/../../../arm-none-eabi/lib/thumb/v7e-m/nofp/libg.a(lib_a-impure.o)
                              /usr/lib/gcc/arm-none-eabi/10.3.1/../../../arm-none-eabi/lib/thumb/v7e-m/nofp/libg.a(lib_a-exit.o) (_global_impure_ptr)
/usr/lib/gcc/arm-none-eabi/10.3.1/../../../arm-none-eabi/lib/thumb/v7e-m/nofp/libg.a(lib_a-init.o)
                              /usr/lib/gcc/arm-none-eabi/10.3.1/../../../arm-none-eabi/lib/thumb/v7e-m/nofp/crt0.o (__libc_init_array)
/usr/lib/gcc/arm-none-eabi/10.3.1/../../../arm-none-eabi/lib/thumb/v7e-m/nofp/libg.a(lib_a-malloc.o)
                              objdir-CW308_STM32F4/fips202.o (malloc)
/usr/lib/gcc/arm-none-eabi/10.3.1/../../../arm-none-eabi/lib/thumb/v7e-m/nofp/libg.a(lib_a-mallocr.o)
                              /usr/lib/gcc/arm-none-eabi/10.3.1/../../../arm-none-eabi/lib/thumb/v7e-m/nofp/libg.a(lib_a-malloc.o) (_malloc_r)
/usr/lib/gcc/arm-none-eabi/10.3.1/../../../arm-none-eabi/lib/thumb/v7e-m/nofp/libg.a(lib_a-memcpy.o)
                              objdir-CW308_STM32F4/fips202.o (memcpy)
/usr/lib/gcc/arm-none-eabi/10.3.1/../../../arm-none-eabi/lib/thumb/v7e-m/nofp/libg.a(lib_a-memset.o)
                              /usr/lib/gcc/arm-none-eabi/10.3.1/../../../arm-none-eabi/lib/thumb/v7e-m/nofp/crt0.o (memset)
/usr/lib/gcc/arm-none-eabi/10.3.1/../../../arm-none-eabi/lib/thumb/v7e-m/nofp/libg.a(lib_a-mlock.o)
                              /usr/lib/gcc/arm-none-eabi/10.3.1/../../../arm-none-eabi/lib/thumb/v7e-m/nofp/libg.a(lib_a-mallocr.o) (__malloc_lock)
/usr/lib/gcc/arm-none-eabi/10.3.1/../../../arm-none-eabi/lib/thumb/v7e-m/nofp/libg.a(lib_a-sbrkr.o)
                              /usr/lib/gcc/arm-none-eabi/10.3.1/../../../arm-none-eabi/lib/thumb/v7e-m/nofp/libg.a(lib_a-mallocr.o) (_sbrk_r)
/usr/lib/gcc/arm-none-eabi/10.3.1/../../../arm-none-eabi/lib/thumb/v7e-m/nofp/libg.a(lib_a-signal.o)
                              /usr/lib/gcc/arm-none-eabi/10.3.1/../../../arm-none-eabi/lib/thumb/v7e-m/nofp/libg.a(lib_a-abort.o) (raise)
/usr/lib/gcc/arm-none-eabi/10.3.1/../../../arm-none-eabi/lib/thumb/v7e-m/nofp/libg.a(lib_a-signalr.o)
                              /usr/lib/gcc/arm-none-eabi/10.3.1/../../../arm-none-eabi/lib/thumb/v7e-m/nofp/libg.a(lib_a-signal.o) (_kill_r)
/usr/lib/gcc/arm-none-eabi/10.3.1/../../../arm-none-eabi/lib/thumb/v7e-m/nofp/libg.a(lib_a-sysopen.o)
                              objdir-CW308_STM32F4/randombytes.o (open)
/usr/lib/gcc/arm-none-eabi/10.3.1/../../../arm-none-eabi/lib/thumb/v7e-m/nofp/libg.a(lib_a-sysread.o)
                              objdir-CW308_STM32F4/randombytes.o (read)
/usr/lib/gcc/arm-none-eabi/10.3.1/../../../arm-none-eabi/lib/thumb/v7e-m/nofp/libg.a(lib_a-__atexit.o)
                              /usr/lib/gcc/arm-none-eabi/10.3.1/../../../arm-none-eabi/lib/thumb/v7e-m/nofp/libg.a(lib_a-atexit.o) (__register_exitproc)
/usr/lib/gcc/arm-none-eabi/10.3.1/../../../arm-none-eabi/lib/thumb/v7e-m/nofp/libg.a(lib_a-__call_atexit.o)
                              /usr/lib/gcc/arm-none-eabi/10.3.1/../../../arm-none-eabi/lib/thumb/v7e-m/nofp/libg.a(lib_a-exit.o) (__call_exitprocs)
/usr/lib/gcc/arm-none-eabi/10.3.1/../../../arm-none-eabi/lib/thumb/v7e-m/nofp/libg.a(lib_a-freer.o)
                              /usr/lib/gcc/arm-none-eabi/10.3.1/../../../arm-none-eabi/lib/thumb/v7e-m/nofp/libg.a(lib_a-malloc.o) (_free_r)
/usr/lib/gcc/arm-none-eabi/10.3.1/../../../arm-none-eabi/lib/thumb/v7e-m/nofp/libg.a(lib_a-openr.o)
                              /usr/lib/gcc/arm-none-eabi/10.3.1/../../../arm-none-eabi/lib/thumb/v7e-m/nofp/libg.a(lib_a-sysopen.o) (_open_r)
/usr/lib/gcc/arm-none-eabi/10.3.1/../../../arm-none-eabi/lib/thumb/v7e-m/nofp/libg.a(lib_a-readr.o)
                              /usr/lib/gcc/arm-none-eabi/10.3.1/../../../arm-none-eabi/lib/thumb/v7e-m/nofp/libg.a(lib_a-sysread.o) (_read_r)
[...]
Memory Configuration

Name             Origin             Length             Attributes
RAM              0x0000000020000000 0x0000000000020000 xrw
ROM              0x0000000008000000 0x0000000000100000 xr
*default*        0x0000000000000000 0xffffffffffffffff

Linker script and memory map

LOAD /usr/lib/gcc/arm-none-eabi/10.3.1/thumb/v7e-m/nofp/crti.o
LOAD /usr/lib/gcc/arm-none-eabi/10.3.1/thumb/v7e-m/nofp/crtbegin.o
LOAD /usr/lib/gcc/arm-none-eabi/10.3.1/../../../arm-none-eabi/lib/thumb/v7e-m/nofp/crt0.o
LOAD objdir-CW308_STM32F4/cbd.o
LOAD objdir-CW308_STM32F4/fips202.o
LOAD objdir-CW308_STM32F4/indcpa.o
LOAD objdir-CW308_STM32F4/kem.o
LOAD objdir-CW308_STM32F4/main.o
LOAD objdir-CW308_STM32F4/ntt.o
LOAD objdir-CW308_STM32F4/poly.o
LOAD objdir-CW308_STM32F4/polyvec.o
LOAD objdir-CW308_STM32F4/randombytes.o
LOAD objdir-CW308_STM32F4/reduce.o
LOAD objdir-CW308_STM32F4/symmetric-shake.o
LOAD objdir-CW308_STM32F4/verify.o
LOAD objdir-CW308_STM32F4/simpleserial.o
LOAD objdir-CW308_STM32F4/stm32f4_hal.o
LOAD objdir-CW308_STM32F4/stm32f4_hal_lowlevel.o
LOAD objdir-CW308_STM32F4/stm32f4_sysmem.o
LOAD objdir-CW308_STM32F4/stm32f4xx_hal_rng.o
LOAD objdir-CW308_STM32F4/stm32f4_startup.o
LOAD /usr/lib/gcc/arm-none-eabi/10.3.1/../../../arm-none-eabi/lib/thumb/v7e-m/nofp/libm.a
LOAD /usr/lib/gcc/arm-none-eabi/10.3.1/../../../arm-none-eabi/lib/thumb/v7e-m/nofp/libm.a
START GROUP
LOAD /usr/lib/gcc/arm-none-eabi/10.3.1/thumb/v7e-m/nofp/libgcc.a
LOAD /usr/lib/gcc/arm-none-eabi/10.3.1/../../../arm-none-eabi/lib/thumb/v7e-m/nofp/libg.a
LOAD /usr/lib/gcc/arm-none-eabi/10.3.1/../../../arm-none-eabi/lib/thumb/v7e-m/nofp/libc.a
END GROUP
START GROUP
LOAD /usr/lib/gcc/arm-none-eabi/10.3.1/thumb/v7e-m/nofp/libgcc.a
LOAD /usr/lib/gcc/arm-none-eabi/10.3.1/../../../arm-none-eabi/lib/thumb/v7e-m/nofp/libc.a
LOAD /usr/lib/gcc/arm-none-eabi/10.3.1/../../../arm-none-eabi/lib/thumb/v7e-m/nofp/libnosys.a
END GROUP
LOAD /usr/lib/gcc/arm-none-eabi/10.3.1/thumb/v7e-m/nofp/crtend.o
LOAD /usr/lib/gcc/arm-none-eabi/10.3.1/thumb/v7e-m/nofp/crtn.o
                0x0000000020020000                _estack = 0x20020000
                0x0000000000000000                _Min_Heap_Size = 0x0
                0x0000000000000400                _Min_Stack_Size = 0x400

.isr_vector     0x0000000008000000      0x188
                0x0000000008000000                . = ALIGN (0x4)
 *(.isr_vector)
 .isr_vector    0x0000000008000000      0x188 objdir-CW308_STM32F4/stm32f4_startup.o
                0x0000000008000000                g_pfnVectors
                0x0000000008000188                . = ALIGN (0x4)

.text           0x0000000008000188     0x8434
                0x0000000008000188                . = ALIGN (0x4)
 *(.text)
 .text          0x0000000008000188       0x88 /usr/lib/gcc/arm-none-eabi/10.3.1/thumb/v7e-m/nofp/crtbegin.o
 .text          0x0000000008000210        0xc /usr/lib/gcc/arm-none-eabi/10.3.1/../../../arm-none-eabi/lib/thumb/v7e-m/nofp/libg.a(lib_a-atexit.o)
                0x0000000008000210                atexit
 .text          0x000000000800021c        0xc /usr/lib/gcc/arm-none-eabi/10.3.1/../../../arm-none-eabi/lib/thumb/v7e-m/nofp/libg.a(lib_a-errno.o)
                0x000000000800021c                __errno
 .text          0x0000000008000228       0x20 /usr/lib/gcc/arm-none-eabi/10.3.1/../../../arm-none-eabi/lib/thumb/v7e-m/nofp/libg.a(lib_a-exit.o)
                0x0000000008000228                exit
 .text          0x0000000008000248       0x2c /usr/lib/gcc/arm-none-eabi/10.3.1/../../../arm-none-eabi/lib/thumb/v7e-m/nofp/libg.a(lib_a-fini.o)
                0x0000000008000248                __libc_fini_array
 .text          0x0000000008000274       0x48 /usr/lib/gcc/arm-none-eabi/10.3.1/../../../arm-none-eabi/lib/thumb/v7e-m/nofp/libg.a(lib_a-init.o)
                0x0000000008000274                __libc_init_array
 .text          0x00000000080002bc       0x20 /usr/lib/gcc/arm-none-eabi/10.3.1/../../../arm-none-eabi/lib/thumb/v7e-m/nofp/libg.a(lib_a-malloc.o)
                0x00000000080002bc                malloc
                0x00000000080002cc                free
 .text          0x00000000080002dc      0x554 /usr/lib/gcc/arm-none-eabi/10.3.1/../../../arm-none-eabi/lib/thumb/v7e-m/nofp/libg.a(lib_a-mallocr.o)
                0x00000000080002dc                _malloc_r
 .text          0x0000000008000830      0x134 /usr/lib/gcc/arm-none-eabi/10.3.1/../../../arm-none-eabi/lib/thumb/v7e-m/nofp/libg.a(lib_a-memcpy.o)
                0x0000000008000830                memcpy
 .text          0x0000000008000964        0x8 /usr/lib/gcc/arm-none-eabi/10.3.1/../../../arm-none-eabi/lib/thumb/v7e-m/nofp/libg.a(lib_a-mlock.o)
                0x0000000008000964                __malloc_lock
                0x0000000008000968                __malloc_unlock
 .text          0x000000000800096c       0x24 /usr/lib/gcc/arm-none-eabi/10.3.1/../../../arm-none-eabi/lib/thumb/v7e-m/nofp/libg.a(lib_a-sbrkr.o)
                0x000000000800096c                _sbrk_r
 .text          0x0000000008000990       0x68 /usr/lib/gcc/arm-none-eabi/10.3.1/../../../arm-none-eabi/lib/thumb/v7e-m/nofp/libg.a(lib_a-__atexit.o)
                0x0000000008000990                __register_exitproc
 .text          0x00000000080009f8       0xb0 /usr/lib/gcc/arm-none-eabi/10.3.1/../../../arm-none-eabi/lib/thumb/v7e-m/nofp/libg.a(lib_a-__call_atexit.o)
                0x00000000080009f8                __call_exitprocs
 .text          0x0000000008000aa8      0x2ac /usr/lib/gcc/arm-none-eabi/10.3.1/../../../arm-none-eabi/lib/thumb/v7e-m/nofp/libg.a(lib_a-freer.o)
                0x0000000008000aa8                _malloc_trim_r
                0x0000000008000b48                _free_r
 .text          0x0000000008000d54        0x4 /usr/lib/gcc/arm-none-eabi/10.3.1/../../../arm-none-eabi/lib/thumb/v7e-m/nofp/libnosys.a(_exit.o)
                0x0000000008000d54                _exit
 *(.text*)
 .text.load32_littleendian
                0x0000000008000d58       0x44 objdir-CW308_STM32F4/cbd.o
 .text.load24_littleendian
                0x0000000008000d9c       0x36 objdir-CW308_STM32F4/cbd.o
 .text.cbd2     0x0000000008000dd2       0x9c objdir-CW308_STM32F4/cbd.o
 *fill*         0x0000000008000e6e        0x2 
 .text.cbd3     0x0000000008000e70       0xc0 objdir-CW308_STM32F4/cbd.o
 .text.PQCLEAN_KYBER512_CLEAN_poly_cbd_eta1
                0x0000000008000f30       0x1a objdir-CW308_STM32F4/cbd.o
                0x0000000008000f30                PQCLEAN_KYBER512_CLEAN_poly_cbd_eta1
 .text.PQCLEAN_KYBER512_CLEAN_poly_cbd_eta2
                0x0000000008000f4a       0x1a objdir-CW308_STM32F4/cbd.o
                0x0000000008000f4a                PQCLEAN_KYBER512_CLEAN_poly_cbd_eta2
 .text.load64   0x0000000008000f64       0x7a objdir-CW308_STM32F4/fips202.o
 .text.store64  0x0000000008000fde       0x58 objdir-CW308_STM32F4/fips202.o
 *fill*         0x0000000008001036        0x2 
 .text.KeccakF1600_StatePermute
                0x0000000008001038     0x3304 objdir-CW308_STM32F4/fips202.o
 .text.keccak_absorb
                0x000000000800433c      0x1a2 objdir-CW308_STM32F4/fips202.o
 .text.keccak_squeezeblocks
                0x00000000080044de       0x64 objdir-CW308_STM32F4/fips202.o
 .text.keccak_inc_init
                0x0000000008004542       0x4a objdir-CW308_STM32F4/fips202.o
 .text.keccak_inc_absorb
                0x000000000800458c      0x378 objdir-CW308_STM32F4/fips202.o
 .text.keccak_inc_finalize
                0x0000000008004904      0x122 objdir-CW308_STM32F4/fips202.o
 .text.keccak_inc_squeeze
                0x0000000008004a26      0x1fe objdir-CW308_STM32F4/fips202.o
 .text.shake256_inc_init
                0x0000000008004c24       0x36 objdir-CW308_STM32F4/fips202.o
                0x0000000008004c24                shake256_inc_init
 .text.shake256_inc_absorb
                0x0000000008004c5a       0x22 objdir-CW308_STM32F4/fips202.o
                0x0000000008004c5a                shake256_inc_absorb
 .text.shake256_inc_finalize
                0x0000000008004c7c       0x1e objdir-CW308_STM32F4/fips202.o
                0x0000000008004c7c                shake256_inc_finalize
 .text.shake256_inc_squeeze
                0x0000000008004c9a       0x22 objdir-CW308_STM32F4/fips202.o
                0x0000000008004c9a                shake256_inc_squeeze
 .text.shake256_inc_ctx_release
                0x0000000008004cbc       0x1a objdir-CW308_STM32F4/fips202.o
                0x0000000008004cbc                shake256_inc_ctx_release
 .text.shake128_absorb
                0x0000000008004cd6       0x42 objdir-CW308_STM32F4/fips202.o
                0x0000000008004cd6                shake128_absorb
 .text.shake128_squeezeblocks
                0x0000000008004d18       0x22 objdir-CW308_STM32F4/fips202.o
                0x0000000008004d18                shake128_squeezeblocks
 .text.shake128_ctx_release
                0x0000000008004d3a       0x1a objdir-CW308_STM32F4/fips202.o
                0x0000000008004d3a                shake128_ctx_release
 .text.shake256_absorb
                0x0000000008004d54       0x42 objdir-CW308_STM32F4/fips202.o
                0x0000000008004d54                shake256_absorb
 .text.shake256_squeezeblocks
                0x0000000008004d96       0x22 objdir-CW308_STM32F4/fips202.o
                0x0000000008004d96                shake256_squeezeblocks
 .text.shake256_ctx_release
                0x0000000008004db8       0x1a objdir-CW308_STM32F4/fips202.o
                0x0000000008004db8                shake256_ctx_release
 *fill*         0x0000000008004dd2        0x2 
 .text.shake256
                0x0000000008004dd4       0xc0 objdir-CW308_STM32F4/fips202.o
                0x0000000008004dd4                shake256
 .text.sha3_256
                0x0000000008004e94       0x9e objdir-CW308_STM32F4/fips202.o
                0x0000000008004e94                sha3_256
 .text.sha3_512
                0x0000000008004f32       0x9e objdir-CW308_STM32F4/fips202.o
                0x0000000008004f32                sha3_512
 .text.pack_pk  0x0000000008004fd0       0x2c objdir-CW308_STM32F4/indcpa.o
 .text.unpack_pk
                0x0000000008004ffc       0x2c objdir-CW308_STM32F4/indcpa.o
 .text.pack_sk  0x0000000008005028       0x1a objdir-CW308_STM32F4/indcpa.o
 .text.unpack_sk
                0x0000000008005042       0x1a objdir-CW308_STM32F4/indcpa.o
 .text.pack_ciphertext
                0x000000000800505c       0x2a objdir-CW308_STM32F4/indcpa.o
 .text.unpack_ciphertext
                0x0000000008005086       0x2a objdir-CW308_STM32F4/indcpa.o
 .text.rej_uniform
                0x00000000080050b0       0xc6 objdir-CW308_STM32F4/indcpa.o
 *fill*         0x0000000008005176        0x2 
 .text.PQCLEAN_KYBER512_CLEAN_gen_matrix
                0x0000000008005178      0x1d8 objdir-CW308_STM32F4/indcpa.o
                0x0000000008005178                PQCLEAN_KYBER512_CLEAN_gen_matrix
 .text.PQCLEAN_KYBER512_CLEAN_indcpa_keypair_derand
                0x0000000008005350      0x252 objdir-CW308_STM32F4/indcpa.o
                0x0000000008005350                PQCLEAN_KYBER512_CLEAN_indcpa_keypair_derand
 .text.PQCLEAN_KYBER512_CLEAN_indcpa_enc
                0x00000000080055a2      0x2c4 objdir-CW308_STM32F4/indcpa.o
                0x00000000080055a2                PQCLEAN_KYBER512_CLEAN_indcpa_enc
 .text.PQCLEAN_KYBER512_CLEAN_indcpa_dec
                0x0000000008005866       0xb8 objdir-CW308_STM32F4/indcpa.o
                0x0000000008005866                PQCLEAN_KYBER512_CLEAN_indcpa_dec
 .text.PQCLEAN_KYBER512_CLEAN_crypto_kem_keypair_derand
                0x000000000800591e       0x56 objdir-CW308_STM32F4/kem.o
                0x000000000800591e                PQCLEAN_KYBER512_CLEAN_crypto_kem_keypair_derand
 .text.PQCLEAN_KYBER512_CLEAN_crypto_kem_enc_derand
                0x0000000008005974       0x68 objdir-CW308_STM32F4/kem.o
                0x0000000008005974                PQCLEAN_KYBER512_CLEAN_crypto_kem_enc_derand
 .text.PQCLEAN_KYBER512_CLEAN_crypto_kem_dec
                0x00000000080059dc      0x102 objdir-CW308_STM32F4/kem.o
                0x00000000080059dc                PQCLEAN_KYBER512_CLEAN_crypto_kem_dec
 *fill*         0x0000000008005ade        0x2 
 .text.get_sk   0x0000000008005ae0       0x80 objdir-CW308_STM32F4/main.o
                0x0000000008005ae0                get_sk
 .text.main     0x0000000008005b60       0x28 objdir-CW308_STM32F4/main.o
                0x0000000008005b60                main
 .text.fqmul    0x0000000008005b88       0x2c objdir-CW308_STM32F4/ntt.o
 .text.PQCLEAN_KYBER512_CLEAN_ntt
                0x0000000008005bb4       0xcc objdir-CW308_STM32F4/ntt.o
                0x0000000008005bb4                PQCLEAN_KYBER512_CLEAN_ntt
 .text.PQCLEAN_KYBER512_CLEAN_invntt
                0x0000000008005c80      0x12c objdir-CW308_STM32F4/ntt.o
                0x0000000008005c80                PQCLEAN_KYBER512_CLEAN_invntt
 .text.PQCLEAN_KYBER512_CLEAN_basemul
                0x0000000008005dac       0xca objdir-CW308_STM32F4/ntt.o
                0x0000000008005dac                PQCLEAN_KYBER512_CLEAN_basemul
 *fill*         0x0000000008005e76        0x2 
 .text.PQCLEAN_KYBER512_CLEAN_poly_compress
                0x0000000008005e78       0xf0 objdir-CW308_STM32F4/poly.o
                0x0000000008005e78                PQCLEAN_KYBER512_CLEAN_poly_compress
 .text.PQCLEAN_KYBER512_CLEAN_poly_decompress
                0x0000000008005f68       0x72 objdir-CW308_STM32F4/poly.o
                0x0000000008005f68                PQCLEAN_KYBER512_CLEAN_poly_decompress
 .text.PQCLEAN_KYBER512_CLEAN_poly_tobytes
                0x0000000008005fda       0xc0 objdir-CW308_STM32F4/poly.o
                0x0000000008005fda                PQCLEAN_KYBER512_CLEAN_poly_tobytes
 .text.PQCLEAN_KYBER512_CLEAN_poly_frombytes
                0x000000000800609a       0xa0 objdir-CW308_STM32F4/poly.o
                0x000000000800609a                PQCLEAN_KYBER512_CLEAN_poly_frombytes
 .text.PQCLEAN_KYBER512_CLEAN_poly_frommsg
                0x000000000800613a       0x72 objdir-CW308_STM32F4/poly.o
                0x000000000800613a                PQCLEAN_KYBER512_CLEAN_poly_frommsg
 .text.PQCLEAN_KYBER512_CLEAN_poly_tomsg
                0x00000000080061ac       0xb0 objdir-CW308_STM32F4/poly.o
                0x00000000080061ac                PQCLEAN_KYBER512_CLEAN_poly_tomsg
 .text.PQCLEAN_KYBER512_CLEAN_poly_getnoise_eta1
                0x000000000800625c       0x30 objdir-CW308_STM32F4/poly.o
                0x000000000800625c                PQCLEAN_KYBER512_CLEAN_poly_getnoise_eta1
 .text.PQCLEAN_KYBER512_CLEAN_poly_getnoise_eta2
                0x000000000800628c       0x30 objdir-CW308_STM32F4/poly.o
                0x000000000800628c                PQCLEAN_KYBER512_CLEAN_poly_getnoise_eta2
 .text.PQCLEAN_KYBER512_CLEAN_poly_ntt
                0x00000000080062bc       0x1e objdir-CW308_STM32F4/poly.o
                0x00000000080062bc                PQCLEAN_KYBER512_CLEAN_poly_ntt
 .text.PQCLEAN_KYBER512_CLEAN_poly_invntt_tomont
                0x00000000080062da       0x18 objdir-CW308_STM32F4/poly.o
                0x00000000080062da                PQCLEAN_KYBER512_CLEAN_poly_invntt_tomont
 *fill*         0x00000000080062f2        0x2 
 .text.PQCLEAN_KYBER512_CLEAN_poly_basemul_montgomery
                0x00000000080062f4       0x94 objdir-CW308_STM32F4/poly.o
                0x00000000080062f4                PQCLEAN_KYBER512_CLEAN_poly_basemul_montgomery
 .text.PQCLEAN_KYBER512_CLEAN_poly_tomont
                0x0000000008006388       0x4e objdir-CW308_STM32F4/poly.o
                0x0000000008006388                PQCLEAN_KYBER512_CLEAN_poly_tomont
 .text.PQCLEAN_KYBER512_CLEAN_poly_reduce
                0x00000000080063d6       0x3e objdir-CW308_STM32F4/poly.o
                0x00000000080063d6                PQCLEAN_KYBER512_CLEAN_poly_reduce
 .text.PQCLEAN_KYBER512_CLEAN_poly_add
                0x0000000008006414       0x4c objdir-CW308_STM32F4/poly.o
                0x0000000008006414                PQCLEAN_KYBER512_CLEAN_poly_add
 .text.PQCLEAN_KYBER512_CLEAN_poly_sub
                0x0000000008006460       0x4c objdir-CW308_STM32F4/poly.o
                0x0000000008006460                PQCLEAN_KYBER512_CLEAN_poly_sub
 .text.PQCLEAN_KYBER512_CLEAN_polyvec_compress
                0x00000000080064ac      0x14c objdir-CW308_STM32F4/polyvec.o
                0x00000000080064ac                PQCLEAN_KYBER512_CLEAN_polyvec_compress
 .text.PQCLEAN_KYBER512_CLEAN_polyvec_decompress
                0x00000000080065f8       0xfa objdir-CW308_STM32F4/polyvec.o
                0x00000000080065f8                PQCLEAN_KYBER512_CLEAN_polyvec_decompress
 .text.PQCLEAN_KYBER512_CLEAN_polyvec_tobytes
                0x00000000080066f2       0x44 objdir-CW308_STM32F4/polyvec.o
                0x00000000080066f2                PQCLEAN_KYBER512_CLEAN_polyvec_tobytes
 .text.PQCLEAN_KYBER512_CLEAN_polyvec_frombytes
                0x0000000008006736       0x44 objdir-CW308_STM32F4/polyvec.o
                0x0000000008006736                PQCLEAN_KYBER512_CLEAN_polyvec_frombytes
 .text.PQCLEAN_KYBER512_CLEAN_polyvec_ntt
                0x000000000800677a       0x32 objdir-CW308_STM32F4/polyvec.o
                0x000000000800677a                PQCLEAN_KYBER512_CLEAN_polyvec_ntt
 .text.PQCLEAN_KYBER512_CLEAN_polyvec_invntt_tomont
                0x00000000080067ac       0x32 objdir-CW308_STM32F4/polyvec.o
                0x00000000080067ac                PQCLEAN_KYBER512_CLEAN_polyvec_invntt_tomont
 .text.PQCLEAN_KYBER512_CLEAN_polyvec_basemul_acc_montgomery
                0x00000000080067de       0xc4 objdir-CW308_STM32F4/polyvec.o
                0x00000000080067de                PQCLEAN_KYBER512_CLEAN_polyvec_basemul_acc_montgomery
 .text.PQCLEAN_KYBER512_CLEAN_polyvec_reduce
                0x00000000080068a2       0x32 objdir-CW308_STM32F4/polyvec.o
                0x00000000080068a2                PQCLEAN_KYBER512_CLEAN_polyvec_reduce
 .text.PQCLEAN_KYBER512_CLEAN_polyvec_add
                0x00000000080068d4       0x46 objdir-CW308_STM32F4/polyvec.o
                0x00000000080068d4                PQCLEAN_KYBER512_CLEAN_polyvec_add
 .text.PQCLEAN_KYBER512_CLEAN_montgomery_reduce
                0x000000000800691a       0x50 objdir-CW308_STM32F4/reduce.o
                0x000000000800691a                PQCLEAN_KYBER512_CLEAN_montgomery_reduce
 .text.PQCLEAN_KYBER512_CLEAN_barrett_reduce
                0x000000000800696a       0x4c objdir-CW308_STM32F4/reduce.o
                0x000000000800696a                PQCLEAN_KYBER512_CLEAN_barrett_reduce
 .text.PQCLEAN_KYBER512_CLEAN_kyber_shake128_absorb
                0x00000000080069b6       0x46 objdir-CW308_STM32F4/symmetric-shake.o
                0x00000000080069b6                PQCLEAN_KYBER512_CLEAN_kyber_shake128_absorb
 .text.PQCLEAN_KYBER512_CLEAN_kyber_shake256_prf
                0x00000000080069fc       0x38 objdir-CW308_STM32F4/symmetric-shake.o
                0x00000000080069fc                PQCLEAN_KYBER512_CLEAN_kyber_shake256_prf
 .text.PQCLEAN_KYBER512_CLEAN_kyber_shake256_rkprf
                0x0000000008006a34       0x5e objdir-CW308_STM32F4/symmetric-shake.o
                0x0000000008006a34                PQCLEAN_KYBER512_CLEAN_kyber_shake256_rkprf
 .text.PQCLEAN_KYBER512_CLEAN_verify
                0x0000000008006a92       0x6e objdir-CW308_STM32F4/verify.o
                0x0000000008006a92                PQCLEAN_KYBER512_CLEAN_verify
 .text.PQCLEAN_KYBER512_CLEAN_cmov
                0x0000000008006b00       0x62 objdir-CW308_STM32F4/verify.o
                0x0000000008006b00                PQCLEAN_KYBER512_CLEAN_cmov
 .text.check_version
                0x0000000008006b62       0x18 objdir-CW308_STM32F4/simpleserial.o
                0x0000000008006b62                check_version
 *fill*         0x0000000008006b7a        0x2 
 .text.ss_num_commands
                0x0000000008006b7c       0x30 objdir-CW308_STM32F4/simpleserial.o
                0x0000000008006b7c                ss_num_commands
 .text.ss_get_commands
                0x0000000008006bac       0xc0 objdir-CW308_STM32F4/simpleserial.o
                0x0000000008006bac                ss_get_commands
 .text.hex_decode
                0x0000000008006c6c      0x130 objdir-CW308_STM32F4/simpleserial.o
                0x0000000008006c6c                hex_decode
 .text.simpleserial_init
                0x0000000008006d9c       0x34 objdir-CW308_STM32F4/simpleserial.o
                0x0000000008006d9c                simpleserial_init
 .text.simpleserial_addcmd
                0x0000000008006dd0       0x24 objdir-CW308_STM32F4/simpleserial.o
                0x0000000008006dd0                simpleserial_addcmd
 .text.simpleserial_addcmd_flags
                0x0000000008006df4       0x88 objdir-CW308_STM32F4/simpleserial.o
                0x0000000008006df4                simpleserial_addcmd_flags
 .text.simpleserial_get
                0x0000000008006e7c      0x1c4 objdir-CW308_STM32F4/simpleserial.o
                0x0000000008006e7c                simpleserial_get
 .text.simpleserial_put
                0x0000000008007040       0x6c objdir-CW308_STM32F4/simpleserial.o
                0x0000000008007040                simpleserial_put
 .text.platform_init
                0x00000000080070ac       0xa0 objdir-CW308_STM32F4/stm32f4_hal.o
                0x00000000080070ac                platform_init
 .text.init_uart
                0x000000000800714c       0xac objdir-CW308_STM32F4/stm32f4_hal.o
                0x000000000800714c                init_uart
 .text.trigger_setup
                0x00000000080071f8       0x50 objdir-CW308_STM32F4/stm32f4_hal.o
                0x00000000080071f8                trigger_setup
 .text.trigger_high
                0x0000000008007248       0x18 objdir-CW308_STM32F4/stm32f4_hal.o
                0x0000000008007248                trigger_high
 .text.trigger_low
                0x0000000008007260       0x18 objdir-CW308_STM32F4/stm32f4_hal.o
                0x0000000008007260                trigger_low
 .text.getch    0x0000000008007278       0x2c objdir-CW308_STM32F4/stm32f4_hal.o
                0x0000000008007278                getch
 .text.putch    0x00000000080072a4       0x2c objdir-CW308_STM32F4/stm32f4_hal.o
                0x00000000080072a4                putch
 .text.HAL_GetTick
                0x00000000080072d0       0x1c objdir-CW308_STM32F4/stm32f4_hal_lowlevel.o
                0x00000000080072d0                HAL_GetTick
 .text.HAL_RCC_OscConfig
                0x00000000080072ec      0x4c4 objdir-CW308_STM32F4/stm32f4_hal_lowlevel.o
                0x00000000080072ec                HAL_RCC_OscConfig
 .text.HAL_RCC_ClockConfig
                0x00000000080077b0      0x1e8 objdir-CW308_STM32F4/stm32f4_hal_lowlevel.o
                0x00000000080077b0                HAL_RCC_ClockConfig
 .text.HAL_RCC_GetPCLK1Freq
                0x0000000008007998       0x14 objdir-CW308_STM32F4/stm32f4_hal_lowlevel.o
                0x0000000008007998                HAL_RCC_GetPCLK1Freq
 .text.HAL_RCC_GetPCLK2Freq
                0x00000000080079ac       0x14 objdir-CW308_STM32F4/stm32f4_hal_lowlevel.o
                0x00000000080079ac                HAL_RCC_GetPCLK2Freq
 .text.HAL_GPIO_Init
                0x00000000080079c0      0x334 objdir-CW308_STM32F4/stm32f4_hal_lowlevel.o
                0x00000000080079c0                HAL_GPIO_Init
 .text.HAL_GPIO_WritePin
                0x0000000008007cf4       0x30 objdir-CW308_STM32F4/stm32f4_hal_lowlevel.o
                0x0000000008007cf4                HAL_GPIO_WritePin
 .text.UART_SetConfig
                0x0000000008007d24      0x438 objdir-CW308_STM32F4/stm32f4_hal_lowlevel.o
 .text.HAL_UART_Init
                0x000000000800815c       0x94 objdir-CW308_STM32F4/stm32f4_hal_lowlevel.o
                0x000000000800815c                HAL_UART_Init
 .text.UART_WaitOnFlagForever
                0x00000000080081f0       0x3a objdir-CW308_STM32F4/stm32f4_hal_lowlevel.o
 .text.HAL_UART_Transmit
                0x000000000800822a      0x114 objdir-CW308_STM32F4/stm32f4_hal_lowlevel.o
                0x000000000800822a                HAL_UART_Transmit
 .text.HAL_UART_Receive
                0x000000000800833e      0x136 objdir-CW308_STM32F4/stm32f4_hal_lowlevel.o
                0x000000000800833e                HAL_UART_Receive
 .text._sbrk    0x0000000008008474       0x58 objdir-CW308_STM32F4/stm32f4_sysmem.o
                0x0000000008008474                _sbrk
 .text.HAL_RNG_Init
                0x00000000080084cc       0x66 objdir-CW308_STM32F4/stm32f4xx_hal_rng.o
                0x00000000080084cc                HAL_RNG_Init
 .text.HAL_RNG_MspInit
                0x0000000008008532       0x12 objdir-CW308_STM32F4/stm32f4xx_hal_rng.o
                0x0000000008008532                HAL_RNG_MspInit
 .text.Reset_Handler
                0x0000000008008544       0x48 objdir-CW308_STM32F4/stm32f4_startup.o
                0x0000000008008544                Reset_Handler
 .text.Default_Handler
                0x000000000800858c        0x2 objdir-CW308_STM32F4/stm32f4_startup.o
                0x000000000800858c                DebugMon_Handler
                0x000000000800858c                HardFault_Handler
                0x000000000800858c                SysTick_Handler
                0x000000000800858c                PendSV_Handler
                0x000000000800858c                NMI_Handler
                0x000000000800858c                UsageFault_Handler
                0x000000000800858c                Default_Handler
                0x000000000800858c                MemManage_Handler
                0x000000000800858c                SVC_Handler
                0x000000000800858c                BusFault_Handler
 *fill*         0x000000000800858e        0x2 
 .text.startup  0x0000000008008590       0x14 /usr/lib/gcc/arm-none-eabi/10.3.1/../../../arm-none-eabi/lib/thumb/v7e-m/nofp/libg.a(lib_a-__call_atexit.o)
 *(.glue_7)
 .glue_7        0x00000000080085a4        0x0 linker stubs
 *(.glue_7t)
 .glue_7t       0x00000000080085a4        0x0 linker stubs
 *(.eh_frame)
 .eh_frame      0x00000000080085a4        0x0 /usr/lib/gcc/arm-none-eabi/10.3.1/thumb/v7e-m/nofp/crtbegin.o
 *(.init)
 .init          0x00000000080085a4        0x4 /usr/lib/gcc/arm-none-eabi/10.3.1/thumb/v7e-m/nofp/crti.o
                0x00000000080085a4                _init
 .init          0x00000000080085a8        0x8 /usr/lib/gcc/arm-none-eabi/10.3.1/thumb/v7e-m/nofp/crtn.o
 *(.fini)
 .fini          0x00000000080085b0        0x4 /usr/lib/gcc/arm-none-eabi/10.3.1/thumb/v7e-m/nofp/crti.o
                0x00000000080085b0                _fini
 .fini          0x00000000080085b4        0x8 /usr/lib/gcc/arm-none-eabi/10.3.1/thumb/v7e-m/nofp/crtn.o
                0x00000000080085bc                . = ALIGN (0x4)
                0x00000000080085bc                _etext = .

.vfp11_veneer   0x00000000080085bc        0x0
 .vfp11_veneer  0x00000000080085bc        0x0 linker stubs

.v4_bx          0x00000000080085bc        0x0
 .v4_bx         0x00000000080085bc        0x0 linker stubs

.iplt           0x00000000080085bc        0x0
 .iplt          0x00000000080085bc        0x0 /usr/lib/gcc/arm-none-eabi/10.3.1/thumb/v7e-m/nofp/crtbegin.o

.rodata         0x00000000080085c0      0x1e4
                0x00000000080085c0                . = ALIGN (0x4)
 *(.rodata)
 .rodata        0x00000000080085c0       0xc0 objdir-CW308_STM32F4/fips202.o
 .rodata        0x0000000008008680       0x20 objdir-CW308_STM32F4/main.o
                0x0000000008008680                coins
 .rodata        0x00000000080086a0      0x100 objdir-CW308_STM32F4/ntt.o
                0x00000000080086a0                PQCLEAN_KYBER512_CLEAN_zetas
 .rodata        0x00000000080087a0        0x4 /usr/lib/gcc/arm-none-eabi/10.3.1/../../../arm-none-eabi/lib/thumb/v7e-m/nofp/libg.a(lib_a-impure.o)
                0x00000000080087a0                _global_impure_ptr
 *(.rodata*)
                0x00000000080087a4                . = ALIGN (0x4)

.rel.dyn        0x00000000080087a4        0x0
 .rel.iplt      0x00000000080087a4        0x0 /usr/lib/gcc/arm-none-eabi/10.3.1/thumb/v7e-m/nofp/crtbegin.o

.ARM.extab      0x00000000080087a4        0x0
                0x00000000080087a4                . = ALIGN (0x4)
 *(.ARM.extab* .gnu.linkonce.armextab.*)
                0x00000000080087a4                . = ALIGN (0x4)

.ARM            0x00000000080087a4        0x0
                0x00000000080087a4                . = ALIGN (0x4)
                0x00000000080087a4                __exidx_start = .
 *(.ARM.exidx*)
                0x00000000080087a4                __exidx_end = .
                0x00000000080087a4                . = ALIGN (0x4)

.preinit_array  0x00000000080087a4        0x0
                0x00000000080087a4                . = ALIGN (0x4)
                0x00000000080087a4                PROVIDE (__preinit_array_start = .)
 *(.preinit_array*)
                0x00000000080087a4                PROVIDE (__preinit_array_end = .)
                0x00000000080087a4                . = ALIGN (0x4)

.init_array     0x00000000080087a4        0x8
                0x00000000080087a4                . = ALIGN (0x4)
                0x00000000080087a4                PROVIDE (__init_array_start = .)
 *(SORT_BY_NAME(.init_array.*))
 .init_array.00000
                0x00000000080087a4        0x4 /usr/lib/gcc/arm-none-eabi/10.3.1/../../../arm-none-eabi/lib/thumb/v7e-m/nofp/libg.a(lib_a-__call_atexit.o)
 *(.init_array*)
 .init_array    0x00000000080087a8        0x4 /usr/lib/gcc/arm-none-eabi/10.3.1/thumb/v7e-m/nofp/crtbegin.o
                0x00000000080087ac                PROVIDE (__init_array_end = .)
                0x00000000080087ac                . = ALIGN (0x4)

.fini_array     0x00000000080087ac        0x4
                0x00000000080087ac                . = ALIGN (0x4)
                0x00000000080087ac                PROVIDE (__fini_array_start = .)
 *(SORT_BY_NAME(.fini_array.*))
 *(.fini_array*)
 .fini_array    0x00000000080087ac        0x4 /usr/lib/gcc/arm-none-eabi/10.3.1/thumb/v7e-m/nofp/crtbegin.o
                0x00000000080087b0                PROVIDE (__fini_array_end = .)
                0x00000000080087b0                . = ALIGN (0x4)
                0x00000000080087b0                _sidata = LOADADDR (.data)

.data           0x0000000020000000      0x850 load address 0x00000000080087b0
                0x0000000020000000                . = ALIGN (0x4)
                0x0000000020000000                _sdata = .
 *(.data)
 .data          0x0000000020000000       0x10 objdir-CW308_STM32F4/simpleserial.o
 .data          0x0000000020000010      0x430 /usr/lib/gcc/arm-none-eabi/10.3.1/../../../arm-none-eabi/lib/thumb/v7e-m/nofp/libg.a(lib_a-impure.o)
                0x0000000020000010                _impure_ptr
 .data          0x0000000020000440      0x410 /usr/lib/gcc/arm-none-eabi/10.3.1/../../../arm-none-eabi/lib/thumb/v7e-m/nofp/libg.a(lib_a-mallocr.o)
                0x0000000020000440                __malloc_av_
                0x0000000020000848                __malloc_sbrk_base
                0x000000002000084c                __malloc_trim_threshold
 *(.data*)
                0x0000000020000850                . = ALIGN (0x4)
                0x0000000020000850                _edata = .

.tm_clone_table
                0x0000000020000850        0x0 load address 0x0000000008009000
 .tm_clone_table
                0x0000000020000850        0x0 /usr/lib/gcc/arm-none-eabi/10.3.1/thumb/v7e-m/nofp/crtbegin.o
 .tm_clone_table
                0x0000000020000850        0x0 /usr/lib/gcc/arm-none-eabi/10.3.1/thumb/v7e-m/nofp/crtend.o

.igot.plt       0x0000000020000850        0x0 load address 0x0000000008009000
 .igot.plt      0x0000000020000850        0x0 /usr/lib/gcc/arm-none-eabi/10.3.1/thumb/v7e-m/nofp/crtbegin.o
                0x0000000020000850                . = ALIGN (0x4)

.bss            0x0000000020000850      0xefc load address 0x0000000008009000
                0x0000000020000850                _sbss = .
                0x0000000020000850                __bss_start__ = _sbss
 *(.bss)
 .bss           0x0000000020000850       0x1c /usr/lib/gcc/arm-none-eabi/10.3.1/thumb/v7e-m/nofp/crtbegin.o
 .bss           0x000000002000086c      0xd00 objdir-CW308_STM32F4/main.o
                0x000000002000086c                pk
                0x0000000020000b8c                sk
                0x00000000200011ec                m
                0x000000002000120c                ct
                0x000000002000150c                ss
                0x000000002000152c                buf
 .bss           0x000000002000156c      0x104 objdir-CW308_STM32F4/simpleserial.o
 .bss           0x0000000020001670       0x9c objdir-CW308_STM32F4/stm32f4_hal.o
                0x0000000020001670                RngHandle
                0x000000002000167c                UartHandle
                0x00000000200016bc                hw_key
 .bss           0x000000002000170c        0x4 objdir-CW308_STM32F4/stm32f4_hal_lowlevel.o
 .bss           0x0000000020001710        0x4 objdir-CW308_STM32F4/stm32f4_sysmem.o
 .bss           0x0000000020001714       0x34 /usr/lib/gcc/arm-none-eabi/10.3.1/../../../arm-none-eabi/lib/thumb/v7e-m/nofp/libg.a(lib_a-mallocr.o)
                0x0000000020001714                __malloc_top_pad
                0x0000000020001718                __malloc_current_mallinfo
                0x0000000020001740                __malloc_max_sbrked_mem
                0x0000000020001744                __malloc_max_total_mem
 .bss           0x0000000020001748        0x4 /usr/lib/gcc/arm-none-eabi/10.3.1/../../../arm-none-eabi/lib/thumb/v7e-m/nofp/libg.a(lib_a-reent.o)
                0x0000000020001748                errno
 *(.bss*)
 *(COMMON)
                0x000000002000174c                . = ALIGN (0x4)
                0x000000002000174c                _ebss = .
                0x000000002000174c                __bss_end__ = _ebss

._user_heap_stack
                0x000000002000174c      0x404 load address 0x0000000008009000
                0x0000000020001750                . = ALIGN (0x8)
 *fill*         0x000000002000174c        0x4 
                0x0000000020001750                PROVIDE (end = .)
                [!provide]                        PROVIDE (_end = .)
                0x0000000020001750                . = (. + _Min_Heap_Size)
                0x0000000020001b50                . = (. + _Min_Stack_Size)
 *fill*         0x0000000020001750      0x400 
                0x0000000020001b50                . = ALIGN (0x8)

/DISCARD/
 libc.a(*)
 libm.a(*)
 libgcc.a(*)

.ARM.attributes
                0x0000000000000000       0x2a
 *(.ARM.attributes)
 .ARM.attributes
                0x0000000000000000       0x1e /usr/lib/gcc/arm-none-eabi/10.3.1/thumb/v7e-m/nofp/crti.o
 .ARM.attributes
                0x000000000000001e       0x2e /usr/lib/gcc/arm-none-eabi/10.3.1/thumb/v7e-m/nofp/crtbegin.o
 .ARM.attributes
                0x000000000000004c       0x2e objdir-CW308_STM32F4/cbd.o
 .ARM.attributes
                0x000000000000007a       0x2e objdir-CW308_STM32F4/fips202.o
 .ARM.attributes
                0x00000000000000a8       0x2e objdir-CW308_STM32F4/indcpa.o
 .ARM.attributes
                0x00000000000000d6       0x2e objdir-CW308_STM32F4/kem.o
 .ARM.attributes
                0x0000000000000104       0x2e objdir-CW308_STM32F4/main.o
 .ARM.attributes
                0x0000000000000132       0x2e objdir-CW308_STM32F4/ntt.o
 .ARM.attributes
                0x0000000000000160       0x2e objdir-CW308_STM32F4/poly.o
 .ARM.attributes
                0x000000000000018e       0x2e objdir-CW308_STM32F4/polyvec.o
 .ARM.attributes
                0x00000000000001bc       0x2e objdir-CW308_STM32F4/reduce.o
 .ARM.attributes
                0x00000000000001ea       0x2e objdir-CW308_STM32F4/symmetric-shake.o
 .ARM.attributes
                0x0000000000000218       0x2e objdir-CW308_STM32F4/verify.o
 .ARM.attributes
                0x0000000000000246       0x2e objdir-CW308_STM32F4/simpleserial.o
 .ARM.attributes
                0x0000000000000274       0x2e objdir-CW308_STM32F4/stm32f4_hal.o
 .ARM.attributes
                0x00000000000002a2       0x2e objdir-CW308_STM32F4/stm32f4_hal_lowlevel.o
 .ARM.attributes
                0x00000000000002d0       0x2e objdir-CW308_STM32F4/stm32f4_sysmem.o
 .ARM.attributes
                0x00000000000002fe       0x2e objdir-CW308_STM32F4/stm32f4xx_hal_rng.o
 .ARM.attributes
                0x000000000000032c       0x21 objdir-CW308_STM32F4/stm32f4_startup.o
 .ARM.attributes
                0x000000000000034d       0x2e /usr/lib/gcc/arm-none-eabi/10.3.1/../../../arm-none-eabi/lib/thumb/v7e-m/nofp/libg.a(lib_a-atexit.o)
 .ARM.attributes
                0x000000000000037b       0x2e /usr/lib/gcc/arm-none-eabi/10.3.1/../../../arm-none-eabi/lib/thumb/v7e-m/nofp/libg.a(lib_a-errno.o)
 .ARM.attributes
                0x00000000000003a9       0x2e /usr/lib/gcc/arm-none-eabi/10.3.1/../../../arm-none-eabi/lib/thumb/v7e-m/nofp/libg.a(lib_a-exit.o)
 .ARM.attributes
                0x00000000000003d7       0x2e /usr/lib/gcc/arm-none-eabi/10.3.1/../../../arm-none-eabi/lib/thumb/v7e-m/nofp/libg.a(lib_a-fini.o)
 .ARM.attributes
                0x0000000000000405       0x2e /usr/lib/gcc/arm-none-eabi/10.3.1/../../../arm-none-eabi/lib/thumb/v7e-m/nofp/libg.a(lib_a-impure.o)
 .ARM.attributes
                0x0000000000000433       0x2e /usr/lib/gcc/arm-none-eabi/10.3.1/../../../arm-none-eabi/lib/thumb/v7e-m/nofp/libg.a(lib_a-init.o)
 .ARM.attributes
                0x0000000000000461       0x2e /usr/lib/gcc/arm-none-eabi/10.3.1/../../../arm-none-eabi/lib/thumb/v7e-m/nofp/libg.a(lib_a-malloc.o)
 .ARM.attributes
                0x000000000000048f       0x2e /usr/lib/gcc/arm-none-eabi/10.3.1/../../../arm-none-eabi/lib/thumb/v7e-m/nofp/libg.a(lib_a-mallocr.o)
 .ARM.attributes
                0x00000000000004bd       0x1c /usr/lib/gcc/arm-none-eabi/10.3.1/../../../arm-none-eabi/lib/thumb/v7e-m/nofp/libg.a(lib_a-memcpy.o)
 .ARM.attributes
                0x00000000000004d9       0x2e /usr/lib/gcc/arm-none-eabi/10.3.1/../../../arm-none-eabi/lib/thumb/v7e-m/nofp/libg.a(lib_a-mlock.o)
 .ARM.attributes
                0x0000000000000507       0x2e /usr/lib/gcc/arm-none-eabi/10.3.1/../../../arm-none-eabi/lib/thumb/v7e-m/nofp/libg.a(lib_a-sbrkr.o)
 .ARM.attributes
                0x0000000000000535       0x2e /usr/lib/gcc/arm-none-eabi/10.3.1/../../../arm-none-eabi/lib/thumb/v7e-m/nofp/libg.a(lib_a-__atexit.o)
 .ARM.attributes
                0x0000000000000563       0x2e /usr/lib/gcc/arm-none-eabi/10.3.1/../../../arm-none-eabi/lib/thumb/v7e-m/nofp/libg.a(lib_a-__call_atexit.o)
 .ARM.attributes
                0x0000000000000591       0x2e /usr/lib/gcc/arm-none-eabi/10.3.1/../../../arm-none-eabi/lib/thumb/v7e-m/nofp/libg.a(lib_a-freer.o)
 .ARM.attributes
                0x00000000000005bf       0x2e /usr/lib/gcc/arm-none-eabi/10.3.1/../../../arm-none-eabi/lib/thumb/v7e-m/nofp/libg.a(lib_a-reent.o)
 .ARM.attributes
                0x00000000000005ed       0x2e /usr/lib/gcc/arm-none-eabi/10.3.1/../../../arm-none-eabi/lib/thumb/v7e-m/nofp/libnosys.a(_exit.o)
 .ARM.attributes
                0x000000000000061b       0x2e /usr/lib/gcc/arm-none-eabi/10.3.1/thumb/v7e-m/nofp/crtend.o
 .ARM.attributes
                0x0000000000000649       0x1e /usr/lib/gcc/arm-none-eabi/10.3.1/thumb/v7e-m/nofp/crtn.o
OUTPUT(simple-test-CW308_STM32F4.elf elf32-littlearm)
LOAD linker stubs
LOAD /usr/lib/gcc/arm-none-eabi/10.3.1/../../../arm-none-eabi/lib/thumb/v7e-m/nofp/libc.a
LOAD /usr/lib/gcc/arm-none-eabi/10.3.1/../../../arm-none-eabi/lib/thumb/v7e-m/nofp/libm.a
LOAD /usr/lib/gcc/arm-none-eabi/10.3.1/thumb/v7e-m/nofp/libgcc.a

.comment        0x0000000000000000       0x33
 .comment       0x0000000000000000       0x33 /usr/lib/gcc/arm-none-eabi/10.3.1/thumb/v7e-m/nofp/crtbegin.o
                                         0x34 (size before relaxing)
 .comment       0x0000000000000033       0x34 objdir-CW308_STM32F4/cbd.o
 .comment       0x0000000000000033       0x34 objdir-CW308_STM32F4/fips202.o
 .comment       0x0000000000000033       0x34 objdir-CW308_STM32F4/indcpa.o
 .comment       0x0000000000000033       0x34 objdir-CW308_STM32F4/kem.o
 .comment       0x0000000000000033       0x34 objdir-CW308_STM32F4/main.o
 .comment       0x0000000000000033       0x34 objdir-CW308_STM32F4/ntt.o
 .comment       0x0000000000000033       0x34 objdir-CW308_STM32F4/poly.o
 .comment       0x0000000000000033       0x34 objdir-CW308_STM32F4/polyvec.o
 .comment       0x0000000000000033       0x34 objdir-CW308_STM32F4/reduce.o
 .comment       0x0000000000000033       0x34 objdir-CW308_STM32F4/symmetric-shake.o
 .comment       0x0000000000000033       0x34 objdir-CW308_STM32F4/verify.o
 .comment       0x0000000000000033       0x34 objdir-CW308_STM32F4/simpleserial.o
 .comment       0x0000000000000033       0x34 objdir-CW308_STM32F4/stm32f4_hal.o
 .comment       0x0000000000000033       0x34 objdir-CW308_STM32F4/stm32f4_hal_lowlevel.o
 .comment       0x0000000000000033       0x34 objdir-CW308_STM32F4/stm32f4_sysmem.o
 .comment       0x0000000000000033       0x34 objdir-CW308_STM32F4/stm32f4xx_hal_rng.o
 .comment       0x0000000000000033       0x34 /usr/lib/gcc/arm-none-eabi/10.3.1/../../../arm-none-eabi/lib/thumb/v7e-m/nofp/libg.a(lib_a-atexit.o)
 .comment       0x0000000000000033       0x34 /usr/lib/gcc/arm-none-eabi/10.3.1/../../../arm-none-eabi/lib/thumb/v7e-m/nofp/libg.a(lib_a-errno.o)
 .comment       0x0000000000000033       0x34 /usr/lib/gcc/arm-none-eabi/10.3.1/../../../arm-none-eabi/lib/thumb/v7e-m/nofp/libg.a(lib_a-exit.o)
 .comment       0x0000000000000033       0x34 /usr/lib/gcc/arm-none-eabi/10.3.1/../../../arm-none-eabi/lib/thumb/v7e-m/nofp/libg.a(lib_a-fini.o)
 .comment       0x0000000000000033       0x34 /usr/lib/gcc/arm-none-eabi/10.3.1/../../../arm-none-eabi/lib/thumb/v7e-m/nofp/libg.a(lib_a-impure.o)
 .comment       0x0000000000000033       0x34 /usr/lib/gcc/arm-none-eabi/10.3.1/../../../arm-none-eabi/lib/thumb/v7e-m/nofp/libg.a(lib_a-init.o)
 .comment       0x0000000000000033       0x34 /usr/lib/gcc/arm-none-eabi/10.3.1/../../../arm-none-eabi/lib/thumb/v7e-m/nofp/libg.a(lib_a-malloc.o)
 .comment       0x0000000000000033       0x34 /usr/lib/gcc/arm-none-eabi/10.3.1/../../../arm-none-eabi/lib/thumb/v7e-m/nofp/libg.a(lib_a-mallocr.o)
 .comment       0x0000000000000033       0x34 /usr/lib/gcc/arm-none-eabi/10.3.1/../../../arm-none-eabi/lib/thumb/v7e-m/nofp/libg.a(lib_a-mlock.o)
 .comment       0x0000000000000033       0x34 /usr/lib/gcc/arm-none-eabi/10.3.1/../../../arm-none-eabi/lib/thumb/v7e-m/nofp/libg.a(lib_a-sbrkr.o)
 .comment       0x0000000000000033       0x34 /usr/lib/gcc/arm-none-eabi/10.3.1/../../../arm-none-eabi/lib/thumb/v7e-m/nofp/libg.a(lib_a-__atexit.o)
 .comment       0x0000000000000033       0x34 /usr/lib/gcc/arm-none-eabi/10.3.1/../../../arm-none-eabi/lib/thumb/v7e-m/nofp/libg.a(lib_a-__call_atexit.o)
 .comment       0x0000000000000033       0x34 /usr/lib/gcc/arm-none-eabi/10.3.1/../../../arm-none-eabi/lib/thumb/v7e-m/nofp/libg.a(lib_a-freer.o)
 .comment       0x0000000000000033       0x34 /usr/lib/gcc/arm-none-eabi/10.3.1/../../../arm-none-eabi/lib/thumb/v7e-m/nofp/libg.a(lib_a-reent.o)
 .comment       0x0000000000000033       0x34 /usr/lib/gcc/arm-none-eabi/10.3.1/../../../arm-none-eabi/lib/thumb/v7e-m/nofp/libnosys.a(_exit.o)
 .comment       0x0000000000000033       0x34 /usr/lib/gcc/arm-none-eabi/10.3.1/thumb/v7e-m/nofp/crtend.o

.debug_info     0x0000000000000000     0xe4a8
 .debug_info    0x0000000000000000      0x2c3 objdir-CW308_STM32F4/cbd.o
 .debug_info    0x00000000000002c3     0x1511 objdir-CW308_STM32F4/fips202.o
 .debug_info    0x00000000000017d4      0x701 objdir-CW308_STM32F4/indcpa.o
 .debug_info    0x0000000000001ed5      0x2c8 objdir-CW308_STM32F4/kem.o
 .debug_info    0x000000000000219d      0x289 objdir-CW308_STM32F4/main.o
 .debug_info    0x0000000000002426      0x258 objdir-CW308_STM32F4/ntt.o
 .debug_info    0x000000000000267e      0x5e0 objdir-CW308_STM32F4/poly.o
 .debug_info    0x0000000000002c5e      0x3ed objdir-CW308_STM32F4/polyvec.o
 .debug_info    0x000000000000304b      0x10a objdir-CW308_STM32F4/reduce.o
 .debug_info    0x0000000000003155      0x24a objdir-CW308_STM32F4/symmetric-shake.o
 .debug_info    0x000000000000339f      0x163 objdir-CW308_STM32F4/verify.o
 .debug_info    0x0000000000003502      0x5a4 objdir-CW308_STM32F4/simpleserial.o
 .debug_info    0x0000000000003aa6     0x12cb objdir-CW308_STM32F4/stm32f4_hal.o
 .debug_info    0x0000000000004d71     0x1a2c objdir-CW308_STM32F4/stm32f4_hal_lowlevel.o
 .debug_info    0x000000000000679d       0xf4 objdir-CW308_STM32F4/stm32f4_sysmem.o
 .debug_info    0x0000000000006891      0x4b7 objdir-CW308_STM32F4/stm32f4xx_hal_rng.o
 .debug_info    0x0000000000006d48      0x100 /usr/lib/gcc/arm-none-eabi/10.3.1/../../../arm-none-eabi/lib/thumb/v7e-m/nofp/libg.a(lib_a-atexit.o)
 .debug_info    0x0000000000006e48      0x914 /usr/lib/gcc/arm-none-eabi/10.3.1/../../../arm-none-eabi/lib/thumb/v7e-m/nofp/libg.a(lib_a-errno.o)
 .debug_info    0x000000000000775c      0x969 /usr/lib/gcc/arm-none-eabi/10.3.1/../../../arm-none-eabi/lib/thumb/v7e-m/nofp/libg.a(lib_a-exit.o)
 .debug_info    0x00000000000080c5      0x102 /usr/lib/gcc/arm-none-eabi/10.3.1/../../../arm-none-eabi/lib/thumb/v7e-m/nofp/libg.a(lib_a-fini.o)
 .debug_info    0x00000000000081c7      0x92a /usr/lib/gcc/arm-none-eabi/10.3.1/../../../arm-none-eabi/lib/thumb/v7e-m/nofp/libg.a(lib_a-impure.o)
 .debug_info    0x0000000000008af1      0x11a /usr/lib/gcc/arm-none-eabi/10.3.1/../../../arm-none-eabi/lib/thumb/v7e-m/nofp/libg.a(lib_a-init.o)
 .debug_info    0x0000000000008c0b      0x998 /usr/lib/gcc/arm-none-eabi/10.3.1/../../../arm-none-eabi/lib/thumb/v7e-m/nofp/libg.a(lib_a-malloc.o)
 .debug_info    0x00000000000095a3      0xe95 /usr/lib/gcc/arm-none-eabi/10.3.1/../../../arm-none-eabi/lib/thumb/v7e-m/nofp/libg.a(lib_a-mallocr.o)
 .debug_info    0x000000000000a438       0x26 /usr/lib/gcc/arm-none-eabi/10.3.1/../../../arm-none-eabi/lib/thumb/v7e-m/nofp/libg.a(lib_a-memcpy.o)
 .debug_info    0x000000000000a45e      0x942 /usr/lib/gcc/arm-none-eabi/10.3.1/../../../arm-none-eabi/lib/thumb/v7e-m/nofp/libg.a(lib_a-mlock.o)
 .debug_info    0x000000000000ada0      0x98e /usr/lib/gcc/arm-none-eabi/10.3.1/../../../arm-none-eabi/lib/thumb/v7e-m/nofp/libg.a(lib_a-sbrkr.o)
 .debug_info    0x000000000000b72e      0x9b0 /usr/lib/gcc/arm-none-eabi/10.3.1/../../../arm-none-eabi/lib/thumb/v7e-m/nofp/libg.a(lib_a-__atexit.o)
 .debug_info    0x000000000000c0de      0xa3d /usr/lib/gcc/arm-none-eabi/10.3.1/../../../arm-none-eabi/lib/thumb/v7e-m/nofp/libg.a(lib_a-__call_atexit.o)
 .debug_info    0x000000000000cb1b      0xd10 /usr/lib/gcc/arm-none-eabi/10.3.1/../../../arm-none-eabi/lib/thumb/v7e-m/nofp/libg.a(lib_a-freer.o)
 .debug_info    0x000000000000d82b      0xbda /usr/lib/gcc/arm-none-eabi/10.3.1/../../../arm-none-eabi/lib/thumb/v7e-m/nofp/libg.a(lib_a-reent.o)
 .debug_info    0x000000000000e405       0xa3 /usr/lib/gcc/arm-none-eabi/10.3.1/../../../arm-none-eabi/lib/thumb/v7e-m/nofp/libnosys.a(_exit.o)

.debug_abbrev   0x0000000000000000     0x31f5
 .debug_abbrev  0x0000000000000000      0x10b objdir-CW308_STM32F4/cbd.o
 .debug_abbrev  0x000000000000010b      0x192 objdir-CW308_STM32F4/fips202.o
 .debug_abbrev  0x000000000000029d      0x1e1 objdir-CW308_STM32F4/indcpa.o
 .debug_abbrev  0x000000000000047e       0xe4 objdir-CW308_STM32F4/kem.o
 .debug_abbrev  0x0000000000000562      0x113 objdir-CW308_STM32F4/main.o
 .debug_abbrev  0x0000000000000675       0xf9 objdir-CW308_STM32F4/ntt.o
 .debug_abbrev  0x000000000000076e      0x151 objdir-CW308_STM32F4/poly.o
 .debug_abbrev  0x00000000000008bf      0x102 objdir-CW308_STM32F4/polyvec.o
 .debug_abbrev  0x00000000000009c1       0x9e objdir-CW308_STM32F4/reduce.o
 .debug_abbrev  0x0000000000000a5f       0xe4 objdir-CW308_STM32F4/symmetric-shake.o
 .debug_abbrev  0x0000000000000b43       0xa5 objdir-CW308_STM32F4/verify.o
 .debug_abbrev  0x0000000000000be8      0x1f3 objdir-CW308_STM32F4/simpleserial.o
 .debug_abbrev  0x0000000000000ddb      0x1ff objdir-CW308_STM32F4/stm32f4_hal.o
 .debug_abbrev  0x0000000000000fda      0x35c objdir-CW308_STM32F4/stm32f4_hal_lowlevel.o
 .debug_abbrev  0x0000000000001336       0xa9 objdir-CW308_STM32F4/stm32f4_sysmem.o
 .debug_abbrev  0x00000000000013df      0x1ee objdir-CW308_STM32F4/stm32f4xx_hal_rng.o
 .debug_abbrev  0x00000000000015cd       0xb7 /usr/lib/gcc/arm-none-eabi/10.3.1/../../../arm-none-eabi/lib/thumb/v7e-m/nofp/libg.a(lib_a-atexit.o)
 .debug_abbrev  0x0000000000001684      0x1be /usr/lib/gcc/arm-none-eabi/10.3.1/../../../arm-none-eabi/lib/thumb/v7e-m/nofp/libg.a(lib_a-errno.o)
 .debug_abbrev  0x0000000000001842      0x20c /usr/lib/gcc/arm-none-eabi/10.3.1/../../../arm-none-eabi/lib/thumb/v7e-m/nofp/libg.a(lib_a-exit.o)
 .debug_abbrev  0x0000000000001a4e       0xcf /usr/lib/gcc/arm-none-eabi/10.3.1/../../../arm-none-eabi/lib/thumb/v7e-m/nofp/libg.a(lib_a-fini.o)
 .debug_abbrev  0x0000000000001b1d      0x1b8 /usr/lib/gcc/arm-none-eabi/10.3.1/../../../arm-none-eabi/lib/thumb/v7e-m/nofp/libg.a(lib_a-impure.o)
 .debug_abbrev  0x0000000000001cd5       0xcc /usr/lib/gcc/arm-none-eabi/10.3.1/../../../arm-none-eabi/lib/thumb/v7e-m/nofp/libg.a(lib_a-init.o)
 .debug_abbrev  0x0000000000001da1      0x21d /usr/lib/gcc/arm-none-eabi/10.3.1/../../../arm-none-eabi/lib/thumb/v7e-m/nofp/libg.a(lib_a-malloc.o)
 .debug_abbrev  0x0000000000001fbe      0x2f6 /usr/lib/gcc/arm-none-eabi/10.3.1/../../../arm-none-eabi/lib/thumb/v7e-m/nofp/libg.a(lib_a-mallocr.o)
 .debug_abbrev  0x00000000000022b4       0x14 /usr/lib/gcc/arm-none-eabi/10.3.1/../../../arm-none-eabi/lib/thumb/v7e-m/nofp/libg.a(lib_a-memcpy.o)
 .debug_abbrev  0x00000000000022c8      0x1f0 /usr/lib/gcc/arm-none-eabi/10.3.1/../../../arm-none-eabi/lib/thumb/v7e-m/nofp/libg.a(lib_a-mlock.o)
 .debug_abbrev  0x00000000000024b8      0x23d /usr/lib/gcc/arm-none-eabi/10.3.1/../../../arm-none-eabi/lib/thumb/v7e-m/nofp/libg.a(lib_a-sbrkr.o)
 .debug_abbrev  0x00000000000026f5      0x23f /usr/lib/gcc/arm-none-eabi/10.3.1/../../../arm-none-eabi/lib/thumb/v7e-m/nofp/libg.a(lib_a-__atexit.o)
 .debug_abbrev  0x0000000000002934      0x2b2 /usr/lib/gcc/arm-none-eabi/10.3.1/../../../arm-none-eabi/lib/thumb/v7e-m/nofp/libg.a(lib_a-__call_atexit.o)
 .debug_abbrev  0x0000000000002be6      0x2b1 /usr/lib/gcc/arm-none-eabi/10.3.1/../../../arm-none-eabi/lib/thumb/v7e-m/nofp/libg.a(lib_a-freer.o)
 .debug_abbrev  0x0000000000002e97      0x2f4 /usr/lib/gcc/arm-none-eabi/10.3.1/../../../arm-none-eabi/lib/thumb/v7e-m/nofp/libg.a(lib_a-reent.o)
 .debug_abbrev  0x000000000000318b       0x6a /usr/lib/gcc/arm-none-eabi/10.3.1/../../../arm-none-eabi/lib/thumb/v7e-m/nofp/libnosys.a(_exit.o)

.debug_loc      0x0000000000000000     0x5216
 .debug_loc     0x0000000000000000      0x1f8 objdir-CW308_STM32F4/cbd.o
 .debug_loc     0x00000000000001f8      0xfa6 objdir-CW308_STM32F4/fips202.o
 .debug_loc     0x000000000000119e      0x391 objdir-CW308_STM32F4/indcpa.o
 .debug_loc     0x000000000000152f      0x196 objdir-CW308_STM32F4/kem.o
 .debug_loc     0x00000000000016c5       0x7c objdir-CW308_STM32F4/main.o
 .debug_loc     0x0000000000001741      0x140 objdir-CW308_STM32F4/ntt.o
 .debug_loc     0x0000000000001881      0x514 objdir-CW308_STM32F4/poly.o
 .debug_loc     0x0000000000001d95      0x2ea objdir-CW308_STM32F4/polyvec.o
 .debug_loc     0x000000000000207f       0xb8 objdir-CW308_STM32F4/reduce.o
 .debug_loc     0x0000000000002137       0xf4 objdir-CW308_STM32F4/symmetric-shake.o
 .debug_loc     0x000000000000222b       0xb8 objdir-CW308_STM32F4/verify.o
 .debug_loc     0x00000000000022e3      0x330 objdir-CW308_STM32F4/simpleserial.o
 .debug_loc     0x0000000000002613      0x432 objdir-CW308_STM32F4/stm32f4_hal.o
 .debug_loc     0x0000000000002a45      0x624 objdir-CW308_STM32F4/stm32f4_hal_lowlevel.o
 .debug_loc     0x0000000000003069       0x50 objdir-CW308_STM32F4/stm32f4_sysmem.o
 .debug_loc     0x00000000000030b9      0x470 objdir-CW308_STM32F4/stm32f4xx_hal_rng.o
 .debug_loc     0x0000000000003529       0x32 /usr/lib/gcc/arm-none-eabi/10.3.1/../../../arm-none-eabi/lib/thumb/v7e-m/nofp/libg.a(lib_a-atexit.o)
 .debug_loc     0x000000000000355b       0x22 /usr/lib/gcc/arm-none-eabi/10.3.1/../../../arm-none-eabi/lib/thumb/v7e-m/nofp/libg.a(lib_a-exit.o)
 .debug_loc     0x000000000000357d       0x68 /usr/lib/gcc/arm-none-eabi/10.3.1/../../../arm-none-eabi/lib/thumb/v7e-m/nofp/libg.a(lib_a-fini.o)
 .debug_loc     0x00000000000035e5       0xba /usr/lib/gcc/arm-none-eabi/10.3.1/../../../arm-none-eabi/lib/thumb/v7e-m/nofp/libg.a(lib_a-init.o)
 .debug_loc     0x000000000000369f       0x64 /usr/lib/gcc/arm-none-eabi/10.3.1/../../../arm-none-eabi/lib/thumb/v7e-m/nofp/libg.a(lib_a-malloc.o)
 .debug_loc     0x0000000000003703      0xea2 /usr/lib/gcc/arm-none-eabi/10.3.1/../../../arm-none-eabi/lib/thumb/v7e-m/nofp/libg.a(lib_a-mallocr.o)
 .debug_loc     0x00000000000045a5       0x6c /usr/lib/gcc/arm-none-eabi/10.3.1/../../../arm-none-eabi/lib/thumb/v7e-m/nofp/libg.a(lib_a-sbrkr.o)
 .debug_loc     0x0000000000004611      0x138 /usr/lib/gcc/arm-none-eabi/10.3.1/../../../arm-none-eabi/lib/thumb/v7e-m/nofp/libg.a(lib_a-__atexit.o)
 .debug_loc     0x0000000000004749      0x1ae /usr/lib/gcc/arm-none-eabi/10.3.1/../../../arm-none-eabi/lib/thumb/v7e-m/nofp/libg.a(lib_a-__call_atexit.o)
 .debug_loc     0x00000000000048f7      0x6cc /usr/lib/gcc/arm-none-eabi/10.3.1/../../../arm-none-eabi/lib/thumb/v7e-m/nofp/libg.a(lib_a-freer.o)
 .debug_loc     0x0000000000004fc3      0x23e /usr/lib/gcc/arm-none-eabi/10.3.1/../../../arm-none-eabi/lib/thumb/v7e-m/nofp/libg.a(lib_a-reent.o)
 .debug_loc     0x0000000000005201       0x15 /usr/lib/gcc/arm-none-eabi/10.3.1/../../../arm-none-eabi/lib/thumb/v7e-m/nofp/libnosys.a(_exit.o)

.debug_aranges  0x0000000000000000      0x8a8
 .debug_aranges
                0x0000000000000000       0x48 objdir-CW308_STM32F4/cbd.o
 .debug_aranges
                0x0000000000000048      0x1a0 objdir-CW308_STM32F4/fips202.o
 .debug_aranges
                0x00000000000001e8       0x70 objdir-CW308_STM32F4/indcpa.o
 .debug_aranges
                0x0000000000000258       0x40 objdir-CW308_STM32F4/kem.o
 .debug_aranges
                0x0000000000000298       0x28 objdir-CW308_STM32F4/main.o
 .debug_aranges
                0x00000000000002c0       0x38 objdir-CW308_STM32F4/ntt.o
 .debug_aranges
                0x00000000000002f8       0x90 objdir-CW308_STM32F4/poly.o
 .debug_aranges
                0x0000000000000388       0x60 objdir-CW308_STM32F4/polyvec.o
 .debug_aranges
                0x00000000000003e8       0x28 objdir-CW308_STM32F4/reduce.o
 .debug_aranges
                0x0000000000000410       0x30 objdir-CW308_STM32F4/symmetric-shake.o
 .debug_aranges
                0x0000000000000440       0x28 objdir-CW308_STM32F4/verify.o
 .debug_aranges
                0x0000000000000468       0x68 objdir-CW308_STM32F4/simpleserial.o
 .debug_aranges
                0x00000000000004d0       0x88 objdir-CW308_STM32F4/stm32f4_hal.o
 .debug_aranges
                0x0000000000000558       0xb0 objdir-CW308_STM32F4/stm32f4_hal_lowlevel.o
 .debug_aranges
                0x0000000000000608       0x20 objdir-CW308_STM32F4/stm32f4_sysmem.o
 .debug_aranges
                0x0000000000000628       0x80 objdir-CW308_STM32F4/stm32f4xx_hal_rng.o
 .debug_aranges
                0x00000000000006a8       0x20 /usr/lib/gcc/arm-none-eabi/10.3.1/../../../arm-none-eabi/lib/thumb/v7e-m/nofp/libg.a(lib_a-atexit.o)
 .debug_aranges
                0x00000000000006c8       0x20 /usr/lib/gcc/arm-none-eabi/10.3.1/../../../arm-none-eabi/lib/thumb/v7e-m/nofp/libg.a(lib_a-errno.o)
 .debug_aranges
                0x00000000000006e8       0x20 /usr/lib/gcc/arm-none-eabi/10.3.1/../../../arm-none-eabi/lib/thumb/v7e-m/nofp/libg.a(lib_a-exit.o)
 .debug_aranges
                0x0000000000000708       0x20 /usr/lib/gcc/arm-none-eabi/10.3.1/../../../arm-none-eabi/lib/thumb/v7e-m/nofp/libg.a(lib_a-fini.o)
 .debug_aranges
                0x0000000000000728       0x18 /usr/lib/gcc/arm-none-eabi/10.3.1/../../../arm-none-eabi/lib/thumb/v7e-m/nofp/libg.a(lib_a-impure.o)
 .debug_aranges
                0x0000000000000740       0x20 /usr/lib/gcc/arm-none-eabi/10.3.1/../../../arm-none-eabi/lib/thumb/v7e-m/nofp/libg.a(lib_a-init.o)
 .debug_aranges
                0x0000000000000760       0x20 /usr/lib/gcc/arm-none-eabi/10.3.1/../../../arm-none-eabi/lib/thumb/v7e-m/nofp/libg.a(lib_a-malloc.o)
 .debug_aranges
                0x0000000000000780       0x20 /usr/lib/gcc/arm-none-eabi/10.3.1/../../../arm-none-eabi/lib/thumb/v7e-m/nofp/libg.a(lib_a-mallocr.o)
 .debug_aranges
                0x00000000000007a0       0x20 /usr/lib/gcc/arm-none-eabi/10.3.1/../../../arm-none-eabi/lib/thumb/v7e-m/nofp/libg.a(lib_a-memcpy.o)
 .debug_aranges
                0x00000000000007c0       0x20 /usr/lib/gcc/arm-none-eabi/10.3.1/../../../arm-none-eabi/lib/thumb/v7e-m/nofp/libg.a(lib_a-mlock.o)
 .debug_aranges
                0x00000000000007e0       0x20 /usr/lib/gcc/arm-none-eabi/10.3.1/../../../arm-none-eabi/lib/thumb/v7e-m/nofp/libg.a(lib_a-sbrkr.o)
 .debug_aranges
                0x0000000000000800       0x20 /usr/lib/gcc/arm-none-eabi/10.3.1/../../../arm-none-eabi/lib/thumb/v7e-m/nofp/libg.a(lib_a-__atexit.o)
 .debug_aranges
                0x0000000000000820       0x28 /usr/lib/gcc/arm-none-eabi/10.3.1/../../../arm-none-eabi/lib/thumb/v7e-m/nofp/libg.a(lib_a-__call_atexit.o)
 .debug_aranges
                0x0000000000000848       0x20 /usr/lib/gcc/arm-none-eabi/10.3.1/../../../arm-none-eabi/lib/thumb/v7e-m/nofp/libg.a(lib_a-freer.o)
 .debug_aranges
                0x0000000000000868       0x20 /usr/lib/gcc/arm-none-eabi/10.3.1/../../../arm-none-eabi/lib/thumb/v7e-m/nofp/libg.a(lib_a-reent.o)
 .debug_aranges
                0x0000000000000888       0x20 /usr/lib/gcc/arm-none-eabi/10.3.1/../../../arm-none-eabi/lib/thumb/v7e-m/nofp/libnosys.a(_exit.o)

.debug_ranges   0x0000000000000000      0x690
 .debug_ranges  0x0000000000000000       0x38 objdir-CW308_STM32F4/cbd.o
 .debug_ranges  0x0000000000000038      0x190 objdir-CW308_STM32F4/fips202.o
 .debug_ranges  0x00000000000001c8       0x60 objdir-CW308_STM32F4/indcpa.o
 .debug_ranges  0x0000000000000228       0x30 objdir-CW308_STM32F4/kem.o
 .debug_ranges  0x0000000000000258       0x18 objdir-CW308_STM32F4/main.o
 .debug_ranges  0x0000000000000270       0x28 objdir-CW308_STM32F4/ntt.o
 .debug_ranges  0x0000000000000298       0x80 objdir-CW308_STM32F4/poly.o
 .debug_ranges  0x0000000000000318       0x50 objdir-CW308_STM32F4/polyvec.o
 .debug_ranges  0x0000000000000368       0x18 objdir-CW308_STM32F4/reduce.o
 .debug_ranges  0x0000000000000380       0x20 objdir-CW308_STM32F4/symmetric-shake.o
 .debug_ranges  0x00000000000003a0       0x18 objdir-CW308_STM32F4/verify.o
 .debug_ranges  0x00000000000003b8       0x88 objdir-CW308_STM32F4/simpleserial.o
 .debug_ranges  0x0000000000000440       0x78 objdir-CW308_STM32F4/stm32f4_hal.o
 .debug_ranges  0x00000000000004b8       0xa0 objdir-CW308_STM32F4/stm32f4_hal_lowlevel.o
 .debug_ranges  0x0000000000000558       0x10 objdir-CW308_STM32F4/stm32f4_sysmem.o
 .debug_ranges  0x0000000000000568       0x70 objdir-CW308_STM32F4/stm32f4xx_hal_rng.o
 .debug_ranges  0x00000000000005d8       0x50 /usr/lib/gcc/arm-none-eabi/10.3.1/../../../arm-none-eabi/lib/thumb/v7e-m/nofp/libg.a(lib_a-mallocr.o)
 .debug_ranges  0x0000000000000628       0x50 /usr/lib/gcc/arm-none-eabi/10.3.1/../../../arm-none-eabi/lib/thumb/v7e-m/nofp/libg.a(lib_a-__call_atexit.o)
 .debug_ranges  0x0000000000000678       0x18 /usr/lib/gcc/arm-none-eabi/10.3.1/../../../arm-none-eabi/lib/thumb/v7e-m/nofp/libg.a(lib_a-reent.o)

.debug_line     0x0000000000000000     0x6a17
 .debug_line    0x0000000000000000      0x26d objdir-CW308_STM32F4/cbd.o
 .debug_line    0x000000000000026d     0x14c8 objdir-CW308_STM32F4/fips202.o
 .debug_line    0x0000000000001735      0x3a1 objdir-CW308_STM32F4/indcpa.o
 .debug_line    0x0000000000001ad6      0x10c objdir-CW308_STM32F4/kem.o
 .debug_line    0x0000000000001be2       0xce objdir-CW308_STM32F4/main.o
 .debug_line    0x0000000000001cb0      0x2da objdir-CW308_STM32F4/ntt.o
 .debug_line    0x0000000000001f8a      0x756 objdir-CW308_STM32F4/poly.o
 .debug_line    0x00000000000026e0      0x460 objdir-CW308_STM32F4/polyvec.o
 .debug_line    0x0000000000002b40       0xba objdir-CW308_STM32F4/reduce.o
 .debug_line    0x0000000000002bfa       0xe8 objdir-CW308_STM32F4/symmetric-shake.o
 .debug_line    0x0000000000002ce2       0xfb objdir-CW308_STM32F4/verify.o
 .debug_line    0x0000000000002ddd      0x42d objdir-CW308_STM32F4/simpleserial.o
 .debug_line    0x000000000000320a      0x3ba objdir-CW308_STM32F4/stm32f4_hal.o
 .debug_line    0x00000000000035c4     0x1001 objdir-CW308_STM32F4/stm32f4_hal_lowlevel.o
 .debug_line    0x00000000000045c5       0xba objdir-CW308_STM32F4/stm32f4_sysmem.o
 .debug_line    0x000000000000467f      0x384 objdir-CW308_STM32F4/stm32f4xx_hal_rng.o
 .debug_line    0x0000000000004a03       0xc0 /usr/lib/gcc/arm-none-eabi/10.3.1/../../../arm-none-eabi/lib/thumb/v7e-m/nofp/libg.a(lib_a-atexit.o)
 .debug_line    0x0000000000004ac3      0x109 /usr/lib/gcc/arm-none-eabi/10.3.1/../../../arm-none-eabi/lib/thumb/v7e-m/nofp/libg.a(lib_a-errno.o)
 .debug_line    0x0000000000004bcc      0x179 /usr/lib/gcc/arm-none-eabi/10.3.1/../../../arm-none-eabi/lib/thumb/v7e-m/nofp/libg.a(lib_a-exit.o)
 .debug_line    0x0000000000004d45       0xed /usr/lib/gcc/arm-none-eabi/10.3.1/../../../arm-none-eabi/lib/thumb/v7e-m/nofp/libg.a(lib_a-fini.o)
 .debug_line    0x0000000000004e32       0xe4 /usr/lib/gcc/arm-none-eabi/10.3.1/../../../arm-none-eabi/lib/thumb/v7e-m/nofp/libg.a(lib_a-impure.o)
 .debug_line    0x0000000000004f16      0x138 /usr/lib/gcc/arm-none-eabi/10.3.1/../../../arm-none-eabi/lib/thumb/v7e-m/nofp/libg.a(lib_a-init.o)
 .debug_line    0x000000000000504e      0x15f /usr/lib/gcc/arm-none-eabi/10.3.1/../../../arm-none-eabi/lib/thumb/v7e-m/nofp/libg.a(lib_a-malloc.o)
 .debug_line    0x00000000000051ad      0x8bc /usr/lib/gcc/arm-none-eabi/10.3.1/../../../arm-none-eabi/lib/thumb/v7e-m/nofp/libg.a(lib_a-mallocr.o)
 .debug_line    0x0000000000005a69       0xbe /usr/lib/gcc/arm-none-eabi/10.3.1/../../../arm-none-eabi/lib/thumb/v7e-m/nofp/libg.a(lib_a-memcpy.o)
 .debug_line    0x0000000000005b27      0x13e /usr/lib/gcc/arm-none-eabi/10.3.1/../../../arm-none-eabi/lib/thumb/v7e-m/nofp/libg.a(lib_a-mlock.o)
 .debug_line    0x0000000000005c65      0x183 /usr/lib/gcc/arm-none-eabi/10.3.1/../../../arm-none-eabi/lib/thumb/v7e-m/nofp/libg.a(lib_a-sbrkr.o)
 .debug_line    0x0000000000005de8      0x19e /usr/lib/gcc/arm-none-eabi/10.3.1/../../../arm-none-eabi/lib/thumb/v7e-m/nofp/libg.a(lib_a-__atexit.o)
 .debug_line    0x0000000000005f86      0x294 /usr/lib/gcc/arm-none-eabi/10.3.1/../../../arm-none-eabi/lib/thumb/v7e-m/nofp/libg.a(lib_a-__call_atexit.o)
 .debug_line    0x000000000000621a      0x4fb /usr/lib/gcc/arm-none-eabi/10.3.1/../../../arm-none-eabi/lib/thumb/v7e-m/nofp/libg.a(lib_a-freer.o)
 .debug_line    0x0000000000006715      0x28d /usr/lib/gcc/arm-none-eabi/10.3.1/../../../arm-none-eabi/lib/thumb/v7e-m/nofp/libg.a(lib_a-reent.o)
 .debug_line    0x00000000000069a2       0x75 /usr/lib/gcc/arm-none-eabi/10.3.1/../../../arm-none-eabi/lib/thumb/v7e-m/nofp/libnosys.a(_exit.o)

.debug_str      0x0000000000000000     0x2caa
 .debug_str     0x0000000000000000      0x21b objdir-CW308_STM32F4/cbd.o
                                        0x257 (size before relaxing)
 .debug_str     0x000000000000021b      0x461 objdir-CW308_STM32F4/fips202.o
                                        0x63d (size before relaxing)
 .debug_str     0x000000000000067c      0x15b objdir-CW308_STM32F4/indcpa.o
                                        0x36c (size before relaxing)
 .debug_str     0x00000000000007d7       0xdf objdir-CW308_STM32F4/kem.o
                                        0x2a2 (size before relaxing)
 .debug_str     0x00000000000008b6       0x86 objdir-CW308_STM32F4/main.o
                                        0x25a (size before relaxing)
 .debug_str     0x000000000000093c       0x86 objdir-CW308_STM32F4/ntt.o
                                        0x24c (size before relaxing)
 .debug_str     0x00000000000009c2      0x23b objdir-CW308_STM32F4/poly.o
                                        0x447 (size before relaxing)
 .debug_str     0x0000000000000bfd      0x17b objdir-CW308_STM32F4/polyvec.o
                                        0x361 (size before relaxing)
 .debug_str     0x0000000000000d78       0x58 objdir-CW308_STM32F4/reduce.o
                                        0x218 (size before relaxing)
 .debug_str     0x0000000000000dd0       0xa4 objdir-CW308_STM32F4/symmetric-shake.o
                                        0x2b4 (size before relaxing)
 .debug_str     0x0000000000000e74       0x43 objdir-CW308_STM32F4/verify.o
                                        0x20b (size before relaxing)
 .debug_str     0x0000000000000eb7       0xeb objdir-CW308_STM32F4/simpleserial.o
                                        0x318 (size before relaxing)
 .debug_str     0x0000000000000fa2      0xa86 objdir-CW308_STM32F4/stm32f4_hal.o
                                        0xcda (size before relaxing)
 .debug_str     0x0000000000001a28      0x32f objdir-CW308_STM32F4/stm32f4_hal_lowlevel.o
                                        0xe58 (size before relaxing)
 .debug_str     0x0000000000001d57       0x6a objdir-CW308_STM32F4/stm32f4_sysmem.o
                                        0x228 (size before relaxing)
 .debug_str     0x0000000000001dc1      0x179 objdir-CW308_STM32F4/stm32f4xx_hal_rng.o
                                        0x46c (size before relaxing)
 .debug_str     0x0000000000001f3a      0x14e /usr/lib/gcc/arm-none-eabi/10.3.1/../../../arm-none-eabi/lib/thumb/v7e-m/nofp/libg.a(lib_a-atexit.o)
                                        0x1de (size before relaxing)
 .debug_str     0x0000000000002088      0x408 /usr/lib/gcc/arm-none-eabi/10.3.1/../../../arm-none-eabi/lib/thumb/v7e-m/nofp/libg.a(lib_a-errno.o)
                                        0x564 (size before relaxing)
 .debug_str     0x0000000000002490       0x5c /usr/lib/gcc/arm-none-eabi/10.3.1/../../../arm-none-eabi/lib/thumb/v7e-m/nofp/libg.a(lib_a-exit.o)
                                        0x585 (size before relaxing)
 .debug_str     0x00000000000024ec       0xbe /usr/lib/gcc/arm-none-eabi/10.3.1/../../../arm-none-eabi/lib/thumb/v7e-m/nofp/libg.a(lib_a-fini.o)
                                        0x1d6 (size before relaxing)
 .debug_str     0x00000000000025aa       0x98 /usr/lib/gcc/arm-none-eabi/10.3.1/../../../arm-none-eabi/lib/thumb/v7e-m/nofp/libg.a(lib_a-impure.o)
                                        0x57c (size before relaxing)
 .debug_str     0x0000000000002642       0x90 /usr/lib/gcc/arm-none-eabi/10.3.1/../../../arm-none-eabi/lib/thumb/v7e-m/nofp/libg.a(lib_a-init.o)
                                        0x200 (size before relaxing)
 .debug_str     0x00000000000026d2       0x57 /usr/lib/gcc/arm-none-eabi/10.3.1/../../../arm-none-eabi/lib/thumb/v7e-m/nofp/libg.a(lib_a-malloc.o)
                                        0x590 (size before relaxing)
 .debug_str     0x0000000000002729      0x21d /usr/lib/gcc/arm-none-eabi/10.3.1/../../../arm-none-eabi/lib/thumb/v7e-m/nofp/libg.a(lib_a-mallocr.o)
                                        0x781 (size before relaxing)
 .debug_str     0x0000000000002946       0xae /usr/lib/gcc/arm-none-eabi/10.3.1/../../../arm-none-eabi/lib/thumb/v7e-m/nofp/libg.a(lib_a-memcpy.o)
 .debug_str     0x00000000000029f4       0x4c /usr/lib/gcc/arm-none-eabi/10.3.1/../../../arm-none-eabi/lib/thumb/v7e-m/nofp/libg.a(lib_a-mlock.o)
                                        0x589 (size before relaxing)
 .debug_str     0x0000000000002a40       0x3c /usr/lib/gcc/arm-none-eabi/10.3.1/../../../arm-none-eabi/lib/thumb/v7e-m/nofp/libg.a(lib_a-sbrkr.o)
                                        0x573 (size before relaxing)
 .debug_str     0x0000000000002a7c       0x3b /usr/lib/gcc/arm-none-eabi/10.3.1/../../../arm-none-eabi/lib/thumb/v7e-m/nofp/libg.a(lib_a-__atexit.o)
                                        0x5b6 (size before relaxing)
 .debug_str     0x0000000000002ab7       0x7c /usr/lib/gcc/arm-none-eabi/10.3.1/../../../arm-none-eabi/lib/thumb/v7e-m/nofp/libg.a(lib_a-__call_atexit.o)
                                        0x5e2 (size before relaxing)
 .debug_str     0x0000000000002b33       0x34 /usr/lib/gcc/arm-none-eabi/10.3.1/../../../arm-none-eabi/lib/thumb/v7e-m/nofp/libg.a(lib_a-freer.o)
                                        0x6cb (size before relaxing)
 .debug_str     0x0000000000002b67       0x5e /usr/lib/gcc/arm-none-eabi/10.3.1/../../../arm-none-eabi/lib/thumb/v7e-m/nofp/libg.a(lib_a-reent.o)
                                        0x59b (size before relaxing)
 .debug_str     0x0000000000002bc5       0xe5 /usr/lib/gcc/arm-none-eabi/10.3.1/../../../arm-none-eabi/lib/thumb/v7e-m/nofp/libnosys.a(_exit.o)
                                        0x17b (size before relaxing)

.debug_frame    0x0000000000000000     0x1cb0
 .debug_frame   0x0000000000000000       0xf0 objdir-CW308_STM32F4/cbd.o
 .debug_frame   0x00000000000000f0      0x784 objdir-CW308_STM32F4/fips202.o
 .debug_frame   0x0000000000000874      0x1b4 objdir-CW308_STM32F4/indcpa.o
 .debug_frame   0x0000000000000a28       0xc8 objdir-CW308_STM32F4/kem.o
 .debug_frame   0x0000000000000af0       0x50 objdir-CW308_STM32F4/main.o
 .debug_frame   0x0000000000000b40       0xa8 objdir-CW308_STM32F4/ntt.o
 .debug_frame   0x0000000000000be8      0x250 objdir-CW308_STM32F4/poly.o
 .debug_frame   0x0000000000000e38      0x160 objdir-CW308_STM32F4/polyvec.o
 .debug_frame   0x0000000000000f98       0x60 objdir-CW308_STM32F4/reduce.o
 .debug_frame   0x0000000000000ff8       0x7c objdir-CW308_STM32F4/symmetric-shake.o
 .debug_frame   0x0000000000001074       0x6c objdir-CW308_STM32F4/verify.o
 .debug_frame   0x00000000000010e0      0x184 objdir-CW308_STM32F4/simpleserial.o
 .debug_frame   0x0000000000001264      0x200 objdir-CW308_STM32F4/stm32f4_hal.o
 .debug_frame   0x0000000000001464      0x2e0 objdir-CW308_STM32F4/stm32f4_hal_lowlevel.o
 .debug_frame   0x0000000000001744       0x34 objdir-CW308_STM32F4/stm32f4_sysmem.o
 .debug_frame   0x0000000000001778      0x204 objdir-CW308_STM32F4/stm32f4xx_hal_rng.o
 .debug_frame   0x000000000000197c       0x20 /usr/lib/gcc/arm-none-eabi/10.3.1/../../../arm-none-eabi/lib/thumb/v7e-m/nofp/libg.a(lib_a-atexit.o)
 .debug_frame   0x000000000000199c       0x20 /usr/lib/gcc/arm-none-eabi/10.3.1/../../../arm-none-eabi/lib/thumb/v7e-m/nofp/libg.a(lib_a-errno.o)
 .debug_frame   0x00000000000019bc       0x28 /usr/lib/gcc/arm-none-eabi/10.3.1/../../../arm-none-eabi/lib/thumb/v7e-m/nofp/libg.a(lib_a-exit.o)
 .debug_frame   0x00000000000019e4       0x34 /usr/lib/gcc/arm-none-eabi/10.3.1/../../../arm-none-eabi/lib/thumb/v7e-m/nofp/libg.a(lib_a-fini.o)
 .debug_frame   0x0000000000001a18       0x2c /usr/lib/gcc/arm-none-eabi/10.3.1/../../../arm-none-eabi/lib/thumb/v7e-m/nofp/libg.a(lib_a-init.o)
 .debug_frame   0x0000000000001a44       0x30 /usr/lib/gcc/arm-none-eabi/10.3.1/../../../arm-none-eabi/lib/thumb/v7e-m/nofp/libg.a(lib_a-malloc.o)
 .debug_frame   0x0000000000001a74       0x4c /usr/lib/gcc/arm-none-eabi/10.3.1/../../../arm-none-eabi/lib/thumb/v7e-m/nofp/libg.a(lib_a-mallocr.o)
 .debug_frame   0x0000000000001ac0       0x30 /usr/lib/gcc/arm-none-eabi/10.3.1/../../../arm-none-eabi/lib/thumb/v7e-m/nofp/libg.a(lib_a-mlock.o)
 .debug_frame   0x0000000000001af0       0x2c /usr/lib/gcc/arm-none-eabi/10.3.1/../../../arm-none-eabi/lib/thumb/v7e-m/nofp/libg.a(lib_a-sbrkr.o)
 .debug_frame   0x0000000000001b1c       0x34 /usr/lib/gcc/arm-none-eabi/10.3.1/../../../arm-none-eabi/lib/thumb/v7e-m/nofp/libg.a(lib_a-__atexit.o)
 .debug_frame   0x0000000000001b50       0x50 /usr/lib/gcc/arm-none-eabi/10.3.1/../../../arm-none-eabi/lib/thumb/v7e-m/nofp/libg.a(lib_a-__call_atexit.o)
 .debug_frame   0x0000000000001ba0       0x8c /usr/lib/gcc/arm-none-eabi/10.3.1/../../../arm-none-eabi/lib/thumb/v7e-m/nofp/libg.a(lib_a-freer.o)
 .debug_frame   0x0000000000001c2c       0x64 /usr/lib/gcc/arm-none-eabi/10.3.1/../../../arm-none-eabi/lib/thumb/v7e-m/nofp/libg.a(lib_a-reent.o)
 .debug_frame   0x0000000000001c90       0x20 /usr/lib/gcc/arm-none-eabi/10.3.1/../../../arm-none-eabi/lib/thumb/v7e-m/nofp/libnosys.a(_exit.o)

.stab           0x0000000000000000      0x144
 .stab          0x0000000000000000      0x144 objdir-CW308_STM32F4/stm32f4_startup.o

.stabstr        0x0000000000000000      0x125
 .stabstr       0x0000000000000000      0x125 objdir-CW308_STM32F4/stm32f4_startup.o

Cross Reference Table

Symbol                                            File
BusFault_Handler                                  objdir-CW308_STM32F4/stm32f4_startup.o
DebugMon_Handler                                  objdir-CW308_STM32F4/stm32f4_startup.o
Default_Handler                                   objdir-CW308_STM32F4/stm32f4_startup.o
HAL_CRYP_AESECB_Decrypt                           objdir-CW308_STM32F4/stm32f4_hal_lowlevel.o
                                                  objdir-CW308_STM32F4/stm32f4_hal.o
HAL_CRYP_AESECB_Encrypt                           objdir-CW308_STM32F4/stm32f4_hal_lowlevel.o
                                                  objdir-CW308_STM32F4/stm32f4_hal.o
HAL_CRYP_DeInit                                   objdir-CW308_STM32F4/stm32f4_hal_lowlevel.o
HAL_CRYP_Init                                     objdir-CW308_STM32F4/stm32f4_hal_lowlevel.o
                                                  objdir-CW308_STM32F4/stm32f4_hal.o
HAL_GPIO_Init                                     objdir-CW308_STM32F4/stm32f4_hal_lowlevel.o
                                                  objdir-CW308_STM32F4/stm32f4_hal.o
HAL_GPIO_WritePin                                 objdir-CW308_STM32F4/stm32f4_hal_lowlevel.o
                                                  objdir-CW308_STM32F4/stm32f4_hal.o
HAL_GetTick                                       objdir-CW308_STM32F4/stm32f4_hal_lowlevel.o
                                                  objdir-CW308_STM32F4/stm32f4xx_hal_rng.o
HAL_RCC_ClockConfig                               objdir-CW308_STM32F4/stm32f4_hal_lowlevel.o
                                                  objdir-CW308_STM32F4/stm32f4_hal.o
HAL_RCC_GetPCLK1Freq                              objdir-CW308_STM32F4/stm32f4_hal_lowlevel.o
HAL_RCC_GetPCLK2Freq                              objdir-CW308_STM32F4/stm32f4_hal_lowlevel.o
HAL_RCC_OscConfig                                 objdir-CW308_STM32F4/stm32f4_hal_lowlevel.o
                                                  objdir-CW308_STM32F4/stm32f4_hal.o
HAL_RNG_DeInit                                    objdir-CW308_STM32F4/stm32f4xx_hal_rng.o
HAL_RNG_ErrorCallback                             objdir-CW308_STM32F4/stm32f4xx_hal_rng.o
HAL_RNG_GenerateRandomNumber                      objdir-CW308_STM32F4/stm32f4xx_hal_rng.o
                                                  objdir-CW308_STM32F4/stm32f4_hal.o
HAL_RNG_GenerateRandomNumber_IT                   objdir-CW308_STM32F4/stm32f4xx_hal_rng.o
HAL_RNG_GetRandomNumber                           objdir-CW308_STM32F4/stm32f4xx_hal_rng.o
HAL_RNG_GetRandomNumber_IT                        objdir-CW308_STM32F4/stm32f4xx_hal_rng.o
HAL_RNG_GetState                                  objdir-CW308_STM32F4/stm32f4xx_hal_rng.o
HAL_RNG_IRQHandler                                objdir-CW308_STM32F4/stm32f4xx_hal_rng.o
HAL_RNG_Init                                      objdir-CW308_STM32F4/stm32f4xx_hal_rng.o
                                                  objdir-CW308_STM32F4/stm32f4_hal.o
HAL_RNG_MspDeInit                                 objdir-CW308_STM32F4/stm32f4xx_hal_rng.o
HAL_RNG_MspInit                                   objdir-CW308_STM32F4/stm32f4xx_hal_rng.o
HAL_RNG_ReadLastRandomNumber                      objdir-CW308_STM32F4/stm32f4xx_hal_rng.o
HAL_RNG_ReadyDataCallback                         objdir-CW308_STM32F4/stm32f4xx_hal_rng.o
HAL_UART_Init                                     objdir-CW308_STM32F4/stm32f4_hal_lowlevel.o
                                                  objdir-CW308_STM32F4/stm32f4_hal.o
HAL_UART_Receive                                  objdir-CW308_STM32F4/stm32f4_hal_lowlevel.o
                                                  objdir-CW308_STM32F4/stm32f4_hal.o
HAL_UART_Transmit                                 objdir-CW308_STM32F4/stm32f4_hal_lowlevel.o
                                                  objdir-CW308_STM32F4/stm32f4_hal.o
HW_AES128_Dec                                     objdir-CW308_STM32F4/stm32f4_hal.o
HW_AES128_Enc                                     objdir-CW308_STM32F4/stm32f4_hal.o
HW_AES128_Enc_posttrigger                         objdir-CW308_STM32F4/stm32f4_hal.o
HW_AES128_Enc_pretrigger                          objdir-CW308_STM32F4/stm32f4_hal.o
HW_AES128_Init                                    objdir-CW308_STM32F4/stm32f4_hal.o
HW_AES128_LoadKey                                 objdir-CW308_STM32F4/stm32f4_hal.o
HardFault_Handler                                 objdir-CW308_STM32F4/stm32f4_startup.o
MemManage_Handler                                 objdir-CW308_STM32F4/stm32f4_startup.o
NMI_Handler                                       objdir-CW308_STM32F4/stm32f4_startup.o
PQCLEAN_KYBER512_CLEAN_barrett_reduce             objdir-CW308_STM32F4/reduce.o
                                                  objdir-CW308_STM32F4/poly.o
                                                  objdir-CW308_STM32F4/ntt.o
PQCLEAN_KYBER512_CLEAN_basemul                    objdir-CW308_STM32F4/ntt.o
                                                  objdir-CW308_STM32F4/poly.o
PQCLEAN_KYBER512_CLEAN_cmov                       objdir-CW308_STM32F4/verify.o
                                                  objdir-CW308_STM32F4/kem.o
PQCLEAN_KYBER512_CLEAN_crypto_kem_dec             objdir-CW308_STM32F4/kem.o
                                                  objdir-CW308_STM32F4/main.o
PQCLEAN_KYBER512_CLEAN_crypto_kem_enc             objdir-CW308_STM32F4/kem.o
PQCLEAN_KYBER512_CLEAN_crypto_kem_enc_derand      objdir-CW308_STM32F4/kem.o
                                                  objdir-CW308_STM32F4/main.o
PQCLEAN_KYBER512_CLEAN_crypto_kem_keypair         objdir-CW308_STM32F4/kem.o
PQCLEAN_KYBER512_CLEAN_crypto_kem_keypair_derand  objdir-CW308_STM32F4/kem.o
                                                  objdir-CW308_STM32F4/main.o
PQCLEAN_KYBER512_CLEAN_gen_matrix                 objdir-CW308_STM32F4/indcpa.o
PQCLEAN_KYBER512_CLEAN_indcpa_dec                 objdir-CW308_STM32F4/indcpa.o
                                                  objdir-CW308_STM32F4/kem.o
PQCLEAN_KYBER512_CLEAN_indcpa_enc                 objdir-CW308_STM32F4/indcpa.o
                                                  objdir-CW308_STM32F4/kem.o
PQCLEAN_KYBER512_CLEAN_indcpa_keypair_derand      objdir-CW308_STM32F4/indcpa.o
                                                  objdir-CW308_STM32F4/kem.o
PQCLEAN_KYBER512_CLEAN_invntt                     objdir-CW308_STM32F4/ntt.o
                                                  objdir-CW308_STM32F4/poly.o
PQCLEAN_KYBER512_CLEAN_kyber_shake128_absorb      objdir-CW308_STM32F4/symmetric-shake.o
                                                  objdir-CW308_STM32F4/indcpa.o
PQCLEAN_KYBER512_CLEAN_kyber_shake256_prf         objdir-CW308_STM32F4/symmetric-shake.o
                                                  objdir-CW308_STM32F4/poly.o
PQCLEAN_KYBER512_CLEAN_kyber_shake256_rkprf       objdir-CW308_STM32F4/symmetric-shake.o
                                                  objdir-CW308_STM32F4/kem.o
PQCLEAN_KYBER512_CLEAN_montgomery_reduce          objdir-CW308_STM32F4/reduce.o
                                                  objdir-CW308_STM32F4/poly.o
                                                  objdir-CW308_STM32F4/ntt.o
PQCLEAN_KYBER512_CLEAN_ntt                        objdir-CW308_STM32F4/ntt.o
                                                  objdir-CW308_STM32F4/poly.o
PQCLEAN_KYBER512_CLEAN_poly_add                   objdir-CW308_STM32F4/poly.o
                                                  objdir-CW308_STM32F4/polyvec.o
                                                  objdir-CW308_STM32F4/indcpa.o
PQCLEAN_KYBER512_CLEAN_poly_basemul_montgomery    objdir-CW308_STM32F4/poly.o
                                                  objdir-CW308_STM32F4/polyvec.o
PQCLEAN_KYBER512_CLEAN_poly_cbd_eta1              objdir-CW308_STM32F4/cbd.o
                                                  objdir-CW308_STM32F4/poly.o
PQCLEAN_KYBER512_CLEAN_poly_cbd_eta2              objdir-CW308_STM32F4/cbd.o
                                                  objdir-CW308_STM32F4/poly.o
PQCLEAN_KYBER512_CLEAN_poly_compress              objdir-CW308_STM32F4/poly.o
                                                  objdir-CW308_STM32F4/indcpa.o
PQCLEAN_KYBER512_CLEAN_poly_decompress            objdir-CW308_STM32F4/poly.o
                                                  objdir-CW308_STM32F4/indcpa.o
PQCLEAN_KYBER512_CLEAN_poly_frombytes             objdir-CW308_STM32F4/poly.o
                                                  objdir-CW308_STM32F4/polyvec.o
PQCLEAN_KYBER512_CLEAN_poly_frommsg               objdir-CW308_STM32F4/poly.o
                                                  objdir-CW308_STM32F4/indcpa.o
PQCLEAN_KYBER512_CLEAN_poly_getnoise_eta1         objdir-CW308_STM32F4/poly.o
                                                  objdir-CW308_STM32F4/indcpa.o
PQCLEAN_KYBER512_CLEAN_poly_getnoise_eta2         objdir-CW308_STM32F4/poly.o
                                                  objdir-CW308_STM32F4/indcpa.o
PQCLEAN_KYBER512_CLEAN_poly_invntt_tomont         objdir-CW308_STM32F4/poly.o
                                                  objdir-CW308_STM32F4/polyvec.o
                                                  objdir-CW308_STM32F4/indcpa.o
PQCLEAN_KYBER512_CLEAN_poly_ntt                   objdir-CW308_STM32F4/poly.o
                                                  objdir-CW308_STM32F4/polyvec.o
PQCLEAN_KYBER512_CLEAN_poly_reduce                objdir-CW308_STM32F4/poly.o
                                                  objdir-CW308_STM32F4/polyvec.o
                                                  objdir-CW308_STM32F4/indcpa.o
PQCLEAN_KYBER512_CLEAN_poly_sub                   objdir-CW308_STM32F4/poly.o
                                                  objdir-CW308_STM32F4/indcpa.o
PQCLEAN_KYBER512_CLEAN_poly_tobytes               objdir-CW308_STM32F4/poly.o
                                                  objdir-CW308_STM32F4/polyvec.o
PQCLEAN_KYBER512_CLEAN_poly_tomont                objdir-CW308_STM32F4/poly.o
                                                  objdir-CW308_STM32F4/indcpa.o
PQCLEAN_KYBER512_CLEAN_poly_tomsg                 objdir-CW308_STM32F4/poly.o
                                                  objdir-CW308_STM32F4/indcpa.o
PQCLEAN_KYBER512_CLEAN_polyvec_add                objdir-CW308_STM32F4/polyvec.o
                                                  objdir-CW308_STM32F4/indcpa.o
PQCLEAN_KYBER512_CLEAN_polyvec_basemul_acc_montgomery objdir-CW308_STM32F4/polyvec.o
                                                  objdir-CW308_STM32F4/indcpa.o
PQCLEAN_KYBER512_CLEAN_polyvec_compress           objdir-CW308_STM32F4/polyvec.o
                                                  objdir-CW308_STM32F4/indcpa.o
PQCLEAN_KYBER512_CLEAN_polyvec_decompress         objdir-CW308_STM32F4/polyvec.o
                                                  objdir-CW308_STM32F4/indcpa.o
PQCLEAN_KYBER512_CLEAN_polyvec_frombytes          objdir-CW308_STM32F4/polyvec.o
                                                  objdir-CW308_STM32F4/indcpa.o
PQCLEAN_KYBER512_CLEAN_polyvec_invntt_tomont      objdir-CW308_STM32F4/polyvec.o
                                                  objdir-CW308_STM32F4/indcpa.o
PQCLEAN_KYBER512_CLEAN_polyvec_ntt                objdir-CW308_STM32F4/polyvec.o
                                                  objdir-CW308_STM32F4/indcpa.o
PQCLEAN_KYBER512_CLEAN_polyvec_reduce             objdir-CW308_STM32F4/polyvec.o
                                                  objdir-CW308_STM32F4/indcpa.o
PQCLEAN_KYBER512_CLEAN_polyvec_tobytes            objdir-CW308_STM32F4/polyvec.o
                                                  objdir-CW308_STM32F4/indcpa.o
PQCLEAN_KYBER512_CLEAN_verify                     objdir-CW308_STM32F4/verify.o
                                                  objdir-CW308_STM32F4/kem.o
PQCLEAN_KYBER512_CLEAN_zetas                      objdir-CW308_STM32F4/ntt.o
                                                  objdir-CW308_STM32F4/poly.o
PendSV_Handler                                    objdir-CW308_STM32F4/stm32f4_startup.o
RCC_AHB2PeriphClockCmd                            objdir-CW308_STM32F4/stm32f4_hal_lowlevel.o
Reset_Handler                                     objdir-CW308_STM32F4/stm32f4_startup.o
RngHandle                                         objdir-CW308_STM32F4/stm32f4_hal.o
SVC_Handler                                       objdir-CW308_STM32F4/stm32f4_startup.o
SysTick_Handler                                   objdir-CW308_STM32F4/stm32f4_startup.o
SystemInit                                        objdir-CW308_STM32F4/stm32f4_startup.o
UartHandle                                        objdir-CW308_STM32F4/stm32f4_hal.o
UsageFault_Handler                                objdir-CW308_STM32F4/stm32f4_startup.o
_ITM_deregisterTMCloneTable                       /usr/lib/gcc/arm-none-eabi/10.3.1/thumb/v7e-m/nofp/crtbegin.o
_ITM_registerTMCloneTable                         /usr/lib/gcc/arm-none-eabi/10.3.1/thumb/v7e-m/nofp/crtbegin.o
__TMC_END__                                       /usr/lib/gcc/arm-none-eabi/10.3.1/thumb/v7e-m/nofp/crtend.o
                                                  /usr/lib/gcc/arm-none-eabi/10.3.1/thumb/v7e-m/nofp/crtbegin.o
__bss_end__                                       /usr/lib/gcc/arm-none-eabi/10.3.1/../../../arm-none-eabi/lib/thumb/v7e-m/nofp/crt0.o
__bss_start__                                     /usr/lib/gcc/arm-none-eabi/10.3.1/../../../arm-none-eabi/lib/thumb/v7e-m/nofp/crt0.o
__call_exitprocs                                  /usr/lib/gcc/arm-none-eabi/10.3.1/../../../arm-none-eabi/lib/thumb/v7e-m/nofp/libg.a(lib_a-__call_atexit.o)
                                                  /usr/lib/gcc/arm-none-eabi/10.3.1/../../../arm-none-eabi/lib/thumb/v7e-m/nofp/libg.a(lib_a-exit.o)
__deregister_frame_info                           /usr/lib/gcc/arm-none-eabi/10.3.1/thumb/v7e-m/nofp/crtbegin.o
__dso_handle                                      /usr/lib/gcc/arm-none-eabi/10.3.1/thumb/v7e-m/nofp/crtbegin.o
__errno                                           /usr/lib/gcc/arm-none-eabi/10.3.1/../../../arm-none-eabi/lib/thumb/v7e-m/nofp/libg.a(lib_a-errno.o)
                                                  objdir-CW308_STM32F4/stm32f4_sysmem.o
                                                  objdir-CW308_STM32F4/randombytes.o
__fini_array_end                                  /usr/lib/gcc/arm-none-eabi/10.3.1/../../../arm-none-eabi/lib/thumb/v7e-m/nofp/libg.a(lib_a-fini.o)
__fini_array_start                                /usr/lib/gcc/arm-none-eabi/10.3.1/../../../arm-none-eabi/lib/thumb/v7e-m/nofp/libg.a(lib_a-fini.o)
__init_array_end                                  /usr/lib/gcc/arm-none-eabi/10.3.1/../../../arm-none-eabi/lib/thumb/v7e-m/nofp/libg.a(lib_a-init.o)
__init_array_start                                /usr/lib/gcc/arm-none-eabi/10.3.1/../../../arm-none-eabi/lib/thumb/v7e-m/nofp/libg.a(lib_a-init.o)
__libc_fini                                       /usr/lib/gcc/arm-none-eabi/10.3.1/../../../arm-none-eabi/lib/thumb/v7e-m/nofp/libg.a(lib_a-__call_atexit.o)
__libc_fini_array                                 /usr/lib/gcc/arm-none-eabi/10.3.1/../../../arm-none-eabi/lib/thumb/v7e-m/nofp/libg.a(lib_a-fini.o)
                                                  /usr/lib/gcc/arm-none-eabi/10.3.1/../../../arm-none-eabi/lib/thumb/v7e-m/nofp/libg.a(lib_a-__call_atexit.o)
                                                  /usr/lib/gcc/arm-none-eabi/10.3.1/../../../arm-none-eabi/lib/thumb/v7e-m/nofp/crt0.o
__libc_init_array                                 /usr/lib/gcc/arm-none-eabi/10.3.1/../../../arm-none-eabi/lib/thumb/v7e-m/nofp/libg.a(lib_a-init.o)
                                                  objdir-CW308_STM32F4/stm32f4_startup.o
                                                  /usr/lib/gcc/arm-none-eabi/10.3.1/../../../arm-none-eabi/lib/thumb/v7e-m/nofp/crt0.o
__malloc_av_                                      /usr/lib/gcc/arm-none-eabi/10.3.1/../../../arm-none-eabi/lib/thumb/v7e-m/nofp/libg.a(lib_a-mallocr.o)
                                                  /usr/lib/gcc/arm-none-eabi/10.3.1/../../../arm-none-eabi/lib/thumb/v7e-m/nofp/libg.a(lib_a-freer.o)
__malloc_current_mallinfo                         /usr/lib/gcc/arm-none-eabi/10.3.1/../../../arm-none-eabi/lib/thumb/v7e-m/nofp/libg.a(lib_a-mallocr.o)
                                                  /usr/lib/gcc/arm-none-eabi/10.3.1/../../../arm-none-eabi/lib/thumb/v7e-m/nofp/libg.a(lib_a-freer.o)
__malloc_lock                                     /usr/lib/gcc/arm-none-eabi/10.3.1/../../../arm-none-eabi/lib/thumb/v7e-m/nofp/libg.a(lib_a-mlock.o)
                                                  /usr/lib/gcc/arm-none-eabi/10.3.1/../../../arm-none-eabi/lib/thumb/v7e-m/nofp/libg.a(lib_a-freer.o)
                                                  /usr/lib/gcc/arm-none-eabi/10.3.1/../../../arm-none-eabi/lib/thumb/v7e-m/nofp/libg.a(lib_a-mallocr.o)
__malloc_max_sbrked_mem                           /usr/lib/gcc/arm-none-eabi/10.3.1/../../../arm-none-eabi/lib/thumb/v7e-m/nofp/libg.a(lib_a-mallocr.o)
__malloc_max_total_mem                            /usr/lib/gcc/arm-none-eabi/10.3.1/../../../arm-none-eabi/lib/thumb/v7e-m/nofp/libg.a(lib_a-mallocr.o)
__malloc_sbrk_base                                /usr/lib/gcc/arm-none-eabi/10.3.1/../../../arm-none-eabi/lib/thumb/v7e-m/nofp/libg.a(lib_a-mallocr.o)
                                                  /usr/lib/gcc/arm-none-eabi/10.3.1/../../../arm-none-eabi/lib/thumb/v7e-m/nofp/libg.a(lib_a-freer.o)
__malloc_top_pad                                  /usr/lib/gcc/arm-none-eabi/10.3.1/../../../arm-none-eabi/lib/thumb/v7e-m/nofp/libg.a(lib_a-mallocr.o)
                                                  /usr/lib/gcc/arm-none-eabi/10.3.1/../../../arm-none-eabi/lib/thumb/v7e-m/nofp/libg.a(lib_a-freer.o)
__malloc_trim_threshold                           /usr/lib/gcc/arm-none-eabi/10.3.1/../../../arm-none-eabi/lib/thumb/v7e-m/nofp/libg.a(lib_a-mallocr.o)
                                                  /usr/lib/gcc/arm-none-eabi/10.3.1/../../../arm-none-eabi/lib/thumb/v7e-m/nofp/libg.a(lib_a-freer.o)
__malloc_unlock                                   /usr/lib/gcc/arm-none-eabi/10.3.1/../../../arm-none-eabi/lib/thumb/v7e-m/nofp/libg.a(lib_a-mlock.o)
                                                  /usr/lib/gcc/arm-none-eabi/10.3.1/../../../arm-none-eabi/lib/thumb/v7e-m/nofp/libg.a(lib_a-freer.o)
                                                  /usr/lib/gcc/arm-none-eabi/10.3.1/../../../arm-none-eabi/lib/thumb/v7e-m/nofp/libg.a(lib_a-mallocr.o)
__preinit_array_end                               /usr/lib/gcc/arm-none-eabi/10.3.1/../../../arm-none-eabi/lib/thumb/v7e-m/nofp/libg.a(lib_a-init.o)
__preinit_array_start                             /usr/lib/gcc/arm-none-eabi/10.3.1/../../../arm-none-eabi/lib/thumb/v7e-m/nofp/libg.a(lib_a-init.o)
__register_exitproc                               /usr/lib/gcc/arm-none-eabi/10.3.1/../../../arm-none-eabi/lib/thumb/v7e-m/nofp/libg.a(lib_a-__atexit.o)
                                                  /usr/lib/gcc/arm-none-eabi/10.3.1/../../../arm-none-eabi/lib/thumb/v7e-m/nofp/libg.a(lib_a-atexit.o)
__register_frame_info                             /usr/lib/gcc/arm-none-eabi/10.3.1/thumb/v7e-m/nofp/crtbegin.o
__sigtramp                                        /usr/lib/gcc/arm-none-eabi/10.3.1/../../../arm-none-eabi/lib/thumb/v7e-m/nofp/libg.a(lib_a-signal.o)
__sigtramp_r                                      /usr/lib/gcc/arm-none-eabi/10.3.1/../../../arm-none-eabi/lib/thumb/v7e-m/nofp/libg.a(lib_a-signal.o)
__stack                                           /usr/lib/gcc/arm-none-eabi/10.3.1/../../../arm-none-eabi/lib/thumb/v7e-m/nofp/crt0.o
_ebss                                             objdir-CW308_STM32F4/stm32f4_startup.o
_edata                                            objdir-CW308_STM32F4/stm32f4_startup.o
_estack                                           objdir-CW308_STM32F4/stm32f4_startup.o
_exit                                             /usr/lib/gcc/arm-none-eabi/10.3.1/../../../arm-none-eabi/lib/thumb/v7e-m/nofp/libnosys.a(_exit.o)
                                                  /usr/lib/gcc/arm-none-eabi/10.3.1/../../../arm-none-eabi/lib/thumb/v7e-m/nofp/libg.a(lib_a-exit.o)
                                                  /usr/lib/gcc/arm-none-eabi/10.3.1/../../../arm-none-eabi/lib/thumb/v7e-m/nofp/libg.a(lib_a-abort.o)
_fini                                             /usr/lib/gcc/arm-none-eabi/10.3.1/thumb/v7e-m/nofp/crti.o
                                                  /usr/lib/gcc/arm-none-eabi/10.3.1/../../../arm-none-eabi/lib/thumb/v7e-m/nofp/libg.a(lib_a-fini.o)
_free_r                                           /usr/lib/gcc/arm-none-eabi/10.3.1/../../../arm-none-eabi/lib/thumb/v7e-m/nofp/libg.a(lib_a-freer.o)
                                                  /usr/lib/gcc/arm-none-eabi/10.3.1/../../../arm-none-eabi/lib/thumb/v7e-m/nofp/libg.a(lib_a-reent.o)
                                                  /usr/lib/gcc/arm-none-eabi/10.3.1/../../../arm-none-eabi/lib/thumb/v7e-m/nofp/libg.a(lib_a-mallocr.o)
                                                  /usr/lib/gcc/arm-none-eabi/10.3.1/../../../arm-none-eabi/lib/thumb/v7e-m/nofp/libg.a(lib_a-malloc.o)
_getpid                                           /usr/lib/gcc/arm-none-eabi/10.3.1/../../../arm-none-eabi/lib/thumb/v7e-m/nofp/libnosys.a(getpid.o)