Archive member included to satisfy reference by file (symbol)

/usr/lib/gcc/arm-none-eabi/10.3.1/../../../arm-none-eabi/lib/thumb/v7e-m/nofp/libg.a(lib_a-atexit.o)
                              /usr/lib/gcc/arm-none-eabi/10.3.1/../../../arm-none-eabi/lib/thumb/v7e-m/nofp/crt0.o (atexit)
/usr/lib/gcc/arm-none-eabi/10.3.1/../../../arm-none-eabi/lib/thumb/v7e-m/nofp/libg.a(lib_a-errno.o)
                              objdir-CW308_STM32F4/stm32f4_sysmem.o (__errno)
/usr/lib/gcc/arm-none-eabi/10.3.1/../../../arm-none-eabi/lib/thumb/v7e-m/nofp/libg.a(lib_a-exit.o)
                              /usr/lib/gcc/arm-none-eabi/10.3.1/../../../arm-none-eabi/lib/thumb/v7e-m/nofp/crt0.o (exit)
/usr/lib/gcc/arm-none-eabi/10.3.1/../../../arm-none-eabi/lib/thumb/v7e-m/nofp/libg.a(lib_a-fini.o)
                              /usr/lib/gcc/arm-none-eabi/10.3.1/../../../arm-none-eabi/lib/thumb/v7e-m/nofp/crt0.o (__libc_fini_array)
/usr/lib/gcc/arm-none-eabi/10.3.1/../../../arm-none-eabi/lib/thumb/v7e-m/nofp/libg.a(lib_a-impure.o)
                              /usr/lib/gcc/arm-none-eabi/10.3.1/../../../arm-none-eabi/lib/thumb/v7e-m/nofp/libg.a(lib_a-exit.o) (_global_impure_ptr)
/usr/lib/gcc/arm-none-eabi/10.3.1/../../../arm-none-eabi/lib/thumb/v7e-m/nofp/libg.a(lib_a-init.o)
                              /usr/lib/gcc/arm-none-eabi/10.3.1/../../../arm-none-eabi/lib/thumb/v7e-m/nofp/crt0.o (__libc_init_array)
/usr/lib/gcc/arm-none-eabi/10.3.1/../../../arm-none-eabi/lib/thumb/v7e-m/nofp/libg.a(lib_a-memcpy.o)
                              objdir-CW308_STM32F4/main.o (memcpy)
/usr/lib/gcc/arm-none-eabi/10.3.1/../../../arm-none-eabi/lib/thumb/v7e-m/nofp/libg.a(lib_a-memset.o)
                              /usr/lib/gcc/arm-none-eabi/10.3.1/../../../arm-none-eabi/lib/thumb/v7e-m/nofp/crt0.o (memset)
/usr/lib/gcc/arm-none-eabi/10.3.1/../../../arm-none-eabi/lib/thumb/v7e-m/nofp/libg.a(lib_a-__atexit.o)
                              /usr/lib/gcc/arm-none-eabi/10.3.1/../../../arm-none-eabi/lib/thumb/v7e-m/nofp/libg.a(lib_a-atexit.o) (__register_exitproc)
/usr/lib/gcc/arm-none-eabi/10.3.1/../../../arm-none-eabi/lib/thumb/v7e-m/nofp/libg.a(lib_a-__call_atexit.o)
                              /usr/lib/gcc/arm-none-eabi/10.3.1/../../../arm-none-eabi/lib/thumb/v7e-m/nofp/libg.a(lib_a-exit.o) (__call_exitprocs)
/usr/lib/gcc/arm-none-eabi/10.3.1/../../../arm-none-eabi/lib/thumb/v7e-m/nofp/libnosys.a(_exit.o)
                              /usr/lib/gcc/arm-none-eabi/10.3.1/../../../arm-none-eabi/lib/thumb/v7e-m/nofp/libg.a(lib_a-exit.o) (_exit)

Discarded input sections

 .text          0x0000000000000000        0x0 /usr/lib/gcc/arm-none-eabi/10.3.1/thumb/v7e-m/nofp/crti.o
 .data          0x0000000000000000        0x0 /usr/lib/gcc/arm-none-eabi/10.3.1/thumb/v7e-m/nofp/crti.o
 .bss           0x0000000000000000        0x0 /usr/lib/gcc/arm-none-eabi/10.3.1/thumb/v7e-m/nofp/crti.o
 .data          0x0000000000000000        0x4 /usr/lib/gcc/arm-none-eabi/10.3.1/thumb/v7e-m/nofp/crtbegin.o
 .rodata        0x0000000000000000       0x24 /usr/lib/gcc/arm-none-eabi/10.3.1/thumb/v7e-m/nofp/crtbegin.o
 .text          0x0000000000000000       0x70 /usr/lib/gcc/arm-none-eabi/10.3.1/../../../arm-none-eabi/lib/thumb/v7e-m/nofp/crt0.o
 .data          0x0000000000000000        0x0 /usr/lib/gcc/arm-none-eabi/10.3.1/../../../arm-none-eabi/lib/thumb/v7e-m/nofp/crt0.o
 .bss           0x0000000000000000        0x0 /usr/lib/gcc/arm-none-eabi/10.3.1/../../../arm-none-eabi/lib/thumb/v7e-m/nofp/crt0.o
 .ARM.extab     0x0000000000000000        0x0 /usr/lib/gcc/arm-none-eabi/10.3.1/../../../arm-none-eabi/lib/thumb/v7e-m/nofp/crt0.o
 .ARM.exidx     0x0000000000000000       0x10 /usr/lib/gcc/arm-none-eabi/10.3.1/../../../arm-none-eabi/lib/thumb/v7e-m/nofp/crt0.o
 .debug_line    0x0000000000000000       0x87 /usr/lib/gcc/arm-none-eabi/10.3.1/../../../arm-none-eabi/lib/thumb/v7e-m/nofp/crt0.o
 .debug_info    0x0000000000000000       0x26 /usr/lib/gcc/arm-none-eabi/10.3.1/../../../arm-none-eabi/lib/thumb/v7e-m/nofp/crt0.o
 .debug_abbrev  0x0000000000000000       0x14 /usr/lib/gcc/arm-none-eabi/10.3.1/../../../arm-none-eabi/lib/thumb/v7e-m/nofp/crt0.o
 .debug_aranges
                0x0000000000000000       0x20 /usr/lib/gcc/arm-none-eabi/10.3.1/../../../arm-none-eabi/lib/thumb/v7e-m/nofp/crt0.o
 .debug_str     0x0000000000000000       0x95 /usr/lib/gcc/arm-none-eabi/10.3.1/../../../arm-none-eabi/lib/thumb/v7e-m/nofp/crt0.o
 .ARM.attributes
                0x0000000000000000       0x1c /usr/lib/gcc/arm-none-eabi/10.3.1/../../../arm-none-eabi/lib/thumb/v7e-m/nofp/crt0.o
 .text          0x0000000000000000        0x0 objdir-CW308_STM32F4/main.o
 .data          0x0000000000000000       0x20 objdir-CW308_STM32F4/main.o
 .text.recv_0   0x0000000000000000       0x24 objdir-CW308_STM32F4/main.o
 .text          0x0000000000000000        0x0 objdir-CW308_STM32F4/sign.o
 .data          0x0000000000000000        0x0 objdir-CW308_STM32F4/sign.o
[...]
Memory Configuration

Name             Origin             Length             Attributes
RAM              0x0000000020000000 0x0000000000020000 xrw
ROM              0x0000000008000000 0x0000000000100000 xr
*default*        0x0000000000000000 0xffffffffffffffff

Linker script and memory map

LOAD /usr/lib/gcc/arm-none-eabi/10.3.1/thumb/v7e-m/nofp/crti.o
LOAD /usr/lib/gcc/arm-none-eabi/10.3.1/thumb/v7e-m/nofp/crtbegin.o
LOAD /usr/lib/gcc/arm-none-eabi/10.3.1/../../../arm-none-eabi/lib/thumb/v7e-m/nofp/crt0.o
LOAD objdir-CW308_STM32F4/main.o
LOAD objdir-CW308_STM32F4/sign.o
LOAD objdir-CW308_STM32F4/packing.o
LOAD objdir-CW308_STM32F4/polyvec.o
LOAD objdir-CW308_STM32F4/poly.o
LOAD objdir-CW308_STM32F4/ntt.o
LOAD objdir-CW308_STM32F4/reduce.o
LOAD objdir-CW308_STM32F4/rounding.o
LOAD objdir-CW308_STM32F4/fips202.o
LOAD objdir-CW308_STM32F4/symmetric-shake.o
LOAD objdir-CW308_STM32F4/aes256ctr.o
LOAD objdir-CW308_STM32F4/simpleserial.o
LOAD objdir-CW308_STM32F4/stm32f4_hal.o
LOAD objdir-CW308_STM32F4/stm32f4_hal_lowlevel.o
LOAD objdir-CW308_STM32F4/stm32f4_sysmem.o
LOAD objdir-CW308_STM32F4/stm32f4xx_hal_rng.o
LOAD objdir-CW308_STM32F4/stm32f4_startup.o
LOAD /usr/lib/gcc/arm-none-eabi/10.3.1/../../../arm-none-eabi/lib/thumb/v7e-m/nofp/libm.a
LOAD /usr/lib/gcc/arm-none-eabi/10.3.1/../../../arm-none-eabi/lib/thumb/v7e-m/nofp/libm.a
START GROUP
LOAD /usr/lib/gcc/arm-none-eabi/10.3.1/thumb/v7e-m/nofp/libgcc.a
LOAD /usr/lib/gcc/arm-none-eabi/10.3.1/../../../arm-none-eabi/lib/thumb/v7e-m/nofp/libg.a
LOAD /usr/lib/gcc/arm-none-eabi/10.3.1/../../../arm-none-eabi/lib/thumb/v7e-m/nofp/libc.a
END GROUP
START GROUP
LOAD /usr/lib/gcc/arm-none-eabi/10.3.1/thumb/v7e-m/nofp/libgcc.a
LOAD /usr/lib/gcc/arm-none-eabi/10.3.1/../../../arm-none-eabi/lib/thumb/v7e-m/nofp/libc.a
LOAD /usr/lib/gcc/arm-none-eabi/10.3.1/../../../arm-none-eabi/lib/thumb/v7e-m/nofp/libnosys.a
END GROUP
LOAD /usr/lib/gcc/arm-none-eabi/10.3.1/thumb/v7e-m/nofp/crtend.o
LOAD /usr/lib/gcc/arm-none-eabi/10.3.1/thumb/v7e-m/nofp/crtn.o
                0x0000000020020000                _estack = 0x20020000
                0x0000000000000000                _Min_Heap_Size = 0x0
                0x0000000000000400                _Min_Stack_Size = 0x400

.isr_vector     0x0000000008000000      0x188
                0x0000000008000000                . = ALIGN (0x4)
 *(.isr_vector)
 .isr_vector    0x0000000008000000      0x188 objdir-CW308_STM32F4/stm32f4_startup.o
                0x0000000008000000                g_pfnVectors
                0x0000000008000188                . = ALIGN (0x4)

.text           0x0000000008000188     0x59bc
                0x0000000008000188                . = ALIGN (0x4)
 *(.text)
 .text          0x0000000008000188       0x88 /usr/lib/gcc/arm-none-eabi/10.3.1/thumb/v7e-m/nofp/crtbegin.o
 .text          0x0000000008000210        0xc /usr/lib/gcc/arm-none-eabi/10.3.1/../../../arm-none-eabi/lib/thumb/v7e-m/nofp/libg.a(lib_a-atexit.o)
                0x0000000008000210                atexit
 .text          0x000000000800021c       0x2c /usr/lib/gcc/arm-none-eabi/10.3.1/../../../arm-none-eabi/lib/thumb/v7e-m/nofp/libg.a(lib_a-fini.o)
                0x000000000800021c                __libc_fini_array
 .text          0x0000000008000248       0x48 /usr/lib/gcc/arm-none-eabi/10.3.1/../../../arm-none-eabi/lib/thumb/v7e-m/nofp/libg.a(lib_a-init.o)
                0x0000000008000248                __libc_init_array
 .text          0x0000000008000290      0x134 /usr/lib/gcc/arm-none-eabi/10.3.1/../../../arm-none-eabi/lib/thumb/v7e-m/nofp/libg.a(lib_a-memcpy.o)
                0x0000000008000290                memcpy
 .text          0x00000000080003c4       0x68 /usr/lib/gcc/arm-none-eabi/10.3.1/../../../arm-none-eabi/lib/thumb/v7e-m/nofp/libg.a(lib_a-__atexit.o)
                0x00000000080003c4                __register_exitproc
 *(.text*)
 .text.recv_9   0x000000000800042c       0x28 objdir-CW308_STM32F4/main.o
                0x000000000800042c                recv_9
 .text.recv_final
                0x0000000008000454       0x48 objdir-CW308_STM32F4/main.o
                0x0000000008000454                recv_final
 .text.main_func
                0x000000000800049c       0x88 objdir-CW308_STM32F4/main.o
                0x000000000800049c                main_func
 .text.main     0x0000000008000524       0x44 objdir-CW308_STM32F4/main.o
                0x0000000008000524                main
 .text.pqcrystals_dilithium2_ref_poly_uniform_gamma1
                0x0000000008000568       0x78 objdir-CW308_STM32F4/poly.o
                0x0000000008000568                pqcrystals_dilithium2_ref_poly_uniform_gamma1
 .text.pqcrystals_dilithium2_ref_polyz_unpack
                0x00000000080005e0      0x2e2 objdir-CW308_STM32F4/poly.o
                0x00000000080005e0                pqcrystals_dilithium2_ref_polyz_unpack
 .text.load64   0x00000000080008c2       0x7a objdir-CW308_STM32F4/fips202.o
 .text.store64  0x000000000800093c       0x58 objdir-CW308_STM32F4/fips202.o
 .text.KeccakF1600_StatePermute
                0x0000000008000994     0x3304 objdir-CW308_STM32F4/fips202.o
 .text.keccak_init
                0x0000000008003c98       0x40 objdir-CW308_STM32F4/fips202.o
 .text.keccak_absorb
                0x0000000008003cd8      0x290 objdir-CW308_STM32F4/fips202.o
 .text.keccak_finalize
                0x0000000008003f68       0x9e objdir-CW308_STM32F4/fips202.o
 .text.keccak_squeezeblocks
                0x0000000008004006       0x64 objdir-CW308_STM32F4/fips202.o
 .text.pqcrystals_fips202_ref_shake256_init
                0x000000000800406a       0x16 objdir-CW308_STM32F4/fips202.o
                0x000000000800406a                pqcrystals_fips202_ref_shake256_init
 .text.pqcrystals_fips202_ref_shake256_absorb
                0x0000000008004080       0x30 objdir-CW308_STM32F4/fips202.o
                0x0000000008004080                pqcrystals_fips202_ref_shake256_absorb
 .text.pqcrystals_fips202_ref_shake256_finalize
                0x00000000080040b0       0x28 objdir-CW308_STM32F4/fips202.o
                0x00000000080040b0                pqcrystals_fips202_ref_shake256_finalize
 .text.pqcrystals_fips202_ref_shake256_squeezeblocks
                0x00000000080040d8       0x20 objdir-CW308_STM32F4/fips202.o
                0x00000000080040d8                pqcrystals_fips202_ref_shake256_squeezeblocks
 .text.pqcrystals_dilithium2_ref_dilithium_shake256_stream_init
                0x00000000080040f8       0x4a objdir-CW308_STM32F4/symmetric-shake.o
                0x00000000080040f8                pqcrystals_dilithium2_ref_dilithium_shake256_stream_init
 .text.check_version
                0x0000000008004142       0x18 objdir-CW308_STM32F4/simpleserial.o
                0x0000000008004142                check_version
 *fill*         0x000000000800415a        0x2 
 .text.ss_num_commands
                0x000000000800415c       0x30 objdir-CW308_STM32F4/simpleserial.o
                0x000000000800415c                ss_num_commands
 .text.ss_get_commands
                0x000000000800418c       0xc0 objdir-CW308_STM32F4/simpleserial.o
                0x000000000800418c                ss_get_commands
 .text.hex_decode
                0x000000000800424c      0x130 objdir-CW308_STM32F4/simpleserial.o
                0x000000000800424c                hex_decode
 .text.simpleserial_init
                0x000000000800437c       0x34 objdir-CW308_STM32F4/simpleserial.o
                0x000000000800437c                simpleserial_init
 .text.simpleserial_addcmd
                0x00000000080043b0       0x24 objdir-CW308_STM32F4/simpleserial.o
                0x00000000080043b0                simpleserial_addcmd
 .text.simpleserial_addcmd_flags
                0x00000000080043d4       0x88 objdir-CW308_STM32F4/simpleserial.o
                0x00000000080043d4                simpleserial_addcmd_flags
 .text.simpleserial_get
                0x000000000800445c      0x1c4 objdir-CW308_STM32F4/simpleserial.o
                0x000000000800445c                simpleserial_get
 .text.simpleserial_put
                0x0000000008004620       0x6c objdir-CW308_STM32F4/simpleserial.o
                0x0000000008004620                simpleserial_put
 .text.platform_init
                0x000000000800468c       0xa0 objdir-CW308_STM32F4/stm32f4_hal.o
                0x000000000800468c                platform_init
 .text.init_uart
                0x000000000800472c       0xac objdir-CW308_STM32F4/stm32f4_hal.o
                0x000000000800472c                init_uart
 .text.trigger_setup
                0x00000000080047d8       0x50 objdir-CW308_STM32F4/stm32f4_hal.o
                0x00000000080047d8                trigger_setup
 .text.trigger_high
                0x0000000008004828       0x18 objdir-CW308_STM32F4/stm32f4_hal.o
                0x0000000008004828                trigger_high
 .text.trigger_low
                0x0000000008004840       0x18 objdir-CW308_STM32F4/stm32f4_hal.o
                0x0000000008004840                trigger_low
 .text.getch    0x0000000008004858       0x2c objdir-CW308_STM32F4/stm32f4_hal.o
                0x0000000008004858                getch
 .text.putch    0x0000000008004884       0x2c objdir-CW308_STM32F4/stm32f4_hal.o
                0x0000000008004884                putch
 .text.HAL_GetTick
                0x00000000080048b0       0x1c objdir-CW308_STM32F4/stm32f4_hal_lowlevel.o
                0x00000000080048b0                HAL_GetTick
 .text.HAL_RCC_OscConfig
                0x00000000080048cc      0x4c4 objdir-CW308_STM32F4/stm32f4_hal_lowlevel.o
                0x00000000080048cc                HAL_RCC_OscConfig
 .text.HAL_RCC_ClockConfig
                0x0000000008004d90      0x1e8 objdir-CW308_STM32F4/stm32f4_hal_lowlevel.o
                0x0000000008004d90                HAL_RCC_ClockConfig
 .text.HAL_RCC_GetPCLK1Freq
                0x0000000008004f78       0x14 objdir-CW308_STM32F4/stm32f4_hal_lowlevel.o
                0x0000000008004f78                HAL_RCC_GetPCLK1Freq
 .text.HAL_RCC_GetPCLK2Freq
                0x0000000008004f8c       0x14 objdir-CW308_STM32F4/stm32f4_hal_lowlevel.o
                0x0000000008004f8c                HAL_RCC_GetPCLK2Freq
 .text.HAL_GPIO_Init
                0x0000000008004fa0      0x334 objdir-CW308_STM32F4/stm32f4_hal_lowlevel.o
                0x0000000008004fa0                HAL_GPIO_Init
 .text.HAL_GPIO_WritePin
                0x00000000080052d4       0x30 objdir-CW308_STM32F4/stm32f4_hal_lowlevel.o
                0x00000000080052d4                HAL_GPIO_WritePin
 .text.UART_SetConfig
                0x0000000008005304      0x438 objdir-CW308_STM32F4/stm32f4_hal_lowlevel.o
 .text.HAL_UART_Init
                0x000000000800573c       0x94 objdir-CW308_STM32F4/stm32f4_hal_lowlevel.o
                0x000000000800573c                HAL_UART_Init
 .text.UART_WaitOnFlagForever
                0x00000000080057d0       0x3a objdir-CW308_STM32F4/stm32f4_hal_lowlevel.o
 .text.HAL_UART_Transmit
                0x000000000800580a      0x114 objdir-CW308_STM32F4/stm32f4_hal_lowlevel.o
                0x000000000800580a                HAL_UART_Transmit
 .text.HAL_UART_Receive
                0x000000000800591e      0x136 objdir-CW308_STM32F4/stm32f4_hal_lowlevel.o
                0x000000000800591e                HAL_UART_Receive
 .text.HAL_RNG_Init
                0x0000000008005a54       0x66 objdir-CW308_STM32F4/stm32f4xx_hal_rng.o
                0x0000000008005a54                HAL_RNG_Init
 .text.HAL_RNG_MspInit
                0x0000000008005aba       0x12 objdir-CW308_STM32F4/stm32f4xx_hal_rng.o
                0x0000000008005aba                HAL_RNG_MspInit
 .text.Reset_Handler
                0x0000000008005acc       0x48 objdir-CW308_STM32F4/stm32f4_startup.o
                0x0000000008005acc                Reset_Handler
 .text.Default_Handler
                0x0000000008005b14        0x2 objdir-CW308_STM32F4/stm32f4_startup.o
                0x0000000008005b14                DebugMon_Handler
                0x0000000008005b14                HardFault_Handler
                0x0000000008005b14                SysTick_Handler
                0x0000000008005b14                PendSV_Handler
                0x0000000008005b14                NMI_Handler
                0x0000000008005b14                UsageFault_Handler
                0x0000000008005b14                Default_Handler
                0x0000000008005b14                MemManage_Handler
                0x0000000008005b14                SVC_Handler
                0x0000000008005b14                BusFault_Handler
 *fill*         0x0000000008005b16        0x2 
 .text.startup  0x0000000008005b18       0x14 /usr/lib/gcc/arm-none-eabi/10.3.1/../../../arm-none-eabi/lib/thumb/v7e-m/nofp/libg.a(lib_a-__call_atexit.o)
 *(.glue_7)
 .glue_7        0x0000000008005b2c        0x0 linker stubs
 *(.glue_7t)
 .glue_7t       0x0000000008005b2c        0x0 linker stubs
 *(.eh_frame)
 .eh_frame      0x0000000008005b2c        0x0 /usr/lib/gcc/arm-none-eabi/10.3.1/thumb/v7e-m/nofp/crtbegin.o
 *(.init)
 .init          0x0000000008005b2c        0x4 /usr/lib/gcc/arm-none-eabi/10.3.1/thumb/v7e-m/nofp/crti.o
                0x0000000008005b2c                _init
 .init          0x0000000008005b30        0x8 /usr/lib/gcc/arm-none-eabi/10.3.1/thumb/v7e-m/nofp/crtn.o
 *(.fini)
 .fini          0x0000000008005b38        0x4 /usr/lib/gcc/arm-none-eabi/10.3.1/thumb/v7e-m/nofp/crti.o
                0x0000000008005b38                _fini
 .fini          0x0000000008005b3c        0x8 /usr/lib/gcc/arm-none-eabi/10.3.1/thumb/v7e-m/nofp/crtn.o
                0x0000000008005b44                . = ALIGN (0x4)
                0x0000000008005b44                _etext = .

.vfp11_veneer   0x0000000008005b44        0x0
 .vfp11_veneer  0x0000000008005b44        0x0 linker stubs

.v4_bx          0x0000000008005b44        0x0
 .v4_bx         0x0000000008005b44        0x0 linker stubs

.iplt           0x0000000008005b44        0x0
 .iplt          0x0000000008005b44        0x0 /usr/lib/gcc/arm-none-eabi/10.3.1/thumb/v7e-m/nofp/crtbegin.o

.rodata         0x0000000008005b48       0xc4
                0x0000000008005b48                . = ALIGN (0x4)
 *(.rodata)
 .rodata        0x0000000008005b48       0xc0 objdir-CW308_STM32F4/fips202.o
 .rodata        0x0000000008005c08        0x4 /usr/lib/gcc/arm-none-eabi/10.3.1/../../../arm-none-eabi/lib/thumb/v7e-m/nofp/libg.a(lib_a-impure.o)
                0x0000000008005c08                _global_impure_ptr
 *(.rodata*)
                0x0000000008005c0c                . = ALIGN (0x4)

.rel.dyn        0x0000000008005c0c        0x0
 .rel.iplt      0x0000000008005c0c        0x0 /usr/lib/gcc/arm-none-eabi/10.3.1/thumb/v7e-m/nofp/crtbegin.o

.ARM.extab      0x0000000008005c0c        0x0
                0x0000000008005c0c                . = ALIGN (0x4)
 *(.ARM.extab* .gnu.linkonce.armextab.*)
                0x0000000008005c0c                . = ALIGN (0x4)

.ARM            0x0000000008005c0c        0x0
                0x0000000008005c0c                . = ALIGN (0x4)
                0x0000000008005c0c                __exidx_start = .
 *(.ARM.exidx*)
                0x0000000008005c0c                __exidx_end = .
                0x0000000008005c0c                . = ALIGN (0x4)

.preinit_array  0x0000000008005c0c        0x0
                0x0000000008005c0c                . = ALIGN (0x4)
                0x0000000008005c0c                PROVIDE (__preinit_array_start = .)
 *(.preinit_array*)
                0x0000000008005c0c                PROVIDE (__preinit_array_end = .)
                0x0000000008005c0c                . = ALIGN (0x4)

.init_array     0x0000000008005c0c        0x8
                0x0000000008005c0c                . = ALIGN (0x4)
                0x0000000008005c0c                PROVIDE (__init_array_start = .)
 *(SORT_BY_NAME(.init_array.*))
 .init_array.00000
                0x0000000008005c0c        0x4 /usr/lib/gcc/arm-none-eabi/10.3.1/../../../arm-none-eabi/lib/thumb/v7e-m/nofp/libg.a(lib_a-__call_atexit.o)
 *(.init_array*)
 .init_array    0x0000000008005c10        0x4 /usr/lib/gcc/arm-none-eabi/10.3.1/thumb/v7e-m/nofp/crtbegin.o
                0x0000000008005c14                PROVIDE (__init_array_end = .)
                0x0000000008005c14                . = ALIGN (0x4)

.fini_array     0x0000000008005c14        0x4
                0x0000000008005c14                . = ALIGN (0x4)
                0x0000000008005c14                PROVIDE (__fini_array_start = .)
 *(SORT_BY_NAME(.fini_array.*))
 *(.fini_array*)
 .fini_array    0x0000000008005c14        0x4 /usr/lib/gcc/arm-none-eabi/10.3.1/thumb/v7e-m/nofp/crtbegin.o
                0x0000000008005c18                PROVIDE (__fini_array_end = .)
                0x0000000008005c18                . = ALIGN (0x4)
                0x0000000008005c18                _sidata = LOADADDR (.data)

.data           0x0000000020000000      0x440 load address 0x0000000008005c18
                0x0000000020000000                . = ALIGN (0x4)
                0x0000000020000000                _sdata = .
 *(.data)
 .data          0x0000000020000000       0x10 objdir-CW308_STM32F4/simpleserial.o
 .data          0x0000000020000010      0x430 /usr/lib/gcc/arm-none-eabi/10.3.1/../../../arm-none-eabi/lib/thumb/v7e-m/nofp/libg.a(lib_a-impure.o)
                0x0000000020000010                _impure_ptr
 *(.data*)
                0x0000000020000440                . = ALIGN (0x4)
                0x0000000020000440                _edata = .

.tm_clone_table
                0x0000000020000440        0x0 load address 0x0000000008006058
 .tm_clone_table
                0x0000000020000440        0x0 /usr/lib/gcc/arm-none-eabi/10.3.1/thumb/v7e-m/nofp/crtbegin.o
 .tm_clone_table
                0x0000000020000440        0x0 /usr/lib/gcc/arm-none-eabi/10.3.1/thumb/v7e-m/nofp/crtend.o

.igot.plt       0x0000000020000440        0x0 load address 0x0000000008006058
 .igot.plt      0x0000000020000440        0x0 /usr/lib/gcc/arm-none-eabi/10.3.1/thumb/v7e-m/nofp/crtbegin.o
                0x0000000020000440                . = ALIGN (0x4)

.bss            0x0000000020000440     0x2874 load address 0x0000000008006058
                0x0000000020000440                _sbss = .
                0x0000000020000440                __bss_start__ = _sbss
 *(.bss)
 .bss           0x0000000020000440       0x1c /usr/lib/gcc/arm-none-eabi/10.3.1/thumb/v7e-m/nofp/crtbegin.o
 .bss           0x000000002000045c     0x26b4 objdir-CW308_STM32F4/main.o
                0x000000002000045c                m
                0x0000000020000480                sm
                0x0000000020000e18                m2
                0x00000000200017b0                pk
                0x0000000020001cd0                sk
                0x00000000200026c0                dst
                0x00000000200026e0                rhoprime
                0x0000000020002710                y
 .bss           0x0000000020002b10      0x104 objdir-CW308_STM32F4/simpleserial.o
 .bss           0x0000000020002c14       0x9c objdir-CW308_STM32F4/stm32f4_hal.o
                0x0000000020002c14                RngHandle
                0x0000000020002c20                UartHandle
                0x0000000020002c60                hw_key
 .bss           0x0000000020002cb0        0x4 objdir-CW308_STM32F4/stm32f4_hal_lowlevel.o
 *(.bss*)
 *(COMMON)
                0x0000000020002cb4                . = ALIGN (0x4)
                0x0000000020002cb4                _ebss = .
                0x0000000020002cb4                __bss_end__ = _ebss

._user_heap_stack
                0x0000000020002cb4      0x404 load address 0x0000000008006058
                0x0000000020002cb8                . = ALIGN (0x8)
 *fill*         0x0000000020002cb4        0x4 
                0x0000000020002cb8                PROVIDE (end = .)
                [!provide]                        PROVIDE (_end = .)
                0x0000000020002cb8                . = (. + _Min_Heap_Size)
                0x00000000200030b8                . = (. + _Min_Stack_Size)
 *fill*         0x0000000020002cb8      0x400 
                0x00000000200030b8                . = ALIGN (0x8)

/DISCARD/
 libc.a(*)
 libm.a(*)
 libgcc.a(*)

.ARM.attributes
                0x0000000000000000       0x2a
 *(.ARM.attributes)
 .ARM.attributes
                0x0000000000000000       0x1e /usr/lib/gcc/arm-none-eabi/10.3.1/thumb/v7e-m/nofp/crti.o
 .ARM.attributes
                0x000000000000001e       0x2e /usr/lib/gcc/arm-none-eabi/10.3.1/thumb/v7e-m/nofp/crtbegin.o
 .ARM.attributes
                0x000000000000004c       0x2e objdir-CW308_STM32F4/main.o
 .ARM.attributes
                0x000000000000007a       0x2e objdir-CW308_STM32F4/poly.o
 .ARM.attributes
                0x00000000000000a8       0x2e objdir-CW308_STM32F4/fips202.o
 .ARM.attributes
                0x00000000000000d6       0x2e objdir-CW308_STM32F4/symmetric-shake.o
 .ARM.attributes
                0x0000000000000104       0x2e objdir-CW308_STM32F4/simpleserial.o
 .ARM.attributes
                0x0000000000000132       0x2e objdir-CW308_STM32F4/stm32f4_hal.o
 .ARM.attributes
                0x0000000000000160       0x2e objdir-CW308_STM32F4/stm32f4_hal_lowlevel.o
 .ARM.attributes
                0x000000000000018e       0x2e objdir-CW308_STM32F4/stm32f4xx_hal_rng.o
 .ARM.attributes
                0x00000000000001bc       0x21 objdir-CW308_STM32F4/stm32f4_startup.o
 .ARM.attributes
                0x00000000000001dd       0x2e /usr/lib/gcc/arm-none-eabi/10.3.1/../../../arm-none-eabi/lib/thumb/v7e-m/nofp/libg.a(lib_a-atexit.o)
 .ARM.attributes
                0x000000000000020b       0x2e /usr/lib/gcc/arm-none-eabi/10.3.1/../../../arm-none-eabi/lib/thumb/v7e-m/nofp/libg.a(lib_a-fini.o)
 .ARM.attributes
                0x0000000000000239       0x2e /usr/lib/gcc/arm-none-eabi/10.3.1/../../../arm-none-eabi/lib/thumb/v7e-m/nofp/libg.a(lib_a-impure.o)
 .ARM.attributes
                0x0000000000000267       0x2e /usr/lib/gcc/arm-none-eabi/10.3.1/../../../arm-none-eabi/lib/thumb/v7e-m/nofp/libg.a(lib_a-init.o)
 .ARM.attributes
                0x0000000000000295       0x1c /usr/lib/gcc/arm-none-eabi/10.3.1/../../../arm-none-eabi/lib/thumb/v7e-m/nofp/libg.a(lib_a-memcpy.o)
 .ARM.attributes
                0x00000000000002b1       0x2e /usr/lib/gcc/arm-none-eabi/10.3.1/../../../arm-none-eabi/lib/thumb/v7e-m/nofp/libg.a(lib_a-__atexit.o)
 .ARM.attributes
                0x00000000000002df       0x2e /usr/lib/gcc/arm-none-eabi/10.3.1/../../../arm-none-eabi/lib/thumb/v7e-m/nofp/libg.a(lib_a-__call_atexit.o)
 .ARM.attributes
                0x000000000000030d       0x2e /usr/lib/gcc/arm-none-eabi/10.3.1/thumb/v7e-m/nofp/crtend.o
 .ARM.attributes
                0x000000000000033b       0x1e /usr/lib/gcc/arm-none-eabi/10.3.1/thumb/v7e-m/nofp/crtn.o
OUTPUT(simple-test-CW308_STM32F4.elf elf32-littlearm)
LOAD linker stubs
LOAD /usr/lib/gcc/arm-none-eabi/10.3.1/../../../arm-none-eabi/lib/thumb/v7e-m/nofp/libc.a
LOAD /usr/lib/gcc/arm-none-eabi/10.3.1/../../../arm-none-eabi/lib/thumb/v7e-m/nofp/libm.a
LOAD /usr/lib/gcc/arm-none-eabi/10.3.1/thumb/v7e-m/nofp/libgcc.a

.comment        0x0000000000000000       0x33
 .comment       0x0000000000000000       0x33 /usr/lib/gcc/arm-none-eabi/10.3.1/thumb/v7e-m/nofp/crtbegin.o
                                         0x34 (size before relaxing)
 .comment       0x0000000000000033       0x34 objdir-CW308_STM32F4/main.o
 .comment       0x0000000000000033       0x34 objdir-CW308_STM32F4/poly.o
 .comment       0x0000000000000033       0x34 objdir-CW308_STM32F4/fips202.o
 .comment       0x0000000000000033       0x34 objdir-CW308_STM32F4/symmetric-shake.o
 .comment       0x0000000000000033       0x34 objdir-CW308_STM32F4/simpleserial.o
 .comment       0x0000000000000033       0x34 objdir-CW308_STM32F4/stm32f4_hal.o
 .comment       0x0000000000000033       0x34 objdir-CW308_STM32F4/stm32f4_hal_lowlevel.o
 .comment       0x0000000000000033       0x34 objdir-CW308_STM32F4/stm32f4xx_hal_rng.o
 .comment       0x0000000000000033       0x34 /usr/lib/gcc/arm-none-eabi/10.3.1/../../../arm-none-eabi/lib/thumb/v7e-m/nofp/libg.a(lib_a-atexit.o)
 .comment       0x0000000000000033       0x34 /usr/lib/gcc/arm-none-eabi/10.3.1/../../../arm-none-eabi/lib/thumb/v7e-m/nofp/libg.a(lib_a-fini.o)
 .comment       0x0000000000000033       0x34 /usr/lib/gcc/arm-none-eabi/10.3.1/../../../arm-none-eabi/lib/thumb/v7e-m/nofp/libg.a(lib_a-impure.o)
 .comment       0x0000000000000033       0x34 /usr/lib/gcc/arm-none-eabi/10.3.1/../../../arm-none-eabi/lib/thumb/v7e-m/nofp/libg.a(lib_a-init.o)
 .comment       0x0000000000000033       0x34 /usr/lib/gcc/arm-none-eabi/10.3.1/../../../arm-none-eabi/lib/thumb/v7e-m/nofp/libg.a(lib_a-__atexit.o)
 .comment       0x0000000000000033       0x34 /usr/lib/gcc/arm-none-eabi/10.3.1/../../../arm-none-eabi/lib/thumb/v7e-m/nofp/libg.a(lib_a-__call_atexit.o)
 .comment       0x0000000000000033       0x34 /usr/lib/gcc/arm-none-eabi/10.3.1/thumb/v7e-m/nofp/crtend.o

.debug_info     0x0000000000000000     0x7471
 .debug_info    0x0000000000000000      0x35e objdir-CW308_STM32F4/main.o
 .debug_info    0x000000000000035e      0xbc8 objdir-CW308_STM32F4/poly.o
 .debug_info    0x0000000000000f26      0xc00 objdir-CW308_STM32F4/fips202.o
 .debug_info    0x0000000000001b26      0x1a0 objdir-CW308_STM32F4/symmetric-shake.o
 .debug_info    0x0000000000001cc6      0x5a4 objdir-CW308_STM32F4/simpleserial.o
 .debug_info    0x000000000000226a     0x12cb objdir-CW308_STM32F4/stm32f4_hal.o
 .debug_info    0x0000000000003535     0x1a2c objdir-CW308_STM32F4/stm32f4_hal_lowlevel.o
 .debug_info    0x0000000000004f61      0x4b7 objdir-CW308_STM32F4/stm32f4xx_hal_rng.o
 .debug_info    0x0000000000005418      0x100 /usr/lib/gcc/arm-none-eabi/10.3.1/../../../arm-none-eabi/lib/thumb/v7e-m/nofp/libg.a(lib_a-atexit.o)
 .debug_info    0x0000000000005518      0x102 /usr/lib/gcc/arm-none-eabi/10.3.1/../../../arm-none-eabi/lib/thumb/v7e-m/nofp/libg.a(lib_a-fini.o)
 .debug_info    0x000000000000561a      0x92a /usr/lib/gcc/arm-none-eabi/10.3.1/../../../arm-none-eabi/lib/thumb/v7e-m/nofp/libg.a(lib_a-impure.o)
 .debug_info    0x0000000000005f44      0x11a /usr/lib/gcc/arm-none-eabi/10.3.1/../../../arm-none-eabi/lib/thumb/v7e-m/nofp/libg.a(lib_a-init.o)
 .debug_info    0x000000000000605e       0x26 /usr/lib/gcc/arm-none-eabi/10.3.1/../../../arm-none-eabi/lib/thumb/v7e-m/nofp/libg.a(lib_a-memcpy.o)
 .debug_info    0x0000000000006084      0x9b0 /usr/lib/gcc/arm-none-eabi/10.3.1/../../../arm-none-eabi/lib/thumb/v7e-m/nofp/libg.a(lib_a-__atexit.o)
 .debug_info    0x0000000000006a34      0xa3d /usr/lib/gcc/arm-none-eabi/10.3.1/../../../arm-none-eabi/lib/thumb/v7e-m/nofp/libg.a(lib_a-__call_atexit.o)

.debug_abbrev   0x0000000000000000     0x17ff
 .debug_abbrev  0x0000000000000000      0x14c objdir-CW308_STM32F4/main.o
 .debug_abbrev  0x000000000000014c      0x1ee objdir-CW308_STM32F4/poly.o
 .debug_abbrev  0x000000000000033a      0x1a5 objdir-CW308_STM32F4/fips202.o
 .debug_abbrev  0x00000000000004df       0xd5 objdir-CW308_STM32F4/symmetric-shake.o
 .debug_abbrev  0x00000000000005b4      0x1f3 objdir-CW308_STM32F4/simpleserial.o
 .debug_abbrev  0x00000000000007a7      0x1ff objdir-CW308_STM32F4/stm32f4_hal.o
 .debug_abbrev  0x00000000000009a6      0x35c objdir-CW308_STM32F4/stm32f4_hal_lowlevel.o
 .debug_abbrev  0x0000000000000d02      0x1ee objdir-CW308_STM32F4/stm32f4xx_hal_rng.o
 .debug_abbrev  0x0000000000000ef0       0xb7 /usr/lib/gcc/arm-none-eabi/10.3.1/../../../arm-none-eabi/lib/thumb/v7e-m/nofp/libg.a(lib_a-atexit.o)
 .debug_abbrev  0x0000000000000fa7       0xcf /usr/lib/gcc/arm-none-eabi/10.3.1/../../../arm-none-eabi/lib/thumb/v7e-m/nofp/libg.a(lib_a-fini.o)
 .debug_abbrev  0x0000000000001076      0x1b8 /usr/lib/gcc/arm-none-eabi/10.3.1/../../../arm-none-eabi/lib/thumb/v7e-m/nofp/libg.a(lib_a-impure.o)
 .debug_abbrev  0x000000000000122e       0xcc /usr/lib/gcc/arm-none-eabi/10.3.1/../../../arm-none-eabi/lib/thumb/v7e-m/nofp/libg.a(lib_a-init.o)
 .debug_abbrev  0x00000000000012fa       0x14 /usr/lib/gcc/arm-none-eabi/10.3.1/../../../arm-none-eabi/lib/thumb/v7e-m/nofp/libg.a(lib_a-memcpy.o)
 .debug_abbrev  0x000000000000130e      0x23f /usr/lib/gcc/arm-none-eabi/10.3.1/../../../arm-none-eabi/lib/thumb/v7e-m/nofp/libg.a(lib_a-__atexit.o)
 .debug_abbrev  0x000000000000154d      0x2b2 /usr/lib/gcc/arm-none-eabi/10.3.1/../../../arm-none-eabi/lib/thumb/v7e-m/nofp/libg.a(lib_a-__call_atexit.o)

.debug_loc      0x0000000000000000     0x2932
 .debug_loc     0x0000000000000000      0x16c objdir-CW308_STM32F4/main.o
 .debug_loc     0x000000000000016c      0x9cc objdir-CW308_STM32F4/poly.o
 .debug_loc     0x0000000000000b38      0x72a objdir-CW308_STM32F4/fips202.o
 .debug_loc     0x0000000000001262       0xa0 objdir-CW308_STM32F4/symmetric-shake.o
 .debug_loc     0x0000000000001302      0x330 objdir-CW308_STM32F4/simpleserial.o
 .debug_loc     0x0000000000001632      0x432 objdir-CW308_STM32F4/stm32f4_hal.o
 .debug_loc     0x0000000000001a64      0x624 objdir-CW308_STM32F4/stm32f4_hal_lowlevel.o
 .debug_loc     0x0000000000002088      0x470 objdir-CW308_STM32F4/stm32f4xx_hal_rng.o
 .debug_loc     0x00000000000024f8       0x32 /usr/lib/gcc/arm-none-eabi/10.3.1/../../../arm-none-eabi/lib/thumb/v7e-m/nofp/libg.a(lib_a-atexit.o)
 .debug_loc     0x000000000000252a       0x68 /usr/lib/gcc/arm-none-eabi/10.3.1/../../../arm-none-eabi/lib/thumb/v7e-m/nofp/libg.a(lib_a-fini.o)
 .debug_loc     0x0000000000002592       0xba /usr/lib/gcc/arm-none-eabi/10.3.1/../../../arm-none-eabi/lib/thumb/v7e-m/nofp/libg.a(lib_a-init.o)
 .debug_loc     0x000000000000264c      0x138 /usr/lib/gcc/arm-none-eabi/10.3.1/../../../arm-none-eabi/lib/thumb/v7e-m/nofp/libg.a(lib_a-__atexit.o)
 .debug_loc     0x0000000000002784      0x1ae /usr/lib/gcc/arm-none-eabi/10.3.1/../../../arm-none-eabi/lib/thumb/v7e-m/nofp/libg.a(lib_a-__call_atexit.o)

.debug_aranges  0x0000000000000000      0x530
 .debug_aranges
                0x0000000000000000       0x40 objdir-CW308_STM32F4/main.o
 .debug_aranges
                0x0000000000000040      0x100 objdir-CW308_STM32F4/poly.o
 .debug_aranges
                0x0000000000000140       0xc8 objdir-CW308_STM32F4/fips202.o
 .debug_aranges
                0x0000000000000208       0x28 objdir-CW308_STM32F4/symmetric-shake.o
 .debug_aranges
                0x0000000000000230       0x68 objdir-CW308_STM32F4/simpleserial.o
 .debug_aranges
                0x0000000000000298       0x88 objdir-CW308_STM32F4/stm32f4_hal.o
 .debug_aranges
                0x0000000000000320       0xb0 objdir-CW308_STM32F4/stm32f4_hal_lowlevel.o
 .debug_aranges
                0x00000000000003d0       0x80 objdir-CW308_STM32F4/stm32f4xx_hal_rng.o
 .debug_aranges
                0x0000000000000450       0x20 /usr/lib/gcc/arm-none-eabi/10.3.1/../../../arm-none-eabi/lib/thumb/v7e-m/nofp/libg.a(lib_a-atexit.o)
 .debug_aranges
                0x0000000000000470       0x20 /usr/lib/gcc/arm-none-eabi/10.3.1/../../../arm-none-eabi/lib/thumb/v7e-m/nofp/libg.a(lib_a-fini.o)
 .debug_aranges
                0x0000000000000490       0x18 /usr/lib/gcc/arm-none-eabi/10.3.1/../../../arm-none-eabi/lib/thumb/v7e-m/nofp/libg.a(lib_a-impure.o)
 .debug_aranges
                0x00000000000004a8       0x20 /usr/lib/gcc/arm-none-eabi/10.3.1/../../../arm-none-eabi/lib/thumb/v7e-m/nofp/libg.a(lib_a-init.o)
 .debug_aranges
                0x00000000000004c8       0x20 /usr/lib/gcc/arm-none-eabi/10.3.1/../../../arm-none-eabi/lib/thumb/v7e-m/nofp/libg.a(lib_a-memcpy.o)
 .debug_aranges
                0x00000000000004e8       0x20 /usr/lib/gcc/arm-none-eabi/10.3.1/../../../arm-none-eabi/lib/thumb/v7e-m/nofp/libg.a(lib_a-__atexit.o)
 .debug_aranges
                0x0000000000000508       0x28 /usr/lib/gcc/arm-none-eabi/10.3.1/../../../arm-none-eabi/lib/thumb/v7e-m/nofp/libg.a(lib_a-__call_atexit.o)

.debug_ranges   0x0000000000000000      0x450
 .debug_ranges  0x0000000000000000       0x30 objdir-CW308_STM32F4/main.o
 .debug_ranges  0x0000000000000030       0xf0 objdir-CW308_STM32F4/poly.o
 .debug_ranges  0x0000000000000120       0xb8 objdir-CW308_STM32F4/fips202.o
 .debug_ranges  0x00000000000001d8       0x18 objdir-CW308_STM32F4/symmetric-shake.o
 .debug_ranges  0x00000000000001f0       0x88 objdir-CW308_STM32F4/simpleserial.o
 .debug_ranges  0x0000000000000278       0x78 objdir-CW308_STM32F4/stm32f4_hal.o
 .debug_ranges  0x00000000000002f0       0xa0 objdir-CW308_STM32F4/stm32f4_hal_lowlevel.o
 .debug_ranges  0x0000000000000390       0x70 objdir-CW308_STM32F4/stm32f4xx_hal_rng.o
 .debug_ranges  0x0000000000000400       0x50 /usr/lib/gcc/arm-none-eabi/10.3.1/../../../arm-none-eabi/lib/thumb/v7e-m/nofp/libg.a(lib_a-__call_atexit.o)

.debug_line     0x0000000000000000     0x52f6
 .debug_line    0x0000000000000000      0x112 objdir-CW308_STM32F4/main.o
 .debug_line    0x0000000000000112     0x1d4b objdir-CW308_STM32F4/poly.o
 .debug_line    0x0000000000001e5d      0xfc5 objdir-CW308_STM32F4/fips202.o
 .debug_line    0x0000000000002e22       0xaf objdir-CW308_STM32F4/symmetric-shake.o
 .debug_line    0x0000000000002ed1      0x42d objdir-CW308_STM32F4/simpleserial.o
 .debug_line    0x00000000000032fe      0x3ba objdir-CW308_STM32F4/stm32f4_hal.o
 .debug_line    0x00000000000036b8     0x1001 objdir-CW308_STM32F4/stm32f4_hal_lowlevel.o
 .debug_line    0x00000000000046b9      0x384 objdir-CW308_STM32F4/stm32f4xx_hal_rng.o
 .debug_line    0x0000000000004a3d       0xc0 /usr/lib/gcc/arm-none-eabi/10.3.1/../../../arm-none-eabi/lib/thumb/v7e-m/nofp/libg.a(lib_a-atexit.o)
 .debug_line    0x0000000000004afd       0xed /usr/lib/gcc/arm-none-eabi/10.3.1/../../../arm-none-eabi/lib/thumb/v7e-m/nofp/libg.a(lib_a-fini.o)
 .debug_line    0x0000000000004bea       0xe4 /usr/lib/gcc/arm-none-eabi/10.3.1/../../../arm-none-eabi/lib/thumb/v7e-m/nofp/libg.a(lib_a-impure.o)
 .debug_line    0x0000000000004cce      0x138 /usr/lib/gcc/arm-none-eabi/10.3.1/../../../arm-none-eabi/lib/thumb/v7e-m/nofp/libg.a(lib_a-init.o)
 .debug_line    0x0000000000004e06       0xbe /usr/lib/gcc/arm-none-eabi/10.3.1/../../../arm-none-eabi/lib/thumb/v7e-m/nofp/libg.a(lib_a-memcpy.o)
 .debug_line    0x0000000000004ec4      0x19e /usr/lib/gcc/arm-none-eabi/10.3.1/../../../arm-none-eabi/lib/thumb/v7e-m/nofp/libg.a(lib_a-__atexit.o)
 .debug_line    0x0000000000005062      0x294 /usr/lib/gcc/arm-none-eabi/10.3.1/../../../arm-none-eabi/lib/thumb/v7e-m/nofp/libg.a(lib_a-__call_atexit.o)

.debug_str      0x0000000000000000     0x22dc
 .debug_str     0x0000000000000000      0x1f9 objdir-CW308_STM32F4/main.o
                                        0x249 (size before relaxing)
 .debug_str     0x00000000000001f9      0x49b objdir-CW308_STM32F4/poly.o
                                        0x699 (size before relaxing)
 .debug_str     0x0000000000000694      0x2c2 objdir-CW308_STM32F4/fips202.o
                                        0x4b8 (size before relaxing)
 .debug_str     0x0000000000000956       0x84 objdir-CW308_STM32F4/symmetric-shake.o
                                        0x27c (size before relaxing)
 .debug_str     0x00000000000009da      0x13a objdir-CW308_STM32F4/simpleserial.o
                                        0x328 (size before relaxing)
 .debug_str     0x0000000000000b14      0xac5 objdir-CW308_STM32F4/stm32f4_hal.o
                                        0xcea (size before relaxing)
 .debug_str     0x00000000000015d9      0x334 objdir-CW308_STM32F4/stm32f4_hal_lowlevel.o
                                        0xe68 (size before relaxing)
 .debug_str     0x000000000000190d      0x179 objdir-CW308_STM32F4/stm32f4xx_hal_rng.o
                                        0x47c (size before relaxing)
 .debug_str     0x0000000000001a86      0x14e /usr/lib/gcc/arm-none-eabi/10.3.1/../../../arm-none-eabi/lib/thumb/v7e-m/nofp/libg.a(lib_a-atexit.o)
                                        0x1de (size before relaxing)
 .debug_str     0x0000000000001bd4       0xbe /usr/lib/gcc/arm-none-eabi/10.3.1/../../../arm-none-eabi/lib/thumb/v7e-m/nofp/libg.a(lib_a-fini.o)
                                        0x1d6 (size before relaxing)
 .debug_str     0x0000000000001c92      0x444 /usr/lib/gcc/arm-none-eabi/10.3.1/../../../arm-none-eabi/lib/thumb/v7e-m/nofp/libg.a(lib_a-impure.o)
                                        0x57c (size before relaxing)
 .debug_str     0x00000000000020d6       0x90 /usr/lib/gcc/arm-none-eabi/10.3.1/../../../arm-none-eabi/lib/thumb/v7e-m/nofp/libg.a(lib_a-init.o)
                                        0x200 (size before relaxing)
 .debug_str     0x0000000000002166       0xae /usr/lib/gcc/arm-none-eabi/10.3.1/../../../arm-none-eabi/lib/thumb/v7e-m/nofp/libg.a(lib_a-memcpy.o)
 .debug_str     0x0000000000002214       0x3b /usr/lib/gcc/arm-none-eabi/10.3.1/../../../arm-none-eabi/lib/thumb/v7e-m/nofp/libg.a(lib_a-__atexit.o)
                                        0x5b6 (size before relaxing)
 .debug_str     0x000000000000224f       0x8d /usr/lib/gcc/arm-none-eabi/10.3.1/../../../arm-none-eabi/lib/thumb/v7e-m/nofp/libg.a(lib_a-__call_atexit.o)
                                        0x5e2 (size before relaxing)

.debug_frame    0x0000000000000000     0x129c
 .debug_frame   0x0000000000000000       0xc4 objdir-CW308_STM32F4/main.o
 .debug_frame   0x00000000000000c4      0x484 objdir-CW308_STM32F4/poly.o
 .debug_frame   0x0000000000000548      0x390 objdir-CW308_STM32F4/fips202.o
 .debug_frame   0x00000000000008d8       0x58 objdir-CW308_STM32F4/symmetric-shake.o
 .debug_frame   0x0000000000000930      0x184 objdir-CW308_STM32F4/simpleserial.o
 .debug_frame   0x0000000000000ab4      0x200 objdir-CW308_STM32F4/stm32f4_hal.o
 .debug_frame   0x0000000000000cb4      0x2e0 objdir-CW308_STM32F4/stm32f4_hal_lowlevel.o
 .debug_frame   0x0000000000000f94      0x204 objdir-CW308_STM32F4/stm32f4xx_hal_rng.o
 .debug_frame   0x0000000000001198       0x20 /usr/lib/gcc/arm-none-eabi/10.3.1/../../../arm-none-eabi/lib/thumb/v7e-m/nofp/libg.a(lib_a-atexit.o)
 .debug_frame   0x00000000000011b8       0x34 /usr/lib/gcc/arm-none-eabi/10.3.1/../../../arm-none-eabi/lib/thumb/v7e-m/nofp/libg.a(lib_a-fini.o)
 .debug_frame   0x00000000000011ec       0x2c /usr/lib/gcc/arm-none-eabi/10.3.1/../../../arm-none-eabi/lib/thumb/v7e-m/nofp/libg.a(lib_a-init.o)
 .debug_frame   0x0000000000001218       0x34 /usr/lib/gcc/arm-none-eabi/10.3.1/../../../arm-none-eabi/lib/thumb/v7e-m/nofp/libg.a(lib_a-__atexit.o)
 .debug_frame   0x000000000000124c       0x50 /usr/lib/gcc/arm-none-eabi/10.3.1/../../../arm-none-eabi/lib/thumb/v7e-m/nofp/libg.a(lib_a-__call_atexit.o)

.stab           0x0000000000000000      0x144
 .stab          0x0000000000000000      0x144 objdir-CW308_STM32F4/stm32f4_startup.o

.stabstr        0x0000000000000000       0x51
 .stabstr       0x0000000000000000       0x51 objdir-CW308_STM32F4/stm32f4_startup.o

Cross Reference Table

Symbol                                            File
BusFault_Handler                                  objdir-CW308_STM32F4/stm32f4_startup.o
DebugMon_Handler                                  objdir-CW308_STM32F4/stm32f4_startup.o
Default_Handler                                   objdir-CW308_STM32F4/stm32f4_startup.o
HAL_CRYP_AESECB_Decrypt                           objdir-CW308_STM32F4/stm32f4_hal_lowlevel.o
                                                  objdir-CW308_STM32F4/stm32f4_hal.o
HAL_CRYP_AESECB_Encrypt                           objdir-CW308_STM32F4/stm32f4_hal_lowlevel.o
                                                  objdir-CW308_STM32F4/stm32f4_hal.o
HAL_CRYP_DeInit                                   objdir-CW308_STM32F4/stm32f4_hal_lowlevel.o
HAL_CRYP_Init                                     objdir-CW308_STM32F4/stm32f4_hal_lowlevel.o
                                                  objdir-CW308_STM32F4/stm32f4_hal.o
HAL_GPIO_Init                                     objdir-CW308_STM32F4/stm32f4_hal_lowlevel.o
                                                  objdir-CW308_STM32F4/stm32f4_hal.o
HAL_GPIO_WritePin                                 objdir-CW308_STM32F4/stm32f4_hal_lowlevel.o
                                                  objdir-CW308_STM32F4/stm32f4_hal.o
HAL_GetTick                                       objdir-CW308_STM32F4/stm32f4_hal_lowlevel.o
                                                  objdir-CW308_STM32F4/stm32f4xx_hal_rng.o
HAL_RCC_ClockConfig                               objdir-CW308_STM32F4/stm32f4_hal_lowlevel.o
                                                  objdir-CW308_STM32F4/stm32f4_hal.o
HAL_RCC_GetPCLK1Freq                              objdir-CW308_STM32F4/stm32f4_hal_lowlevel.o
HAL_RCC_GetPCLK2Freq                              objdir-CW308_STM32F4/stm32f4_hal_lowlevel.o
HAL_RCC_OscConfig                                 objdir-CW308_STM32F4/stm32f4_hal_lowlevel.o
                                                  objdir-CW308_STM32F4/stm32f4_hal.o
HAL_RNG_DeInit                                    objdir-CW308_STM32F4/stm32f4xx_hal_rng.o
HAL_RNG_ErrorCallback                             objdir-CW308_STM32F4/stm32f4xx_hal_rng.o
HAL_RNG_GenerateRandomNumber                      objdir-CW308_STM32F4/stm32f4xx_hal_rng.o
                                                  objdir-CW308_STM32F4/stm32f4_hal.o
HAL_RNG_GenerateRandomNumber_IT                   objdir-CW308_STM32F4/stm32f4xx_hal_rng.o
HAL_RNG_GetRandomNumber                           objdir-CW308_STM32F4/stm32f4xx_hal_rng.o
HAL_RNG_GetRandomNumber_IT                        objdir-CW308_STM32F4/stm32f4xx_hal_rng.o
HAL_RNG_GetState                                  objdir-CW308_STM32F4/stm32f4xx_hal_rng.o
HAL_RNG_IRQHandler                                objdir-CW308_STM32F4/stm32f4xx_hal_rng.o
HAL_RNG_Init                                      objdir-CW308_STM32F4/stm32f4xx_hal_rng.o
                                                  objdir-CW308_STM32F4/stm32f4_hal.o
HAL_RNG_MspDeInit                                 objdir-CW308_STM32F4/stm32f4xx_hal_rng.o
HAL_RNG_MspInit                                   objdir-CW308_STM32F4/stm32f4xx_hal_rng.o
HAL_RNG_ReadLastRandomNumber                      objdir-CW308_STM32F4/stm32f4xx_hal_rng.o
HAL_RNG_ReadyDataCallback                         objdir-CW308_STM32F4/stm32f4xx_hal_rng.o
HAL_UART_Init                                     objdir-CW308_STM32F4/stm32f4_hal_lowlevel.o
                                                  objdir-CW308_STM32F4/stm32f4_hal.o
HAL_UART_Receive                                  objdir-CW308_STM32F4/stm32f4_hal_lowlevel.o
                                                  objdir-CW308_STM32F4/stm32f4_hal.o
HAL_UART_Transmit                                 objdir-CW308_STM32F4/stm32f4_hal_lowlevel.o
                                                  objdir-CW308_STM32F4/stm32f4_hal.o
HW_AES128_Dec                                     objdir-CW308_STM32F4/stm32f4_hal.o
HW_AES128_Enc                                     objdir-CW308_STM32F4/stm32f4_hal.o
HW_AES128_Enc_posttrigger                         objdir-CW308_STM32F4/stm32f4_hal.o
HW_AES128_Enc_pretrigger                          objdir-CW308_STM32F4/stm32f4_hal.o
HW_AES128_Init                                    objdir-CW308_STM32F4/stm32f4_hal.o
HW_AES128_LoadKey                                 objdir-CW308_STM32F4/stm32f4_hal.o
HardFault_Handler                                 objdir-CW308_STM32F4/stm32f4_startup.o
MemManage_Handler                                 objdir-CW308_STM32F4/stm32f4_startup.o
NMI_Handler                                       objdir-CW308_STM32F4/stm32f4_startup.o
PendSV_Handler                                    objdir-CW308_STM32F4/stm32f4_startup.o
RCC_AHB2PeriphClockCmd                            objdir-CW308_STM32F4/stm32f4_hal_lowlevel.o
Reset_Handler                                     objdir-CW308_STM32F4/stm32f4_startup.o
RngHandle                                         objdir-CW308_STM32F4/stm32f4_hal.o
SEED                                              objdir-CW308_STM32F4/main.o
SVC_Handler                                       objdir-CW308_STM32F4/stm32f4_startup.o
SysTick_Handler                                   objdir-CW308_STM32F4/stm32f4_startup.o
SystemInit                                        objdir-CW308_STM32F4/stm32f4_startup.o
UartHandle                                        objdir-CW308_STM32F4/stm32f4_hal.o
UsageFault_Handler                                objdir-CW308_STM32F4/stm32f4_startup.o
_ITM_deregisterTMCloneTable                       /usr/lib/gcc/arm-none-eabi/10.3.1/thumb/v7e-m/nofp/crtbegin.o
_ITM_registerTMCloneTable                         /usr/lib/gcc/arm-none-eabi/10.3.1/thumb/v7e-m/nofp/crtbegin.o
__TMC_END__                                       /usr/lib/gcc/arm-none-eabi/10.3.1/thumb/v7e-m/nofp/crtend.o
                                                  /usr/lib/gcc/arm-none-eabi/10.3.1/thumb/v7e-m/nofp/crtbegin.o
__bss_end__                                       /usr/lib/gcc/arm-none-eabi/10.3.1/../../../arm-none-eabi/lib/thumb/v7e-m/nofp/crt0.o
__bss_start__                                     /usr/lib/gcc/arm-none-eabi/10.3.1/../../../arm-none-eabi/lib/thumb/v7e-m/nofp/crt0.o
__call_exitprocs                                  /usr/lib/gcc/arm-none-eabi/10.3.1/../../../arm-none-eabi/lib/thumb/v7e-m/nofp/libg.a(lib_a-__call_atexit.o)
                                                  /usr/lib/gcc/arm-none-eabi/10.3.1/../../../arm-none-eabi/lib/thumb/v7e-m/nofp/libg.a(lib_a-exit.o)
__deregister_frame_info                           /usr/lib/gcc/arm-none-eabi/10.3.1/thumb/v7e-m/nofp/crtbegin.o
__dso_handle                                      /usr/lib/gcc/arm-none-eabi/10.3.1/thumb/v7e-m/nofp/crtbegin.o
__errno                                           /usr/lib/gcc/arm-none-eabi/10.3.1/../../../arm-none-eabi/lib/thumb/v7e-m/nofp/libg.a(lib_a-errno.o)
                                                  objdir-CW308_STM32F4/stm32f4_sysmem.o
__fini_array_end                                  /usr/lib/gcc/arm-none-eabi/10.3.1/../../../arm-none-eabi/lib/thumb/v7e-m/nofp/libg.a(lib_a-fini.o)
__fini_array_start                                /usr/lib/gcc/arm-none-eabi/10.3.1/../../../arm-none-eabi/lib/thumb/v7e-m/nofp/libg.a(lib_a-fini.o)
__init_array_end                                  /usr/lib/gcc/arm-none-eabi/10.3.1/../../../arm-none-eabi/lib/thumb/v7e-m/nofp/libg.a(lib_a-init.o)
__init_array_start                                /usr/lib/gcc/arm-none-eabi/10.3.1/../../../arm-none-eabi/lib/thumb/v7e-m/nofp/libg.a(lib_a-init.o)
__libc_fini                                       /usr/lib/gcc/arm-none-eabi/10.3.1/../../../arm-none-eabi/lib/thumb/v7e-m/nofp/libg.a(lib_a-__call_atexit.o)
__libc_fini_array                                 /usr/lib/gcc/arm-none-eabi/10.3.1/../../../arm-none-eabi/lib/thumb/v7e-m/nofp/libg.a(lib_a-fini.o)
                                                  /usr/lib/gcc/arm-none-eabi/10.3.1/../../../arm-none-eabi/lib/thumb/v7e-m/nofp/libg.a(lib_a-__call_atexit.o)
                                                  /usr/lib/gcc/arm-none-eabi/10.3.1/../../../arm-none-eabi/lib/thumb/v7e-m/nofp/crt0.o
__libc_init_array                                 /usr/lib/gcc/arm-none-eabi/10.3.1/../../../arm-none-eabi/lib/thumb/v7e-m/nofp/libg.a(lib_a-init.o)
                                                  objdir-CW308_STM32F4/stm32f4_startup.o
                                                  /usr/lib/gcc/arm-none-eabi/10.3.1/../../../arm-none-eabi/lib/thumb/v7e-m/nofp/crt0.o
__preinit_array_end                               /usr/lib/gcc/arm-none-eabi/10.3.1/../../../arm-none-eabi/lib/thumb/v7e-m/nofp/libg.a(lib_a-init.o)
__preinit_array_start                             /usr/lib/gcc/arm-none-eabi/10.3.1/../../../arm-none-eabi/lib/thumb/v7e-m/nofp/libg.a(lib_a-init.o)
__register_exitproc                               /usr/lib/gcc/arm-none-eabi/10.3.1/../../../arm-none-eabi/lib/thumb/v7e-m/nofp/libg.a(lib_a-__atexit.o)
                                                  /usr/lib/gcc/arm-none-eabi/10.3.1/../../../arm-none-eabi/lib/thumb/v7e-m/nofp/libg.a(lib_a-atexit.o)
__register_frame_info                             /usr/lib/gcc/arm-none-eabi/10.3.1/thumb/v7e-m/nofp/crtbegin.o
__stack                                           /usr/lib/gcc/arm-none-eabi/10.3.1/../../../arm-none-eabi/lib/thumb/v7e-m/nofp/crt0.o
_ebss                                             objdir-CW308_STM32F4/stm32f4_startup.o
_edata                                            objdir-CW308_STM32F4/stm32f4_startup.o
_estack                                           objdir-CW308_STM32F4/stm32f4_startup.o
_exit                                             /usr/lib/gcc/arm-none-eabi/10.3.1/../../../arm-none-eabi/lib/thumb/v7e-m/nofp/libnosys.a(_exit.o)
                                                  /usr/lib/gcc/arm-none-eabi/10.3.1/../../../arm-none-eabi/lib/thumb/v7e-m/nofp/libg.a(lib_a-exit.o)
_fini                                             /usr/lib/gcc/arm-none-eabi/10.3.1/thumb/v7e-m/nofp/crti.o
                                                  /usr/lib/gcc/arm-none-eabi/10.3.1/../../../arm-none-eabi/lib/thumb/v7e-m/nofp/libg.a(lib_a-fini.o)
_global_impure_ptr                                /usr/lib/gcc/arm-none-eabi/10.3.1/../../../arm-none-eabi/lib/thumb/v7e-m/nofp/libg.a(lib_a-impure.o)
                                                  /usr/lib/gcc/arm-none-eabi/10.3.1/../../../arm-none-eabi/lib/thumb/v7e-m/nofp/libg.a(lib_a-__call_atexit.o)
                                                  /usr/lib/gcc/arm-none-eabi/10.3.1/../../../arm-none-eabi/lib/thumb/v7e-m/nofp/libg.a(lib_a-__atexit.o)
                                                  /usr/lib/gcc/arm-none-eabi/10.3.1/../../../arm-none-eabi/lib/thumb/v7e-m/nofp/libg.a(lib_a-exit.o)
_impure_ptr                                       /usr/lib/gcc/arm-none-eabi/10.3.1/../../../arm-none-eabi/lib/thumb/v7e-m/nofp/libg.a(lib_a-impure.o)
                                                  /usr/lib/gcc/arm-none-eabi/10.3.1/../../../arm-none-eabi/lib/thumb/v7e-m/nofp/libg.a(lib_a-errno.o)
_init                                             /usr/lib/gcc/arm-none-eabi/10.3.1/thumb/v7e-m/nofp/crti.o
                                                  /usr/lib/gcc/arm-none-eabi/10.3.1/../../../arm-none-eabi/lib/thumb/v7e-m/nofp/libg.a(lib_a-init.o)
_mainCRTStartup                                   /usr/lib/gcc/arm-none-eabi/10.3.1/../../../arm-none-eabi/lib/thumb/v7e-m/nofp/crt0.o
_sbrk                                             objdir-CW308_STM32F4/stm32f4_sysmem.o
_sbss                                             objdir-CW308_STM32F4/stm32f4_startup.o
_sdata                                            objdir-CW308_STM32F4/stm32f4_startup.o
_sidata                                           objdir-CW308_STM32F4/stm32f4_startup.o
_stack_init                                       /usr/lib/gcc/arm-none-eabi/10.3.1/../../../arm-none-eabi/lib/thumb/v7e-m/nofp/crt0.o
_start                                            /usr/lib/gcc/arm-none-eabi/10.3.1/../../../arm-none-eabi/lib/thumb/v7e-m/nofp/crt0.o
atexit                                            /usr/lib/gcc/arm-none-eabi/10.3.1/../../../arm-none-eabi/lib/thumb/v7e-m/nofp/libg.a(lib_a-atexit.o)
                                                  /usr/lib/gcc/arm-none-eabi/10.3.1/../../../arm-none-eabi/lib/thumb/v7e-m/nofp/libg.a(lib_a-__call_atexit.o)
                                                  /usr/lib/gcc/arm-none-eabi/10.3.1/../../../arm-none-eabi/lib/thumb/v7e-m/nofp/crt0.o
check_version                                     objdir-CW308_STM32F4/simpleserial.o
dst                                               objdir-CW308_STM32F4/main.o
end                                               objdir-CW308_STM32F4/stm32f4_sysmem.o
exit                                              /usr/lib/gcc/arm-none-eabi/10.3.1/../../../arm-none-eabi/lib/thumb/v7e-m/nofp/libg.a(lib_a-exit.o)
                                                  /usr/lib/gcc/arm-none-eabi/10.3.1/../../../arm-none-eabi/lib/thumb/v7e-m/nofp/crt0.o
g_pfnVectors                                      objdir-CW308_STM32F4/stm32f4_startup.o
get_rand                                          objdir-CW308_STM32F4/stm32f4_hal.o
getch                                             objdir-CW308_STM32F4/stm32f4_hal.o
                                                  objdir-CW308_STM32F4/simpleserial.o
hardware_init_hook                                /usr/lib/gcc/arm-none-eabi/10.3.1/../../../arm-none-eabi/lib/thumb/v7e-m/nofp/crt0.o
hex_decode                                        objdir-CW308_STM32F4/simpleserial.o
hw_key                                            objdir-CW308_STM32F4/stm32f4_hal.o
init_uart                                         objdir-CW308_STM32F4/stm32f4_hal.o
                                                  objdir-CW308_STM32F4/main.o
m                                                 objdir-CW308_STM32F4/main.o
m2                                                objdir-CW308_STM32F4/main.o
main                                              objdir-CW308_STM32F4/main.o
                                                  objdir-CW308_STM32F4/stm32f4_startup.o
                                                  /usr/lib/gcc/arm-none-eabi/10.3.1/../../../arm-none-eabi/lib/thumb/v7e-m/nofp/crt0.o
main_func                                         objdir-CW308_STM32F4/main.o
memcpy                                            /usr/lib/gcc/arm-none-eabi/10.3.1/../../../arm-none-eabi/lib/thumb/v7e-m/nofp/libg.a(lib_a-memcpy.o)
                                                  objdir-CW308_STM32F4/aes256ctr.o
                                                  objdir-CW308_STM32F4/sign.o
                                                  objdir-CW308_STM32F4/main.o
memset                                            /usr/lib/gcc/arm-none-eabi/10.3.1/../../../arm-none-eabi/lib/thumb/v7e-m/nofp/libg.a(lib_a-memset.o)
                                                  objdir-CW308_STM32F4/aes256ctr.o
                                                  objdir-CW308_STM32F4/fips202.o
                                                  /usr/lib/gcc/arm-none-eabi/10.3.1/../../../arm-none-eabi/lib/thumb/v7e-m/nofp/crt0.o
pk                                                objdir-CW308_STM32F4/main.o
platform_init                                     objdir-CW308_STM32F4/stm32f4_hal.o
                                                  objdir-CW308_STM32F4/main.o
pqcrystals_aes256ctr_ref_init                     objdir-CW308_STM32F4/aes256ctr.o
pqcrystals_aes256ctr_ref_prf                      objdir-CW308_STM32F4/aes256ctr.o
pqcrystals_aes256ctr_ref_squeezeblocks            objdir-CW308_STM32F4/aes256ctr.o
pqcrystals_dilithium2_ref                         objdir-CW308_STM32F4/sign.o
pqcrystals_dilithium2_ref_caddq                   objdir-CW308_STM32F4/reduce.o
                                                  objdir-CW308_STM32F4/poly.o
pqcrystals_dilithium2_ref_decompose               objdir-CW308_STM32F4/rounding.o
                                                  objdir-CW308_STM32F4/poly.o
pqcrystals_dilithium2_ref_dilithium_shake128_stream_init objdir-CW308_STM32F4/symmetric-shake.o
                                                  objdir-CW308_STM32F4/poly.o
pqcrystals_dilithium2_ref_dilithium_shake256_stream_init objdir-CW308_STM32F4/symmetric-shake.o
                                                  objdir-CW308_STM32F4/poly.o
pqcrystals_dilithium2_ref_freeze                  objdir-CW308_STM32F4/reduce.o
                                                  objdir-CW308_STM32F4/poly.o
pqcrystals_dilithium2_ref_invntt_tomont           objdir-CW308_STM32F4/ntt.o
                                                  objdir-CW308_STM32F4/poly.o
pqcrystals_dilithium2_ref_keypair                 objdir-CW308_STM32F4/sign.o
pqcrystals_dilithium2_ref_make_hint               objdir-CW308_STM32F4/rounding.o
                                                  objdir-CW308_STM32F4/poly.o
pqcrystals_dilithium2_ref_montgomery_reduce       objdir-CW308_STM32F4/reduce.o
                                                  objdir-CW308_STM32F4/ntt.o
                                                  objdir-CW308_STM32F4/poly.o
pqcrystals_dilithium2_ref_ntt                     objdir-CW308_STM32F4/ntt.o
                                                  objdir-CW308_STM32F4/poly.o
pqcrystals_dilithium2_ref_open                    objdir-CW308_STM32F4/sign.o
pqcrystals_dilithium2_ref_pack_pk                 objdir-CW308_STM32F4/packing.o
                                                  objdir-CW308_STM32F4/sign.o
pqcrystals_dilithium2_ref_pack_sig                objdir-CW308_STM32F4/packing.o
                                                  objdir-CW308_STM32F4/sign.o
pqcrystals_dilithium2_ref_pack_sk                 objdir-CW308_STM32F4/packing.o
                                                  objdir-CW308_STM32F4/sign.o
pqcrystals_dilithium2_ref_poly_add                objdir-CW308_STM32F4/poly.o
                                                  objdir-CW308_STM32F4/polyvec.o
pqcrystals_dilithium2_ref_poly_caddq              objdir-CW308_STM32F4/poly.o
                                                  objdir-CW308_STM32F4/polyvec.o
pqcrystals_dilithium2_ref_poly_challenge          objdir-CW308_STM32F4/poly.o
                                                  objdir-CW308_STM32F4/sign.o
pqcrystals_dilithium2_ref_poly_chknorm            objdir-CW308_STM32F4/poly.o
                                                  objdir-CW308_STM32F4/polyvec.o
pqcrystals_dilithium2_ref_poly_decompose          objdir-CW308_STM32F4/poly.o
                                                  objdir-CW308_STM32F4/polyvec.o
pqcrystals_dilithium2_ref_poly_freeze             objdir-CW308_STM32F4/poly.o
                                                  objdir-CW308_STM32F4/polyvec.o
pqcrystals_dilithium2_ref_poly_invntt_tomont      objdir-CW308_STM32F4/poly.o
                                                  objdir-CW308_STM32F4/polyvec.o
pqcrystals_dilithium2_ref_poly_make_hint          objdir-CW308_STM32F4/poly.o
                                                  objdir-CW308_STM32F4/polyvec.o
pqcrystals_dilithium2_ref_poly_ntt                objdir-CW308_STM32F4/poly.o
                                                  objdir-CW308_STM32F4/polyvec.o
                                                  objdir-CW308_STM32F4/sign.o
pqcrystals_dilithium2_ref_poly_pointwise_montgomery objdir-CW308_STM32F4/poly.o
                                                  objdir-CW308_STM32F4/polyvec.o
pqcrystals_dilithium2_ref_poly_power2round        objdir-CW308_STM32F4/poly.o
                                                  objdir-CW308_STM32F4/polyvec.o
pqcrystals_dilithium2_ref_poly_reduce             objdir-CW308_STM32F4/poly.o
                                                  objdir-CW308_STM32F4/polyvec.o
pqcrystals_dilithium2_ref_poly_shiftl             objdir-CW308_STM32F4/poly.o
                                                  objdir-CW308_STM32F4/polyvec.o
pqcrystals_dilithium2_ref_poly_sub                objdir-CW308_STM32F4/poly.o
                                                  objdir-CW308_STM32F4/polyvec.o
pqcrystals_dilithium2_ref_poly_uniform            objdir-CW308_STM32F4/poly.o
                                                  objdir-CW308_STM32F4/polyvec.o
pqcrystals_dilithium2_ref_poly_uniform_eta        objdir-CW308_STM32F4/poly.o
                                                  objdir-CW308_STM32F4/polyvec.o
pqcrystals_dilithium2_ref_poly_uniform_gamma1     objdir-CW308_STM32F4/poly.o
                                                  objdir-CW308_STM32F4/polyvec.o
                                                  objdir-CW308_STM32F4/main.o
pqcrystals_dilithium2_ref_poly_use_hint           objdir-CW308_STM32F4/poly.o
                                                  objdir-CW308_STM32F4/polyvec.o
pqcrystals_dilithium2_ref_polyeta_pack            objdir-CW308_STM32F4/poly.o
                                                  objdir-CW308_STM32F4/packing.o
pqcrystals_dilithium2_ref_polyeta_unpack          objdir-CW308_STM32F4/poly.o
                                                  objdir-CW308_STM32F4/packing.o
pqcrystals_dilithium2_ref_polyt0_pack             objdir-CW308_STM32F4/poly.o
                                                  objdir-CW308_STM32F4/packing.o
pqcrystals_dilithium2_ref_polyt0_unpack           objdir-CW308_STM32F4/poly.o
                                                  objdir-CW308_STM32F4/packing.o
pqcrystals_dilithium2_ref_polyt1_pack             objdir-CW308_STM32F4/poly.o
                                                  objdir-CW308_STM32F4/packing.o
pqcrystals_dilithium2_ref_polyt1_unpack           objdir-CW308_STM32F4/poly.o
                                                  objdir-CW308_STM32F4/packing.o
pqcrystals_dilithium2_ref_polyvec_matrix_expand   objdir-CW308_STM32F4/polyvec.o
                                                  objdir-CW308_STM32F4/sign.o
pqcrystals_dilithium2_ref_polyvec_matrix_pointwise_montgomery objdir-CW308_STM32F4/polyvec.o
                                                  objdir-CW308_STM32F4/sign.o
pqcrystals_dilithium2_ref_polyveck_add            objdir-CW308_STM32F4/polyvec.o
                                                  objdir-CW308_STM32F4/sign.o
pqcrystals_dilithium2_ref_polyveck_caddq          objdir-CW308_STM32F4/polyvec.o
                                                  objdir-CW308_STM32F4/sign.o
pqcrystals_dilithium2_ref_polyveck_chknorm        objdir-CW308_STM32F4/polyvec.o
                                                  objdir-CW308_STM32F4/sign.o
pqcrystals_dilithium2_ref_polyveck_decompose      objdir-CW308_STM32F4/polyvec.o
                                                  objdir-CW308_STM32F4/sign.o
pqcrystals_dilithium2_ref_polyveck_freeze         objdir-CW308_STM32F4/polyvec.o
pqcrystals_dilithium2_ref_polyveck_invntt_tomont  objdir-CW308_STM32F4/polyvec.o
                                                  objdir-CW308_STM32F4/sign.o
pqcrystals_dilithium2_ref_polyveck_make_hint      objdir-CW308_STM32F4/polyvec.o
                                                  objdir-CW308_STM32F4/sign.o
pqcrystals_dilithium2_ref_polyveck_ntt            objdir-CW308_STM32F4/polyvec.o
                                                  objdir-CW308_STM32F4/sign.o
pqcrystals_dilithium2_ref_polyveck_pack_w1        objdir-CW308_STM32F4/polyvec.o
                                                  objdir-CW308_STM32F4/sign.o
pqcrystals_dilithium2_ref_polyveck_pointwise_poly_montgomery objdir-CW308_STM32F4/polyvec.o
                                                  objdir-CW308_STM32F4/sign.o
pqcrystals_dilithium2_ref_polyveck_power2round    objdir-CW308_STM32F4/polyvec.o
                                                  objdir-CW308_STM32F4/sign.o
pqcrystals_dilithium2_ref_polyveck_reduce         objdir-CW308_STM32F4/polyvec.o
                                                  objdir-CW308_STM32F4/sign.o
pqcrystals_dilithium2_ref_polyveck_shiftl         objdir-CW308_STM32F4/polyvec.o
                                                  objdir-CW308_STM32F4/sign.o
pqcrystals_dilithium2_ref_polyveck_sub            objdir-CW308_STM32F4/polyvec.o
                                                  objdir-CW308_STM32F4/sign.o
pqcrystals_dilithium2_ref_polyveck_uniform_eta    objdir-CW308_STM32F4/polyvec.o
                                                  objdir-CW308_STM32F4/sign.o
pqcrystals_dilithium2_ref_polyveck_use_hint       objdir-CW308_STM32F4/polyvec.o
                                                  objdir-CW308_STM32F4/sign.o
pqcrystals_dilithium2_ref_polyvecl_add            objdir-CW308_STM32F4/polyvec.o
                                                  objdir-CW308_STM32F4/sign.o
pqcrystals_dilithium2_ref_polyvecl_chknorm        objdir-CW308_STM32F4/polyvec.o
                                                  objdir-CW308_STM32F4/sign.o
pqcrystals_dilithium2_ref_polyvecl_freeze         objdir-CW308_STM32F4/polyvec.o
pqcrystals_dilithium2_ref_polyvecl_invntt_tomont  objdir-CW308_STM32F4/polyvec.o
                                                  objdir-CW308_STM32F4/sign.o
pqcrystals_dilithium2_ref_polyvecl_ntt            objdir-CW308_STM32F4/polyvec.o
                                                  objdir-CW308_STM32F4/sign.o
pqcrystals_dilithium2_ref_polyvecl_pointwise_acc_montgomery objdir-CW308_STM32F4/polyvec.o
pqcrystals_dilithium2_ref_polyvecl_pointwise_poly_montgomery objdir-CW308_STM32F4/polyvec.o
                                                  objdir-CW308_STM32F4/sign.o
pqcrystals_dilithium2_ref_polyvecl_reduce         objdir-CW308_STM32F4/polyvec.o
                                                  objdir-CW308_STM32F4/sign.o
pqcrystals_dilithium2_ref_polyvecl_uniform_eta    objdir-CW308_STM32F4/polyvec.o
                                                  objdir-CW308_STM32F4/sign.o
pqcrystals_dilithium2_ref_polyvecl_uniform_gamma1 objdir-CW308_STM32F4/polyvec.o
                                                  objdir-CW308_STM32F4/sign.o
pqcrystals_dilithium2_ref_polyw1_pack             objdir-CW308_STM32F4/poly.o
                                                  objdir-CW308_STM32F4/polyvec.o
pqcrystals_dilithium2_ref_polyz_pack              objdir-CW308_STM32F4/poly.o
                                                  objdir-CW308_STM32F4/packing.o
pqcrystals_dilithium2_ref_polyz_unpack            objdir-CW308_STM32F4/poly.o
                                                  objdir-CW308_STM32F4/packing.o
pqcrystals_dilithium2_ref_power2round             objdir-CW308_STM32F4/rounding.o
                                                  objdir-CW308_STM32F4/poly.o
pqcrystals_dilithium2_ref_reduce32                objdir-CW308_STM32F4/reduce.o
                                                  objdir-CW308_STM32F4/poly.o
pqcrystals_dilithium2_ref_signature               objdir-CW308_STM32F4/sign.o
pqcrystals_dilithium2_ref_unpack_pk               objdir-CW308_STM32F4/packing.o
                                                  objdir-CW308_STM32F4/sign.o
pqcrystals_dilithium2_ref_unpack_sig              objdir-CW308_STM32F4/packing.o
                                                  objdir-CW308_STM32F4/sign.o
pqcrystals_dilithium2_ref_upack_sk                objdir-CW308_STM32F4/packing.o
                                                  objdir-CW308_STM32F4/sign.o
pqcrystals_dilithium2_ref_use_hint                objdir-CW308_STM32F4/rounding.o
                                                  objdir-CW308_STM32F4/poly.o
pqcrystals_dilithium2_ref_verify                  objdir-CW308_STM32F4/sign.o
pqcrystals_fips202_ref_sha3_256                   objdir-CW308_STM32F4/fips202.o
pqcrystals_fips202_ref_sha3_512                   objdir-CW308_STM32F4/fips202.o
pqcrystals_fips202_ref_shake128                   objdir-CW308_STM32F4/fips202.o
pqcrystals_fips202_ref_shake128_absorb            objdir-CW308_STM32F4/fips202.o
                                                  objdir-CW308_STM32F4/symmetric-shake.o
pqcrystals_fips202_ref_shake128_finalize          objdir-CW308_STM32F4/fips202.o
                                                  objdir-CW308_STM32F4/symmetric-shake.o
pqcrystals_fips202_ref_shake128_init              objdir-CW308_STM32F4/fips202.o
                                                  objdir-CW308_STM32F4/symmetric-shake.o
pqcrystals_fips202_ref_shake128_squeeze           objdir-CW308_STM32F4/fips202.o
pqcrystals_fips202_ref_shake128_squeezeblocks     objdir-CW308_STM32F4/fips202.o
                                                  objdir-CW308_STM32F4/poly.o
pqcrystals_fips202_ref_shake256                   objdir-CW308_STM32F4/fips202.o
                                                  objdir-CW308_STM32F4/sign.o
pqcrystals_fips202_ref_shake256_absorb            objdir-CW308_STM32F4/fips202.o
                                                  objdir-CW308_STM32F4/symmetric-shake.o
                                                  objdir-CW308_STM32F4/poly.o
                                                  objdir-CW308_STM32F4/sign.o
pqcrystals_fips202_ref_shake256_finalize          objdir-CW308_STM32F4/fips202.o
                                                  objdir-CW308_STM32F4/symmetric-shake.o
                                                  objdir-CW308_STM32F4/poly.o
                                                  objdir-CW308_STM32F4/sign.o
pqcrystals_fips202_ref_shake256_init              objdir-CW308_STM32F4/fips202.o
                                                  objdir-CW308_STM32F4/symmetric-shake.o
                                                  objdir-CW308_STM32F4/poly.o
                                                  objdir-CW308_STM32F4/sign.o
pqcrystals_fips202_ref_shake256_squeeze           objdir-CW308_STM32F4/fips202.o
                                                  objdir-CW308_STM32F4/sign.o
pqcrystals_fips202_ref_shake256_squeezeblocks     objdir-CW308_STM32F4/fips202.o
                                                  objdir-CW308_STM32F4/poly.o
putch                                             objdir-CW308_STM32F4/stm32f4_hal.o
                                                  objdir-CW308_STM32F4/simpleserial.o
recv_0                                            objdir-CW308_STM32F4/main.o
recv_9                                            objdir-CW308_STM32F4/main.o
recv_final                                        objdir-CW308_STM32F4/main.o
rhoprime                                          objdir-CW308_STM32F4/main.o
simpleserial_addcmd                               objdir-CW308_STM32F4/simpleserial.o
                                                  objdir-CW308_STM32F4/main.o
simpleserial_addcmd_flags                         objdir-CW308_STM32F4/simpleserial.o
simpleserial_get                                  objdir-CW308_STM32F4/simpleserial.o
                                                  objdir-CW308_STM32F4/main.o
simpleserial_init                                 objdir-CW308_STM32F4/simpleserial.o
                                                  objdir-CW308_STM32F4/main.o
simpleserial_put                                  objdir-CW308_STM32F4/simpleserial.o
                                                  objdir-CW308_STM32F4/main.o
sk                                                objdir-CW308_STM32F4/main.o
sm                                                objdir-CW308_STM32F4/main.o
software_init_hook                                /usr/lib/gcc/arm-none-eabi/10.3.1/../../../arm-none-eabi/lib/thumb/v7e-m/nofp/crt0.o
ss_crc                                            objdir-CW308_STM32F4/simpleserial.o
ss_get_commands                                   objdir-CW308_STM32F4/simpleserial.o
ss_num_commands                                   objdir-CW308_STM32F4/simpleserial.o
trigger_high                                      objdir-CW308_STM32F4/stm32f4_hal.o
                                                  objdir-CW308_STM32F4/poly.o
trigger_low                                       objdir-CW308_STM32F4/stm32f4_hal.o
                                                  objdir-CW308_STM32F4/poly.o
trigger_setup                                     objdir-CW308_STM32F4/stm32f4_hal.o
                                                  objdir-CW308_STM32F4/main.o
y                                                 objdir-CW308_STM32F4/main.o
