Archive member included to satisfy reference by file (symbol)

/usr/lib/gcc/arm-none-eabi/10.3.1/../../../arm-none-eabi/lib/thumb/v7e-m/nofp/libg.a(lib_a-atexit.o)
                              /usr/lib/gcc/arm-none-eabi/10.3.1/../../../arm-none-eabi/lib/thumb/v7e-m/nofp/crt0.o (atexit)
/usr/lib/gcc/arm-none-eabi/10.3.1/../../../arm-none-eabi/lib/thumb/v7e-m/nofp/libg.a(lib_a-errno.o)
                              objdir-CW308_STM32F4/stm32f4_sysmem.o (__errno)
/usr/lib/gcc/arm-none-eabi/10.3.1/../../../arm-none-eabi/lib/thumb/v7e-m/nofp/libg.a(lib_a-exit.o)
                              /usr/lib/gcc/arm-none-eabi/10.3.1/../../../arm-none-eabi/lib/thumb/v7e-m/nofp/crt0.o (exit)
/usr/lib/gcc/arm-none-eabi/10.3.1/../../../arm-none-eabi/lib/thumb/v7e-m/nofp/libg.a(lib_a-fini.o)
                              /usr/lib/gcc/arm-none-eabi/10.3.1/../../../arm-none-eabi/lib/thumb/v7e-m/nofp/crt0.o (__libc_fini_array)
/usr/lib/gcc/arm-none-eabi/10.3.1/../../../arm-none-eabi/lib/thumb/v7e-m/nofp/libg.a(lib_a-impure.o)
                              /usr/lib/gcc/arm-none-eabi/10.3.1/../../../arm-none-eabi/lib/thumb/v7e-m/nofp/libg.a(lib_a-exit.o) (_global_impure_ptr)
/usr/lib/gcc/arm-none-eabi/10.3.1/../../../arm-none-eabi/lib/thumb/v7e-m/nofp/libg.a(lib_a-init.o)
                              /usr/lib/gcc/arm-none-eabi/10.3.1/../../../arm-none-eabi/lib/thumb/v7e-m/nofp/crt0.o (__libc_init_array)
/usr/lib/gcc/arm-none-eabi/10.3.1/../../../arm-none-eabi/lib/thumb/v7e-m/nofp/libg.a(lib_a-memcpy.o)
                              objdir-CW308_STM32F4/sign.o (memcpy)
/usr/lib/gcc/arm-none-eabi/10.3.1/../../../arm-none-eabi/lib/thumb/v7e-m/nofp/libg.a(lib_a-memset.o)
                              /usr/lib/gcc/arm-none-eabi/10.3.1/../../../arm-none-eabi/lib/thumb/v7e-m/nofp/crt0.o (memset)
/usr/lib/gcc/arm-none-eabi/10.3.1/../../../arm-none-eabi/lib/thumb/v7e-m/nofp/libg.a(lib_a-__atexit.o)
                              /usr/lib/gcc/arm-none-eabi/10.3.1/../../../arm-none-eabi/lib/thumb/v7e-m/nofp/libg.a(lib_a-atexit.o) (__register_exitproc)
/usr/lib/gcc/arm-none-eabi/10.3.1/../../../arm-none-eabi/lib/thumb/v7e-m/nofp/libg.a(lib_a-__call_atexit.o)
                              /usr/lib/gcc/arm-none-eabi/10.3.1/../../../arm-none-eabi/lib/thumb/v7e-m/nofp/libg.a(lib_a-exit.o) (__call_exitprocs)
/usr/lib/gcc/arm-none-eabi/10.3.1/../../../arm-none-eabi/lib/thumb/v7e-m/nofp/libnosys.a(_exit.o)
                              /usr/lib/gcc/arm-none-eabi/10.3.1/../../../arm-none-eabi/lib/thumb/v7e-m/nofp/libg.a(lib_a-exit.o) (_exit)

Discarded input sections

 .text          0x0000000000000000        0x0 /usr/lib/gcc/arm-none-eabi/10.3.1/thumb/v7e-m/nofp/crti.o
 .data          0x0000000000000000        0x0 /usr/lib/gcc/arm-none-eabi/10.3.1/thumb/v7e-m/nofp/crti.o
 .bss           0x0000000000000000        0x0 /usr/lib/gcc/arm-none-eabi/10.3.1/thumb/v7e-m/nofp/crti.o
 .data          0x0000000000000000        0x4 /usr/lib/gcc/arm-none-eabi/10.3.1/thumb/v7e-m/nofp/crtbegin.o
 .rodata        0x0000000000000000       0x24 /usr/lib/gcc/arm-none-eabi/10.3.1/thumb/v7e-m/nofp/crtbegin.o
 .text          0x0000000000000000       0x70 /usr/lib/gcc/arm-none-eabi/10.3.1/../../../arm-none-eabi/lib/thumb/v7e-m/nofp/crt0.o
 .data          0x0000000000000000        0x0 /usr/lib/gcc/arm-none-eabi/10.3.1/../../../arm-none-eabi/lib/thumb/v7e-m/nofp/crt0.o
 .bss           0x0000000000000000        0x0 /usr/lib/gcc/arm-none-eabi/10.3.1/../../../arm-none-eabi/lib/thumb/v7e-m/nofp/crt0.o
 .ARM.extab     0x0000000000000000        0x0 /usr/lib/gcc/arm-none-eabi/10.3.1/../../../arm-none-eabi/lib/thumb/v7e-m/nofp/crt0.o
 .ARM.exidx     0x0000000000000000       0x10 /usr/lib/gcc/arm-none-eabi/10.3.1/../../../arm-none-eabi/lib/thumb/v7e-m/nofp/crt0.o
 .debug_line    0x0000000000000000       0x87 /usr/lib/gcc/arm-none-eabi/10.3.1/../../../arm-none-eabi/lib/thumb/v7e-m/nofp/crt0.o
 .debug_info    0x0000000000000000       0x26 /usr/lib/gcc/arm-none-eabi/10.3.1/../../../arm-none-eabi/lib/thumb/v7e-m/nofp/crt0.o
 .debug_abbrev  0x0000000000000000       0x14 /usr/lib/gcc/arm-none-eabi/10.3.1/../../../arm-none-eabi/lib/thumb/v7e-m/nofp/crt0.o
 .debug_aranges
                0x0000000000000000       0x20 /usr/lib/gcc/arm-none-eabi/10.3.1/../../../arm-none-eabi/lib/thumb/v7e-m/nofp/crt0.o
 .debug_str     0x0000000000000000       0x95 /usr/lib/gcc/arm-none-eabi/10.3.1/../../../arm-none-eabi/lib/thumb/v7e-m/nofp/crt0.o
 .ARM.attributes
                0x0000000000000000       0x1c /usr/lib/gcc/arm-none-eabi/10.3.1/../../../arm-none-eabi/lib/thumb/v7e-m/nofp/crt0.o
 .text          0x0000000000000000        0x0 objdir-CW308_STM32F4/main.o
 .text          0x0000000000000000        0x0 objdir-CW308_STM32F4/sign.o
 .data          0x0000000000000000        0x0 objdir-CW308_STM32F4/sign.o
 .text.pqcrystals_dilithium2_refverify
                0x0000000000000000      0x360 objdir-CW308_STM32F4/sign.o
 .text.pqcrystals_dilithium2_refopen
[...]
Memory Configuration

Name             Origin             Length             Attributes
RAM              0x0000000020000000 0x0000000000020000 xrw
ROM              0x0000000008000000 0x0000000000100000 xr
*default*        0x0000000000000000 0xffffffffffffffff

Linker script and memory map

LOAD /usr/lib/gcc/arm-none-eabi/10.3.1/thumb/v7e-m/nofp/crti.o
LOAD /usr/lib/gcc/arm-none-eabi/10.3.1/thumb/v7e-m/nofp/crtbegin.o
LOAD /usr/lib/gcc/arm-none-eabi/10.3.1/../../../arm-none-eabi/lib/thumb/v7e-m/nofp/crt0.o
LOAD objdir-CW308_STM32F4/main.o
LOAD objdir-CW308_STM32F4/sign.o
LOAD objdir-CW308_STM32F4/packing.o
LOAD objdir-CW308_STM32F4/polyvec.o
LOAD objdir-CW308_STM32F4/poly.o
LOAD objdir-CW308_STM32F4/ntt.o
LOAD objdir-CW308_STM32F4/reduce.o
LOAD objdir-CW308_STM32F4/rounding.o
LOAD objdir-CW308_STM32F4/fips202.o
LOAD objdir-CW308_STM32F4/symmetric-shake.o
LOAD objdir-CW308_STM32F4/aes256ctr.o
LOAD objdir-CW308_STM32F4/simpleserial.o
LOAD objdir-CW308_STM32F4/stm32f4_hal.o
LOAD objdir-CW308_STM32F4/stm32f4_hal_lowlevel.o
LOAD objdir-CW308_STM32F4/stm32f4_sysmem.o
LOAD objdir-CW308_STM32F4/stm32f4xx_hal_rng.o
LOAD objdir-CW308_STM32F4/stm32f4_startup.o
LOAD /usr/lib/gcc/arm-none-eabi/10.3.1/../../../arm-none-eabi/lib/thumb/v7e-m/nofp/libm.a
LOAD /usr/lib/gcc/arm-none-eabi/10.3.1/../../../arm-none-eabi/lib/thumb/v7e-m/nofp/libm.a
START GROUP
LOAD /usr/lib/gcc/arm-none-eabi/10.3.1/thumb/v7e-m/nofp/libgcc.a
LOAD /usr/lib/gcc/arm-none-eabi/10.3.1/../../../arm-none-eabi/lib/thumb/v7e-m/nofp/libg.a
LOAD /usr/lib/gcc/arm-none-eabi/10.3.1/../../../arm-none-eabi/lib/thumb/v7e-m/nofp/libc.a
END GROUP
START GROUP
LOAD /usr/lib/gcc/arm-none-eabi/10.3.1/thumb/v7e-m/nofp/libgcc.a
LOAD /usr/lib/gcc/arm-none-eabi/10.3.1/../../../arm-none-eabi/lib/thumb/v7e-m/nofp/libc.a
LOAD /usr/lib/gcc/arm-none-eabi/10.3.1/../../../arm-none-eabi/lib/thumb/v7e-m/nofp/libnosys.a
END GROUP
LOAD /usr/lib/gcc/arm-none-eabi/10.3.1/thumb/v7e-m/nofp/crtend.o
LOAD /usr/lib/gcc/arm-none-eabi/10.3.1/thumb/v7e-m/nofp/crtn.o
                0x0000000020020000                _estack = 0x20020000
                0x0000000000000000                _Min_Heap_Size = 0x0
                0x0000000000000400                _Min_Stack_Size = 0x400

.isr_vector     0x0000000008000000      0x188
                0x0000000008000000                . = ALIGN (0x4)
 *(.isr_vector)
 .isr_vector    0x0000000008000000      0x188 objdir-CW308_STM32F4/stm32f4_startup.o
                0x0000000008000000                g_pfnVectors
                0x0000000008000188                . = ALIGN (0x4)

.text           0x0000000008000188     0x8ba0
                0x0000000008000188                . = ALIGN (0x4)
 *(.text)
 .text          0x0000000008000188       0x88 /usr/lib/gcc/arm-none-eabi/10.3.1/thumb/v7e-m/nofp/crtbegin.o
 .text          0x0000000008000210        0xc /usr/lib/gcc/arm-none-eabi/10.3.1/../../../arm-none-eabi/lib/thumb/v7e-m/nofp/libg.a(lib_a-atexit.o)
                0x0000000008000210                atexit
 .text          0x000000000800021c       0x2c /usr/lib/gcc/arm-none-eabi/10.3.1/../../../arm-none-eabi/lib/thumb/v7e-m/nofp/libg.a(lib_a-fini.o)
                0x000000000800021c                __libc_fini_array
 .text          0x0000000008000248       0x48 /usr/lib/gcc/arm-none-eabi/10.3.1/../../../arm-none-eabi/lib/thumb/v7e-m/nofp/libg.a(lib_a-init.o)
                0x0000000008000248                __libc_init_array
 .text          0x0000000008000290      0x134 /usr/lib/gcc/arm-none-eabi/10.3.1/../../../arm-none-eabi/lib/thumb/v7e-m/nofp/libg.a(lib_a-memcpy.o)
                0x0000000008000290                memcpy
 .text          0x00000000080003c4       0x68 /usr/lib/gcc/arm-none-eabi/10.3.1/../../../arm-none-eabi/lib/thumb/v7e-m/nofp/libg.a(lib_a-__atexit.o)
                0x00000000080003c4                __register_exitproc
 *(.text*)
 .text.get_msg  0x000000000800042c       0x54 objdir-CW308_STM32F4/main.o
                0x000000000800042c                get_msg
 .text.main     0x0000000008000480       0x40 objdir-CW308_STM32F4/main.o
                0x0000000008000480                main
 .text.pqcrystals_dilithium2_refkeypair
                0x00000000080004c0      0x208 objdir-CW308_STM32F4/sign.o
                0x00000000080004c0                pqcrystals_dilithium2_refkeypair
 .text.pqcrystals_dilithium2_refsignature
                0x00000000080006c8      0x544 objdir-CW308_STM32F4/sign.o
                0x00000000080006c8                pqcrystals_dilithium2_refsignature
 .text.DILITHIUM_NAMESPACETOP
                0x0000000008000c0c       0x6a objdir-CW308_STM32F4/sign.o
                0x0000000008000c0c                DILITHIUM_NAMESPACETOP
 .text.pqcrystals_dilithium2_refpack_pk
                0x0000000008000c76       0x6e objdir-CW308_STM32F4/packing.o
                0x0000000008000c76                pqcrystals_dilithium2_refpack_pk
 .text.pqcrystals_dilithium2_refpack_sk
                0x0000000008000ce4      0x12e objdir-CW308_STM32F4/packing.o
                0x0000000008000ce4                pqcrystals_dilithium2_refpack_sk
 .text.pqcrystals_dilithium2_refunpack_sk
                0x0000000008000e12      0x12e objdir-CW308_STM32F4/packing.o
                0x0000000008000e12                pqcrystals_dilithium2_refunpack_sk
 .text.pqcrystals_dilithium2_refpack_sig
                0x0000000008000f40       0xec objdir-CW308_STM32F4/packing.o
                0x0000000008000f40                pqcrystals_dilithium2_refpack_sig
 .text.pqcrystals_dilithium2_refunpack_sig
                0x000000000800102c      0x15a objdir-CW308_STM32F4/packing.o
                0x000000000800102c                pqcrystals_dilithium2_refunpack_sig
 .text.pqcrystals_dilithium2_refpolyvec_matrix_expand
                0x0000000008001186       0x5e objdir-CW308_STM32F4/polyvec.o
                0x0000000008001186                pqcrystals_dilithium2_refpolyvec_matrix_expand
 .text.pqcrystals_dilithium2_refpolyvec_matrix_pointwise_montgomery
                0x00000000080011e4       0x40 objdir-CW308_STM32F4/polyvec.o
                0x00000000080011e4                pqcrystals_dilithium2_refpolyvec_matrix_pointwise_montgomery
 .text.pqcrystals_dilithium2_refpolyvecl_uniform_eta
                0x0000000008001224       0x40 objdir-CW308_STM32F4/polyvec.o
                0x0000000008001224                pqcrystals_dilithium2_refpolyvecl_uniform_eta
 .text.pqcrystals_dilithium2_refpolyvecl_uniform_gamma1
                0x0000000008001264       0x48 objdir-CW308_STM32F4/polyvec.o
                0x0000000008001264                pqcrystals_dilithium2_refpolyvecl_uniform_gamma1
 .text.pqcrystals_dilithium2_refpolyvecl_reduce
                0x00000000080012ac       0x32 objdir-CW308_STM32F4/polyvec.o
                0x00000000080012ac                pqcrystals_dilithium2_refpolyvecl_reduce
 .text.pqcrystals_dilithium2_refpolyvecl_add
                0x00000000080012de       0x46 objdir-CW308_STM32F4/polyvec.o
                0x00000000080012de                pqcrystals_dilithium2_refpolyvecl_add
 .text.pqcrystals_dilithium2_refpolyvecl_ntt
                0x0000000008001324       0x32 objdir-CW308_STM32F4/polyvec.o
                0x0000000008001324                pqcrystals_dilithium2_refpolyvecl_ntt
 .text.pqcrystals_dilithium2_refpolyvecl_invntt_tomont
                0x0000000008001356       0x32 objdir-CW308_STM32F4/polyvec.o
                0x0000000008001356                pqcrystals_dilithium2_refpolyvecl_invntt_tomont
 .text.pqcrystals_dilithium2_refpolyvecl_pointwise_poly_montgomery
                0x0000000008001388       0x40 objdir-CW308_STM32F4/polyvec.o
                0x0000000008001388                pqcrystals_dilithium2_refpolyvecl_pointwise_poly_montgomery
 .text.pqcrystals_dilithium2_refpolyvecl_pointwise_acc_montgomery
                0x00000000080013c8       0xb8 objdir-CW308_STM32F4/polyvec.o
                0x00000000080013c8                pqcrystals_dilithium2_refpolyvecl_pointwise_acc_montgomery
 .text.pqcrystals_dilithium2_refpolyvecl_chknorm
                0x0000000008001480       0x40 objdir-CW308_STM32F4/polyvec.o
                0x0000000008001480                pqcrystals_dilithium2_refpolyvecl_chknorm
 .text.pqcrystals_dilithium2_refpolyveck_uniform_eta
                0x00000000080014c0       0x40 objdir-CW308_STM32F4/polyvec.o
                0x00000000080014c0                pqcrystals_dilithium2_refpolyveck_uniform_eta
 .text.pqcrystals_dilithium2_refpolyveck_reduce
                0x0000000008001500       0x32 objdir-CW308_STM32F4/polyvec.o
                0x0000000008001500                pqcrystals_dilithium2_refpolyveck_reduce
 .text.pqcrystals_dilithium2_refpolyveck_caddq
                0x0000000008001532       0x32 objdir-CW308_STM32F4/polyvec.o
                0x0000000008001532                pqcrystals_dilithium2_refpolyveck_caddq
 .text.pqcrystals_dilithium2_refpolyveck_add
                0x0000000008001564       0x46 objdir-CW308_STM32F4/polyvec.o
                0x0000000008001564                pqcrystals_dilithium2_refpolyveck_add
 .text.pqcrystals_dilithium2_refpolyveck_sub
                0x00000000080015aa       0x46 objdir-CW308_STM32F4/polyvec.o
                0x00000000080015aa                pqcrystals_dilithium2_refpolyveck_sub
 .text.pqcrystals_dilithium2_refpolyveck_ntt
                0x00000000080015f0       0x32 objdir-CW308_STM32F4/polyvec.o
                0x00000000080015f0                pqcrystals_dilithium2_refpolyveck_ntt
 .text.pqcrystals_dilithium2_refpolyveck_invntt_tomont
                0x0000000008001622       0x32 objdir-CW308_STM32F4/polyvec.o
                0x0000000008001622                pqcrystals_dilithium2_refpolyveck_invntt_tomont
 .text.pqcrystals_dilithium2_refpolyveck_pointwise_poly_montgomery
                0x0000000008001654       0x40 objdir-CW308_STM32F4/polyvec.o
                0x0000000008001654                pqcrystals_dilithium2_refpolyveck_pointwise_poly_montgomery
 .text.pqcrystals_dilithium2_refpolyveck_chknorm
                0x0000000008001694       0x40 objdir-CW308_STM32F4/polyvec.o
                0x0000000008001694                pqcrystals_dilithium2_refpolyveck_chknorm
 .text.pqcrystals_dilithium2_refpolyveck_power2round
                0x00000000080016d4       0x46 objdir-CW308_STM32F4/polyvec.o
                0x00000000080016d4                pqcrystals_dilithium2_refpolyveck_power2round
 .text.pqcrystals_dilithium2_refpolyveck_decompose
                0x000000000800171a       0x46 objdir-CW308_STM32F4/polyvec.o
                0x000000000800171a                pqcrystals_dilithium2_refpolyveck_decompose
 .text.pqcrystals_dilithium2_refpolyveck_make_hint
                0x0000000008001760       0x52 objdir-CW308_STM32F4/polyvec.o
                0x0000000008001760                pqcrystals_dilithium2_refpolyveck_make_hint
 .text.pqcrystals_dilithium2_refpolyveck_pack_w1
                0x00000000080017b2       0x44 objdir-CW308_STM32F4/polyvec.o
                0x00000000080017b2                pqcrystals_dilithium2_refpolyveck_pack_w1
 .text.pqcrystals_dilithium2_refpoly_reduce
                0x00000000080017f6       0x3c objdir-CW308_STM32F4/poly.o
                0x00000000080017f6                pqcrystals_dilithium2_refpoly_reduce
 .text.pqcrystals_dilithium2_refpoly_caddq
                0x0000000008001832       0x3c objdir-CW308_STM32F4/poly.o
                0x0000000008001832                pqcrystals_dilithium2_refpoly_caddq
 .text.pqcrystals_dilithium2_refpoly_add
                0x000000000800186e       0x44 objdir-CW308_STM32F4/poly.o
                0x000000000800186e                pqcrystals_dilithium2_refpoly_add
 .text.pqcrystals_dilithium2_refpoly_sub
                0x00000000080018b2       0x44 objdir-CW308_STM32F4/poly.o
                0x00000000080018b2                pqcrystals_dilithium2_refpoly_sub
 .text.pqcrystals_dilithium2_refpoly_ntt
                0x00000000080018f6       0x18 objdir-CW308_STM32F4/poly.o
                0x00000000080018f6                pqcrystals_dilithium2_refpoly_ntt
 .text.pqcrystals_dilithium2_refpoly_invntt_tomont
                0x000000000800190e       0x18 objdir-CW308_STM32F4/poly.o
                0x000000000800190e                pqcrystals_dilithium2_refpoly_invntt_tomont
 .text.pqcrystals_dilithium2_refpoly_pointwise_montgomery
                0x0000000008001926       0x6c objdir-CW308_STM32F4/poly.o
                0x0000000008001926                pqcrystals_dilithium2_refpoly_pointwise_montgomery
 .text.pqcrystals_dilithium2_refpoly_power2round
                0x0000000008001992       0x48 objdir-CW308_STM32F4/poly.o
                0x0000000008001992                pqcrystals_dilithium2_refpoly_power2round
 .text.pqcrystals_dilithium2_refpoly_decompose
                0x00000000080019da       0x48 objdir-CW308_STM32F4/poly.o
                0x00000000080019da                pqcrystals_dilithium2_refpoly_decompose
 .text.pqcrystals_dilithium2_refpoly_make_hint
                0x0000000008001a22       0x5e objdir-CW308_STM32F4/poly.o
                0x0000000008001a22                pqcrystals_dilithium2_refpoly_make_hint
 .text.pqcrystals_dilithium2_refpoly_chknorm
                0x0000000008001a80       0x6c objdir-CW308_STM32F4/poly.o
                0x0000000008001a80                pqcrystals_dilithium2_refpoly_chknorm
 .text.rej_uniform
                0x0000000008001aec       0x90 objdir-CW308_STM32F4/poly.o
 .text.pqcrystals_dilithium2_refpoly_uniform
                0x0000000008001b7c      0x148 objdir-CW308_STM32F4/poly.o
                0x0000000008001b7c                pqcrystals_dilithium2_refpoly_uniform
 .text.rej_eta  0x0000000008001cc4       0xc0 objdir-CW308_STM32F4/poly.o
 .text.pqcrystals_dilithium2_refpoly_uniform_eta
                0x0000000008001d84       0xca objdir-CW308_STM32F4/poly.o
                0x0000000008001d84                pqcrystals_dilithium2_refpoly_uniform_eta
 .text.pqcrystals_dilithium2_refpoly_uniform_gamma1
                0x0000000008001e4e       0x70 objdir-CW308_STM32F4/poly.o
                0x0000000008001e4e                pqcrystals_dilithium2_refpoly_uniform_gamma1
 .text.pqcrystals_dilithium2_refpoly_challenge
                0x0000000008001ebe      0x1bc objdir-CW308_STM32F4/poly.o
                0x0000000008001ebe                pqcrystals_dilithium2_refpoly_challenge
 .text.pqcrystals_dilithium2_refpolyeta_pack
                0x000000000800207a      0x166 objdir-CW308_STM32F4/poly.o
                0x000000000800207a                pqcrystals_dilithium2_refpolyeta_pack
 .text.pqcrystals_dilithium2_refpolyeta_unpack
                0x00000000080021e0      0x252 objdir-CW308_STM32F4/poly.o
                0x00000000080021e0                pqcrystals_dilithium2_refpolyeta_unpack
 .text.pqcrystals_dilithium2_refpolyt1_pack
                0x0000000008002432      0x102 objdir-CW308_STM32F4/poly.o
                0x0000000008002432                pqcrystals_dilithium2_refpolyt1_pack
 .text.pqcrystals_dilithium2_refpolyt0_pack
                0x0000000008002534      0x380 objdir-CW308_STM32F4/poly.o
                0x0000000008002534                pqcrystals_dilithium2_refpolyt0_pack
 .text.pqcrystals_dilithium2_refpolyt0_unpack
                0x00000000080028b4      0x54e objdir-CW308_STM32F4/poly.o
                0x00000000080028b4                pqcrystals_dilithium2_refpolyt0_unpack
 .text.pqcrystals_dilithium2_refpolyz_pack
                0x0000000008002e02      0x1bc objdir-CW308_STM32F4/poly.o
                0x0000000008002e02                pqcrystals_dilithium2_refpolyz_pack
 .text.pqcrystals_dilithium2_refpolyz_unpack
                0x0000000008002fbe      0x2e2 objdir-CW308_STM32F4/poly.o
                0x0000000008002fbe                pqcrystals_dilithium2_refpolyz_unpack
 .text.pqcrystals_dilithium2_refpolyw1_pack
                0x00000000080032a0      0x128 objdir-CW308_STM32F4/poly.o
                0x00000000080032a0                pqcrystals_dilithium2_refpolyw1_pack
 .text.pqcrystals_dilithium2_ref_ntt
                0x00000000080033c8       0xd8 objdir-CW308_STM32F4/ntt.o
                0x00000000080033c8                pqcrystals_dilithium2_ref_ntt
 .text.pqcrystals_dilithium2_ref_invntt_tomont
                0x00000000080034a0      0x174 objdir-CW308_STM32F4/ntt.o
                0x00000000080034a0                pqcrystals_dilithium2_ref_invntt_tomont
 .text.pqcrystals_dilithium2_refmontgomery_reduce
                0x0000000008003614       0x92 objdir-CW308_STM32F4/reduce.o
                0x0000000008003614                pqcrystals_dilithium2_refmontgomery_reduce
 .text.pqcrystals_dilithium2_refreduce32
                0x00000000080036a6       0x34 objdir-CW308_STM32F4/reduce.o
                0x00000000080036a6                pqcrystals_dilithium2_refreduce32
 *fill*         0x00000000080036da        0x2 
 .text.pqcrystals_dilithium2_refcaddq
                0x00000000080036dc       0x28 objdir-CW308_STM32F4/reduce.o
                0x00000000080036dc                pqcrystals_dilithium2_refcaddq
 .text.pqcrystals_dilithium2_refpower2round
                0x0000000008003704       0x2c objdir-CW308_STM32F4/rounding.o
                0x0000000008003704                pqcrystals_dilithium2_refpower2round
 .text.pqcrystals_dilithium2_refdecompose
                0x0000000008003730       0x74 objdir-CW308_STM32F4/rounding.o
                0x0000000008003730                pqcrystals_dilithium2_refdecompose
 .text.pqcrystals_dilithium2_refmake_hint
                0x00000000080037a4       0x38 objdir-CW308_STM32F4/rounding.o
                0x00000000080037a4                pqcrystals_dilithium2_refmake_hint
 .text.load64   0x00000000080037dc       0x7a objdir-CW308_STM32F4/fips202.o
 .text.store64  0x0000000008003856       0x58 objdir-CW308_STM32F4/fips202.o
 *fill*         0x00000000080038ae        0x2 
 .text.KeccakF1600_StatePermute
                0x00000000080038b0     0x3304 objdir-CW308_STM32F4/fips202.o
 .text.keccak_init
                0x0000000008006bb4       0x3a objdir-CW308_STM32F4/fips202.o
 .text.keccak_absorb
                0x0000000008006bee      0x13e objdir-CW308_STM32F4/fips202.o
 .text.keccak_finalize
                0x0000000008006d2c       0x98 objdir-CW308_STM32F4/fips202.o
 .text.keccak_squeeze
                0x0000000008006dc4       0x9e objdir-CW308_STM32F4/fips202.o
 .text.keccak_absorb_once
                0x0000000008006e62      0x1c6 objdir-CW308_STM32F4/fips202.o
 .text.keccak_squeezeblocks
                0x0000000008007028       0x64 objdir-CW308_STM32F4/fips202.o
 .text.pqcrystals_dilithium_fips202_ref_shake128_init
                0x000000000800708c       0x20 objdir-CW308_STM32F4/fips202.o
                0x000000000800708c                pqcrystals_dilithium_fips202_ref_shake128_init
 .text.pqcrystals_dilithium_fips202_ref_shake128_absorb
                0x00000000080070ac       0x30 objdir-CW308_STM32F4/fips202.o
                0x00000000080070ac                pqcrystals_dilithium_fips202_ref_shake128_absorb
 .text.pqcrystals_dilithium_fips202_ref_shake128_finalize
                0x00000000080070dc       0x28 objdir-CW308_STM32F4/fips202.o
                0x00000000080070dc                pqcrystals_dilithium_fips202_ref_shake128_finalize
 .text.pqcrystals_dilithium_fips202_ref_shake128_squeezeblocks
                0x0000000008007104       0x20 objdir-CW308_STM32F4/fips202.o
                0x0000000008007104                pqcrystals_dilithium_fips202_ref_shake128_squeezeblocks
 .text.pqcrystals_dilithium_fips202_ref_shake256_init
                0x0000000008007124       0x20 objdir-CW308_STM32F4/fips202.o
                0x0000000008007124                pqcrystals_dilithium_fips202_ref_shake256_init
 .text.pqcrystals_dilithium_fips202_ref_shake256_absorb
                0x0000000008007144       0x30 objdir-CW308_STM32F4/fips202.o
                0x0000000008007144                pqcrystals_dilithium_fips202_ref_shake256_absorb
 .text.pqcrystals_dilithium_fips202_ref_shake256_finalize
                0x0000000008007174       0x28 objdir-CW308_STM32F4/fips202.o
                0x0000000008007174                pqcrystals_dilithium_fips202_ref_shake256_finalize
 .text.pqcrystals_dilithium_fips202_ref_shake256_squeeze
                0x000000000800719c       0x30 objdir-CW308_STM32F4/fips202.o
                0x000000000800719c                pqcrystals_dilithium_fips202_ref_shake256_squeeze
 .text.pqcrystals_dilithium_fips202_ref_shake256_absorb_once
                0x00000000080071cc       0x2c objdir-CW308_STM32F4/fips202.o
                0x00000000080071cc                pqcrystals_dilithium_fips202_ref_shake256_absorb_once
 .text.pqcrystals_dilithium_fips202_ref_shake256_squeezeblocks
                0x00000000080071f8       0x20 objdir-CW308_STM32F4/fips202.o
                0x00000000080071f8                pqcrystals_dilithium_fips202_ref_shake256_squeezeblocks
 .text.pqcrystals_dilithium_fips202_ref_shake256
                0x0000000008007218       0x7c objdir-CW308_STM32F4/fips202.o
                0x0000000008007218                pqcrystals_dilithium_fips202_ref_shake256
 .text.pqcrystals_dilithium2_refdilithium_shake128_stream_init
                0x0000000008007294       0x4a objdir-CW308_STM32F4/symmetric-shake.o
                0x0000000008007294                pqcrystals_dilithium2_refdilithium_shake128_stream_init
 .text.pqcrystals_dilithium2_refdilithium_shake256_stream_init
                0x00000000080072de       0x4a objdir-CW308_STM32F4/symmetric-shake.o
                0x00000000080072de                pqcrystals_dilithium2_refdilithium_shake256_stream_init
 .text.check_version
                0x0000000008007328       0x18 objdir-CW308_STM32F4/simpleserial.o
                0x0000000008007328                check_version
 .text.ss_num_commands
                0x0000000008007340       0x30 objdir-CW308_STM32F4/simpleserial.o
                0x0000000008007340                ss_num_commands
 .text.ss_get_commands
                0x0000000008007370       0xc0 objdir-CW308_STM32F4/simpleserial.o
                0x0000000008007370                ss_get_commands
 .text.hex_decode
                0x0000000008007430      0x130 objdir-CW308_STM32F4/simpleserial.o
                0x0000000008007430                hex_decode
 .text.simpleserial_init
                0x0000000008007560       0x34 objdir-CW308_STM32F4/simpleserial.o
                0x0000000008007560                simpleserial_init
 .text.simpleserial_addcmd
                0x0000000008007594       0x24 objdir-CW308_STM32F4/simpleserial.o
                0x0000000008007594                simpleserial_addcmd
 .text.simpleserial_addcmd_flags
                0x00000000080075b8       0x88 objdir-CW308_STM32F4/simpleserial.o
                0x00000000080075b8                simpleserial_addcmd_flags
 .text.simpleserial_get
                0x0000000008007640      0x1c4 objdir-CW308_STM32F4/simpleserial.o
                0x0000000008007640                simpleserial_get
 .text.simpleserial_put
                0x0000000008007804       0x6c objdir-CW308_STM32F4/simpleserial.o
                0x0000000008007804                simpleserial_put
 .text.platform_init
                0x0000000008007870       0xa0 objdir-CW308_STM32F4/stm32f4_hal.o
                0x0000000008007870                platform_init
 .text.init_uart
                0x0000000008007910       0xac objdir-CW308_STM32F4/stm32f4_hal.o
                0x0000000008007910                init_uart
 .text.trigger_setup
                0x00000000080079bc       0x50 objdir-CW308_STM32F4/stm32f4_hal.o
                0x00000000080079bc                trigger_setup
 .text.trigger_high
                0x0000000008007a0c       0x18 objdir-CW308_STM32F4/stm32f4_hal.o
                0x0000000008007a0c                trigger_high
 .text.trigger_low
                0x0000000008007a24       0x18 objdir-CW308_STM32F4/stm32f4_hal.o
                0x0000000008007a24                trigger_low
 .text.getch    0x0000000008007a3c       0x2c objdir-CW308_STM32F4/stm32f4_hal.o
                0x0000000008007a3c                getch
 .text.putch    0x0000000008007a68       0x2c objdir-CW308_STM32F4/stm32f4_hal.o
                0x0000000008007a68                putch
 .text.HAL_GetTick
                0x0000000008007a94       0x1c objdir-CW308_STM32F4/stm32f4_hal_lowlevel.o
                0x0000000008007a94                HAL_GetTick
 .text.HAL_RCC_OscConfig
                0x0000000008007ab0      0x4c4 objdir-CW308_STM32F4/stm32f4_hal_lowlevel.o
                0x0000000008007ab0                HAL_RCC_OscConfig
 .text.HAL_RCC_ClockConfig
                0x0000000008007f74      0x1e8 objdir-CW308_STM32F4/stm32f4_hal_lowlevel.o
                0x0000000008007f74                HAL_RCC_ClockConfig
 .text.HAL_RCC_GetPCLK1Freq
                0x000000000800815c       0x14 objdir-CW308_STM32F4/stm32f4_hal_lowlevel.o
                0x000000000800815c                HAL_RCC_GetPCLK1Freq
 .text.HAL_RCC_GetPCLK2Freq
                0x0000000008008170       0x14 objdir-CW308_STM32F4/stm32f4_hal_lowlevel.o
                0x0000000008008170                HAL_RCC_GetPCLK2Freq
 .text.HAL_GPIO_Init
                0x0000000008008184      0x334 objdir-CW308_STM32F4/stm32f4_hal_lowlevel.o
                0x0000000008008184                HAL_GPIO_Init
 .text.HAL_GPIO_WritePin
                0x00000000080084b8       0x30 objdir-CW308_STM32F4/stm32f4_hal_lowlevel.o
                0x00000000080084b8                HAL_GPIO_WritePin
 .text.UART_SetConfig
                0x00000000080084e8      0x438 objdir-CW308_STM32F4/stm32f4_hal_lowlevel.o
 .text.HAL_UART_Init
                0x0000000008008920       0x94 objdir-CW308_STM32F4/stm32f4_hal_lowlevel.o
                0x0000000008008920                HAL_UART_Init
 .text.UART_WaitOnFlagForever
                0x00000000080089b4       0x3a objdir-CW308_STM32F4/stm32f4_hal_lowlevel.o
 .text.HAL_UART_Transmit
                0x00000000080089ee      0x114 objdir-CW308_STM32F4/stm32f4_hal_lowlevel.o
                0x00000000080089ee                HAL_UART_Transmit
 .text.HAL_UART_Receive
                0x0000000008008b02      0x136 objdir-CW308_STM32F4/stm32f4_hal_lowlevel.o
                0x0000000008008b02                HAL_UART_Receive
 .text.HAL_RNG_Init
                0x0000000008008c38       0x66 objdir-CW308_STM32F4/stm32f4xx_hal_rng.o
                0x0000000008008c38                HAL_RNG_Init
 .text.HAL_RNG_MspInit
                0x0000000008008c9e       0x12 objdir-CW308_STM32F4/stm32f4xx_hal_rng.o
                0x0000000008008c9e                HAL_RNG_MspInit
 .text.Reset_Handler
                0x0000000008008cb0       0x48 objdir-CW308_STM32F4/stm32f4_startup.o
                0x0000000008008cb0                Reset_Handler
 .text.Default_Handler
                0x0000000008008cf8        0x2 objdir-CW308_STM32F4/stm32f4_startup.o
                0x0000000008008cf8                DebugMon_Handler
                0x0000000008008cf8                HardFault_Handler
                0x0000000008008cf8                SysTick_Handler
                0x0000000008008cf8                PendSV_Handler
                0x0000000008008cf8                NMI_Handler
                0x0000000008008cf8                UsageFault_Handler
                0x0000000008008cf8                Default_Handler
                0x0000000008008cf8                MemManage_Handler
                0x0000000008008cf8                SVC_Handler
                0x0000000008008cf8                BusFault_Handler
 *fill*         0x0000000008008cfa        0x2 
 .text.startup  0x0000000008008cfc       0x14 /usr/lib/gcc/arm-none-eabi/10.3.1/../../../arm-none-eabi/lib/thumb/v7e-m/nofp/libg.a(lib_a-__call_atexit.o)
 *(.glue_7)
 .glue_7        0x0000000008008d10        0x0 linker stubs
 *(.glue_7t)
 .glue_7t       0x0000000008008d10        0x0 linker stubs
 *(.eh_frame)
 .eh_frame      0x0000000008008d10        0x0 /usr/lib/gcc/arm-none-eabi/10.3.1/thumb/v7e-m/nofp/crtbegin.o
 *(.init)
 .init          0x0000000008008d10        0x4 /usr/lib/gcc/arm-none-eabi/10.3.1/thumb/v7e-m/nofp/crti.o
                0x0000000008008d10                _init
 .init          0x0000000008008d14        0x8 /usr/lib/gcc/arm-none-eabi/10.3.1/thumb/v7e-m/nofp/crtn.o
 *(.fini)
 .fini          0x0000000008008d1c        0x4 /usr/lib/gcc/arm-none-eabi/10.3.1/thumb/v7e-m/nofp/crti.o
                0x0000000008008d1c                _fini
 .fini          0x0000000008008d20        0x8 /usr/lib/gcc/arm-none-eabi/10.3.1/thumb/v7e-m/nofp/crtn.o
                0x0000000008008d28                . = ALIGN (0x4)
                0x0000000008008d28                _etext = .

.vfp11_veneer   0x0000000008008d28        0x0
 .vfp11_veneer  0x0000000008008d28        0x0 linker stubs

.v4_bx          0x0000000008008d28        0x0
 .v4_bx         0x0000000008008d28        0x0 linker stubs

.iplt           0x0000000008008d28        0x0
 .iplt          0x0000000008008d28        0x0 /usr/lib/gcc/arm-none-eabi/10.3.1/thumb/v7e-m/nofp/crtbegin.o

.rodata         0x0000000008008d28      0x4c4
                0x0000000008008d28                . = ALIGN (0x4)
 *(.rodata)
 .rodata        0x0000000008008d28      0x400 objdir-CW308_STM32F4/ntt.o
 .rodata        0x0000000008009128       0xc0 objdir-CW308_STM32F4/fips202.o
                0x0000000008009128                pqcrystals_dilithium_fips202_ref_KeccakF_RoundConstants
 .rodata        0x00000000080091e8        0x4 /usr/lib/gcc/arm-none-eabi/10.3.1/../../../arm-none-eabi/lib/thumb/v7e-m/nofp/libg.a(lib_a-impure.o)
                0x00000000080091e8                _global_impure_ptr
 *(.rodata*)
                0x00000000080091ec                . = ALIGN (0x4)

.rel.dyn        0x00000000080091ec        0x0
 .rel.iplt      0x00000000080091ec        0x0 /usr/lib/gcc/arm-none-eabi/10.3.1/thumb/v7e-m/nofp/crtbegin.o

.ARM.extab      0x00000000080091ec        0x0
                0x00000000080091ec                . = ALIGN (0x4)
 *(.ARM.extab* .gnu.linkonce.armextab.*)
                0x00000000080091ec                . = ALIGN (0x4)

.ARM            0x00000000080091ec        0x0
                0x00000000080091ec                . = ALIGN (0x4)
                0x00000000080091ec                __exidx_start = .
 *(.ARM.exidx*)
                0x00000000080091ec                __exidx_end = .
                0x00000000080091ec                . = ALIGN (0x4)

.preinit_array  0x00000000080091ec        0x0
                0x00000000080091ec                . = ALIGN (0x4)
                0x00000000080091ec                PROVIDE (__preinit_array_start = .)
 *(.preinit_array*)
                0x00000000080091ec                PROVIDE (__preinit_array_end = .)
                0x00000000080091ec                . = ALIGN (0x4)

.init_array     0x00000000080091ec        0x8
                0x00000000080091ec                . = ALIGN (0x4)
                0x00000000080091ec                PROVIDE (__init_array_start = .)
 *(SORT_BY_NAME(.init_array.*))
 .init_array.00000
                0x00000000080091ec        0x4 /usr/lib/gcc/arm-none-eabi/10.3.1/../../../arm-none-eabi/lib/thumb/v7e-m/nofp/libg.a(lib_a-__call_atexit.o)
 *(.init_array*)
 .init_array    0x00000000080091f0        0x4 /usr/lib/gcc/arm-none-eabi/10.3.1/thumb/v7e-m/nofp/crtbegin.o
                0x00000000080091f4                PROVIDE (__init_array_end = .)
                0x00000000080091f4                . = ALIGN (0x4)

.fini_array     0x00000000080091f4        0x4
                0x00000000080091f4                . = ALIGN (0x4)
                0x00000000080091f4                PROVIDE (__fini_array_start = .)
 *(SORT_BY_NAME(.fini_array.*))
 *(.fini_array*)
 .fini_array    0x00000000080091f4        0x4 /usr/lib/gcc/arm-none-eabi/10.3.1/thumb/v7e-m/nofp/crtbegin.o
                0x00000000080091f8                PROVIDE (__fini_array_end = .)
                0x00000000080091f8                . = ALIGN (0x4)
                0x00000000080091f8                _sidata = LOADADDR (.data)

.data           0x0000000020000000      0x460 load address 0x00000000080091f8
                0x0000000020000000                . = ALIGN (0x4)
                0x0000000020000000                _sdata = .
 *(.data)
 .data          0x0000000020000000       0x20 objdir-CW308_STM32F4/main.o
                0x0000000020000000                SEED
 .data          0x0000000020000020       0x10 objdir-CW308_STM32F4/simpleserial.o
 .data          0x0000000020000030      0x430 /usr/lib/gcc/arm-none-eabi/10.3.1/../../../arm-none-eabi/lib/thumb/v7e-m/nofp/libg.a(lib_a-impure.o)
                0x0000000020000030                _impure_ptr
 *(.data*)
                0x0000000020000460                . = ALIGN (0x4)
                0x0000000020000460                _edata = .

.tm_clone_table
                0x0000000020000460        0x0 load address 0x0000000008009658
 .tm_clone_table
                0x0000000020000460        0x0 /usr/lib/gcc/arm-none-eabi/10.3.1/thumb/v7e-m/nofp/crtbegin.o
 .tm_clone_table
                0x0000000020000460        0x0 /usr/lib/gcc/arm-none-eabi/10.3.1/thumb/v7e-m/nofp/crtend.o

.igot.plt       0x0000000020000460        0x0 load address 0x0000000008009658
 .igot.plt      0x0000000020000460        0x0 /usr/lib/gcc/arm-none-eabi/10.3.1/thumb/v7e-m/nofp/crtbegin.o
                0x0000000020000460                . = ALIGN (0x4)

.bss            0x0000000020000460     0xa8ac load address 0x0000000008009658
                0x0000000020000460                _sbss = .
                0x0000000020000460                __bss_start__ = _sbss
 *(.bss)
 .bss           0x0000000020000460       0x1c /usr/lib/gcc/arm-none-eabi/10.3.1/thumb/v7e-m/nofp/crtbegin.o
 .bss           0x000000002000047c     0x96ec objdir-CW308_STM32F4/main.o
                0x000000002000047c                m
                0x000000002000049c                smlen
                0x00000000200004a0                sm
                0x0000000020000e34                m2
                0x00000000200017c8                pk
                0x0000000020001ce8                sk
                0x00000000200026c8                c
                0x00000000200026e8                rho
                0x0000000020002708                rhop
                0x0000000020002728                tr
                0x0000000020002748                key
                0x0000000020002768                t1
                0x0000000020003768                h
                0x0000000020004768                t0
                0x0000000020005768                s2
                0x0000000020006768                z
                0x0000000020007768                s1
                0x0000000020008768                temp
                0x0000000020009768                cp
 .bss           0x0000000020009b68     0x1000 objdir-CW308_STM32F4/sign.o
                0x0000000020009b68                global_y
 .bss           0x000000002000ab68      0x104 objdir-CW308_STM32F4/simpleserial.o
 .bss           0x000000002000ac6c       0x9c objdir-CW308_STM32F4/stm32f4_hal.o
                0x000000002000ac6c                RngHandle
                0x000000002000ac78                UartHandle
                0x000000002000acb8                hw_key
 .bss           0x000000002000ad08        0x4 objdir-CW308_STM32F4/stm32f4_hal_lowlevel.o
 *(.bss*)
 *(COMMON)
                0x000000002000ad0c                . = ALIGN (0x4)
                0x000000002000ad0c                _ebss = .
                0x000000002000ad0c                __bss_end__ = _ebss

._user_heap_stack
                0x000000002000ad0c      0x404 load address 0x0000000008009658
                0x000000002000ad10                . = ALIGN (0x8)
 *fill*         0x000000002000ad0c        0x4 
                0x000000002000ad10                PROVIDE (end = .)
                [!provide]                        PROVIDE (_end = .)
                0x000000002000ad10                . = (. + _Min_Heap_Size)
                0x000000002000b110                . = (. + _Min_Stack_Size)
 *fill*         0x000000002000ad10      0x400 
                0x000000002000b110                . = ALIGN (0x8)

/DISCARD/
 libc.a(*)
 libm.a(*)
 libgcc.a(*)

.ARM.attributes
                0x0000000000000000       0x2a
 *(.ARM.attributes)
 .ARM.attributes
                0x0000000000000000       0x1e /usr/lib/gcc/arm-none-eabi/10.3.1/thumb/v7e-m/nofp/crti.o
 .ARM.attributes
                0x000000000000001e       0x2e /usr/lib/gcc/arm-none-eabi/10.3.1/thumb/v7e-m/nofp/crtbegin.o
 .ARM.attributes
                0x000000000000004c       0x2e objdir-CW308_STM32F4/main.o
 .ARM.attributes
                0x000000000000007a       0x2e objdir-CW308_STM32F4/sign.o
 .ARM.attributes
                0x00000000000000a8       0x2e objdir-CW308_STM32F4/packing.o
 .ARM.attributes
                0x00000000000000d6       0x2e objdir-CW308_STM32F4/polyvec.o
 .ARM.attributes
                0x0000000000000104       0x2e objdir-CW308_STM32F4/poly.o
 .ARM.attributes
                0x0000000000000132       0x2e objdir-CW308_STM32F4/ntt.o
 .ARM.attributes
                0x0000000000000160       0x2e objdir-CW308_STM32F4/reduce.o
 .ARM.attributes
                0x000000000000018e       0x2e objdir-CW308_STM32F4/rounding.o
 .ARM.attributes
                0x00000000000001bc       0x2e objdir-CW308_STM32F4/fips202.o
 .ARM.attributes
                0x00000000000001ea       0x2e objdir-CW308_STM32F4/symmetric-shake.o
 .ARM.attributes
                0x0000000000000218       0x2e objdir-CW308_STM32F4/simpleserial.o
 .ARM.attributes
                0x0000000000000246       0x2e objdir-CW308_STM32F4/stm32f4_hal.o
 .ARM.attributes
                0x0000000000000274       0x2e objdir-CW308_STM32F4/stm32f4_hal_lowlevel.o
 .ARM.attributes
                0x00000000000002a2       0x2e objdir-CW308_STM32F4/stm32f4xx_hal_rng.o
 .ARM.attributes
                0x00000000000002d0       0x21 objdir-CW308_STM32F4/stm32f4_startup.o
 .ARM.attributes
                0x00000000000002f1       0x2e /usr/lib/gcc/arm-none-eabi/10.3.1/../../../arm-none-eabi/lib/thumb/v7e-m/nofp/libg.a(lib_a-atexit.o)
 .ARM.attributes
                0x000000000000031f       0x2e /usr/lib/gcc/arm-none-eabi/10.3.1/../../../arm-none-eabi/lib/thumb/v7e-m/nofp/libg.a(lib_a-fini.o)
 .ARM.attributes
                0x000000000000034d       0x2e /usr/lib/gcc/arm-none-eabi/10.3.1/../../../arm-none-eabi/lib/thumb/v7e-m/nofp/libg.a(lib_a-impure.o)
 .ARM.attributes
                0x000000000000037b       0x2e /usr/lib/gcc/arm-none-eabi/10.3.1/../../../arm-none-eabi/lib/thumb/v7e-m/nofp/libg.a(lib_a-init.o)
 .ARM.attributes
                0x00000000000003a9       0x1c /usr/lib/gcc/arm-none-eabi/10.3.1/../../../arm-none-eabi/lib/thumb/v7e-m/nofp/libg.a(lib_a-memcpy.o)
 .ARM.attributes
                0x00000000000003c5       0x2e /usr/lib/gcc/arm-none-eabi/10.3.1/../../../arm-none-eabi/lib/thumb/v7e-m/nofp/libg.a(lib_a-__atexit.o)
 .ARM.attributes
                0x00000000000003f3       0x2e /usr/lib/gcc/arm-none-eabi/10.3.1/../../../arm-none-eabi/lib/thumb/v7e-m/nofp/libg.a(lib_a-__call_atexit.o)
 .ARM.attributes
                0x0000000000000421       0x2e /usr/lib/gcc/arm-none-eabi/10.3.1/thumb/v7e-m/nofp/crtend.o
 .ARM.attributes
                0x000000000000044f       0x1e /usr/lib/gcc/arm-none-eabi/10.3.1/thumb/v7e-m/nofp/crtn.o
OUTPUT(simple-test-CW308_STM32F4.elf elf32-littlearm)
LOAD linker stubs
LOAD /usr/lib/gcc/arm-none-eabi/10.3.1/../../../arm-none-eabi/lib/thumb/v7e-m/nofp/libc.a
LOAD /usr/lib/gcc/arm-none-eabi/10.3.1/../../../arm-none-eabi/lib/thumb/v7e-m/nofp/libm.a
LOAD /usr/lib/gcc/arm-none-eabi/10.3.1/thumb/v7e-m/nofp/libgcc.a

.comment        0x0000000000000000       0x33
 .comment       0x0000000000000000       0x33 /usr/lib/gcc/arm-none-eabi/10.3.1/thumb/v7e-m/nofp/crtbegin.o
                                         0x34 (size before relaxing)
 .comment       0x0000000000000033       0x34 objdir-CW308_STM32F4/main.o
 .comment       0x0000000000000033       0x34 objdir-CW308_STM32F4/sign.o
 .comment       0x0000000000000033       0x34 objdir-CW308_STM32F4/packing.o
 .comment       0x0000000000000033       0x34 objdir-CW308_STM32F4/polyvec.o
 .comment       0x0000000000000033       0x34 objdir-CW308_STM32F4/poly.o
 .comment       0x0000000000000033       0x34 objdir-CW308_STM32F4/ntt.o
 .comment       0x0000000000000033       0x34 objdir-CW308_STM32F4/reduce.o
 .comment       0x0000000000000033       0x34 objdir-CW308_STM32F4/rounding.o
 .comment       0x0000000000000033       0x34 objdir-CW308_STM32F4/fips202.o
 .comment       0x0000000000000033       0x34 objdir-CW308_STM32F4/symmetric-shake.o
 .comment       0x0000000000000033       0x34 objdir-CW308_STM32F4/simpleserial.o
 .comment       0x0000000000000033       0x34 objdir-CW308_STM32F4/stm32f4_hal.o
 .comment       0x0000000000000033       0x34 objdir-CW308_STM32F4/stm32f4_hal_lowlevel.o
 .comment       0x0000000000000033       0x34 objdir-CW308_STM32F4/stm32f4xx_hal_rng.o
 .comment       0x0000000000000033       0x34 /usr/lib/gcc/arm-none-eabi/10.3.1/../../../arm-none-eabi/lib/thumb/v7e-m/nofp/libg.a(lib_a-atexit.o)
 .comment       0x0000000000000033       0x34 /usr/lib/gcc/arm-none-eabi/10.3.1/../../../arm-none-eabi/lib/thumb/v7e-m/nofp/libg.a(lib_a-fini.o)
 .comment       0x0000000000000033       0x34 /usr/lib/gcc/arm-none-eabi/10.3.1/../../../arm-none-eabi/lib/thumb/v7e-m/nofp/libg.a(lib_a-impure.o)
 .comment       0x0000000000000033       0x34 /usr/lib/gcc/arm-none-eabi/10.3.1/../../../arm-none-eabi/lib/thumb/v7e-m/nofp/libg.a(lib_a-init.o)
 .comment       0x0000000000000033       0x34 /usr/lib/gcc/arm-none-eabi/10.3.1/../../../arm-none-eabi/lib/thumb/v7e-m/nofp/libg.a(lib_a-__atexit.o)
 .comment       0x0000000000000033       0x34 /usr/lib/gcc/arm-none-eabi/10.3.1/../../../arm-none-eabi/lib/thumb/v7e-m/nofp/libg.a(lib_a-__call_atexit.o)
 .comment       0x0000000000000033       0x34 /usr/lib/gcc/arm-none-eabi/10.3.1/thumb/v7e-m/nofp/crtend.o

.debug_info     0x0000000000000000     0x8e72
 .debug_info    0x0000000000000000      0x3cc objdir-CW308_STM32F4/main.o
 .debug_info    0x00000000000003cc      0x731 objdir-CW308_STM32F4/sign.o
 .debug_info    0x0000000000000afd      0x401 objdir-CW308_STM32F4/packing.o
 .debug_info    0x0000000000000efe      0x8fb objdir-CW308_STM32F4/polyvec.o
 .debug_info    0x00000000000017f9      0xb7d objdir-CW308_STM32F4/poly.o
 .debug_info    0x0000000000002376      0x1bf objdir-CW308_STM32F4/ntt.o
 .debug_info    0x0000000000002535      0x152 objdir-CW308_STM32F4/reduce.o
 .debug_info    0x0000000000002687      0x1a4 objdir-CW308_STM32F4/rounding.o
 .debug_info    0x000000000000282b      0xcfc objdir-CW308_STM32F4/fips202.o
 .debug_info    0x0000000000003527      0x1a0 objdir-CW308_STM32F4/symmetric-shake.o
 .debug_info    0x00000000000036c7      0x5a4 objdir-CW308_STM32F4/simpleserial.o
 .debug_info    0x0000000000003c6b     0x12cb objdir-CW308_STM32F4/stm32f4_hal.o
 .debug_info    0x0000000000004f36     0x1a2c objdir-CW308_STM32F4/stm32f4_hal_lowlevel.o
 .debug_info    0x0000000000006962      0x4b7 objdir-CW308_STM32F4/stm32f4xx_hal_rng.o
 .debug_info    0x0000000000006e19      0x100 /usr/lib/gcc/arm-none-eabi/10.3.1/../../../arm-none-eabi/lib/thumb/v7e-m/nofp/libg.a(lib_a-atexit.o)
 .debug_info    0x0000000000006f19      0x102 /usr/lib/gcc/arm-none-eabi/10.3.1/../../../arm-none-eabi/lib/thumb/v7e-m/nofp/libg.a(lib_a-fini.o)
 .debug_info    0x000000000000701b      0x92a /usr/lib/gcc/arm-none-eabi/10.3.1/../../../arm-none-eabi/lib/thumb/v7e-m/nofp/libg.a(lib_a-impure.o)
 .debug_info    0x0000000000007945      0x11a /usr/lib/gcc/arm-none-eabi/10.3.1/../../../arm-none-eabi/lib/thumb/v7e-m/nofp/libg.a(lib_a-init.o)
 .debug_info    0x0000000000007a5f       0x26 /usr/lib/gcc/arm-none-eabi/10.3.1/../../../arm-none-eabi/lib/thumb/v7e-m/nofp/libg.a(lib_a-memcpy.o)
 .debug_info    0x0000000000007a85      0x9b0 /usr/lib/gcc/arm-none-eabi/10.3.1/../../../arm-none-eabi/lib/thumb/v7e-m/nofp/libg.a(lib_a-__atexit.o)
 .debug_info    0x0000000000008435      0xa3d /usr/lib/gcc/arm-none-eabi/10.3.1/../../../arm-none-eabi/lib/thumb/v7e-m/nofp/libg.a(lib_a-__call_atexit.o)

.debug_abbrev   0x0000000000000000     0x1eb0
 .debug_abbrev  0x0000000000000000      0x11b objdir-CW308_STM32F4/main.o
 .debug_abbrev  0x000000000000011b      0x1e9 objdir-CW308_STM32F4/sign.o
 .debug_abbrev  0x0000000000000304      0x104 objdir-CW308_STM32F4/packing.o
 .debug_abbrev  0x0000000000000408      0x182 objdir-CW308_STM32F4/polyvec.o
 .debug_abbrev  0x000000000000058a      0x1ee objdir-CW308_STM32F4/poly.o
 .debug_abbrev  0x0000000000000778       0xc6 objdir-CW308_STM32F4/ntt.o
 .debug_abbrev  0x000000000000083e       0xb5 objdir-CW308_STM32F4/reduce.o
 .debug_abbrev  0x00000000000008f3       0xcf objdir-CW308_STM32F4/rounding.o
 .debug_abbrev  0x00000000000009c2      0x1ce objdir-CW308_STM32F4/fips202.o
 .debug_abbrev  0x0000000000000b90       0xd5 objdir-CW308_STM32F4/symmetric-shake.o
 .debug_abbrev  0x0000000000000c65      0x1f3 objdir-CW308_STM32F4/simpleserial.o
 .debug_abbrev  0x0000000000000e58      0x1ff objdir-CW308_STM32F4/stm32f4_hal.o
 .debug_abbrev  0x0000000000001057      0x35c objdir-CW308_STM32F4/stm32f4_hal_lowlevel.o
 .debug_abbrev  0x00000000000013b3      0x1ee objdir-CW308_STM32F4/stm32f4xx_hal_rng.o
 .debug_abbrev  0x00000000000015a1       0xb7 /usr/lib/gcc/arm-none-eabi/10.3.1/../../../arm-none-eabi/lib/thumb/v7e-m/nofp/libg.a(lib_a-atexit.o)
 .debug_abbrev  0x0000000000001658       0xcf /usr/lib/gcc/arm-none-eabi/10.3.1/../../../arm-none-eabi/lib/thumb/v7e-m/nofp/libg.a(lib_a-fini.o)
 .debug_abbrev  0x0000000000001727      0x1b8 /usr/lib/gcc/arm-none-eabi/10.3.1/../../../arm-none-eabi/lib/thumb/v7e-m/nofp/libg.a(lib_a-impure.o)
 .debug_abbrev  0x00000000000018df       0xcc /usr/lib/gcc/arm-none-eabi/10.3.1/../../../arm-none-eabi/lib/thumb/v7e-m/nofp/libg.a(lib_a-init.o)
 .debug_abbrev  0x00000000000019ab       0x14 /usr/lib/gcc/arm-none-eabi/10.3.1/../../../arm-none-eabi/lib/thumb/v7e-m/nofp/libg.a(lib_a-memcpy.o)
 .debug_abbrev  0x00000000000019bf      0x23f /usr/lib/gcc/arm-none-eabi/10.3.1/../../../arm-none-eabi/lib/thumb/v7e-m/nofp/libg.a(lib_a-__atexit.o)
 .debug_abbrev  0x0000000000001bfe      0x2b2 /usr/lib/gcc/arm-none-eabi/10.3.1/../../../arm-none-eabi/lib/thumb/v7e-m/nofp/libg.a(lib_a-__call_atexit.o)

.debug_loc      0x0000000000000000     0x385a
 .debug_loc     0x0000000000000000       0x7c objdir-CW308_STM32F4/main.o
 .debug_loc     0x000000000000007c      0x20a objdir-CW308_STM32F4/sign.o
 .debug_loc     0x0000000000000286      0x1e0 objdir-CW308_STM32F4/packing.o
 .debug_loc     0x0000000000000466      0x822 objdir-CW308_STM32F4/polyvec.o
 .debug_loc     0x0000000000000c88      0x97c objdir-CW308_STM32F4/poly.o
 .debug_loc     0x0000000000001604       0xa4 objdir-CW308_STM32F4/ntt.o
 .debug_loc     0x00000000000016a8      0x164 objdir-CW308_STM32F4/reduce.o
 .debug_loc     0x000000000000180c      0x164 objdir-CW308_STM32F4/rounding.o
 .debug_loc     0x0000000000001970      0x81a objdir-CW308_STM32F4/fips202.o
 .debug_loc     0x000000000000218a       0xa0 objdir-CW308_STM32F4/symmetric-shake.o
 .debug_loc     0x000000000000222a      0x330 objdir-CW308_STM32F4/simpleserial.o
 .debug_loc     0x000000000000255a      0x432 objdir-CW308_STM32F4/stm32f4_hal.o
 .debug_loc     0x000000000000298c      0x624 objdir-CW308_STM32F4/stm32f4_hal_lowlevel.o
 .debug_loc     0x0000000000002fb0      0x470 objdir-CW308_STM32F4/stm32f4xx_hal_rng.o
 .debug_loc     0x0000000000003420       0x32 /usr/lib/gcc/arm-none-eabi/10.3.1/../../../arm-none-eabi/lib/thumb/v7e-m/nofp/libg.a(lib_a-atexit.o)
 .debug_loc     0x0000000000003452       0x68 /usr/lib/gcc/arm-none-eabi/10.3.1/../../../arm-none-eabi/lib/thumb/v7e-m/nofp/libg.a(lib_a-fini.o)
 .debug_loc     0x00000000000034ba       0xba /usr/lib/gcc/arm-none-eabi/10.3.1/../../../arm-none-eabi/lib/thumb/v7e-m/nofp/libg.a(lib_a-init.o)
 .debug_loc     0x0000000000003574      0x138 /usr/lib/gcc/arm-none-eabi/10.3.1/../../../arm-none-eabi/lib/thumb/v7e-m/nofp/libg.a(lib_a-__atexit.o)
 .debug_loc     0x00000000000036ac      0x1ae /usr/lib/gcc/arm-none-eabi/10.3.1/../../../arm-none-eabi/lib/thumb/v7e-m/nofp/libg.a(lib_a-__call_atexit.o)

.debug_aranges  0x0000000000000000      0x738
 .debug_aranges
                0x0000000000000000       0x28 objdir-CW308_STM32F4/main.o
 .debug_aranges
                0x0000000000000028       0x48 objdir-CW308_STM32F4/sign.o
 .debug_aranges
                0x0000000000000070       0x48 objdir-CW308_STM32F4/packing.o
 .debug_aranges
                0x00000000000000b8       0xe8 objdir-CW308_STM32F4/polyvec.o
 .debug_aranges
                0x00000000000001a0       0xf8 objdir-CW308_STM32F4/poly.o
 .debug_aranges
                0x0000000000000298       0x28 objdir-CW308_STM32F4/ntt.o
 .debug_aranges
                0x00000000000002c0       0x38 objdir-CW308_STM32F4/reduce.o
 .debug_aranges
                0x00000000000002f8       0x38 objdir-CW308_STM32F4/rounding.o
 .debug_aranges
                0x0000000000000330       0xe0 objdir-CW308_STM32F4/fips202.o
 .debug_aranges
                0x0000000000000410       0x28 objdir-CW308_STM32F4/symmetric-shake.o
 .debug_aranges
                0x0000000000000438       0x68 objdir-CW308_STM32F4/simpleserial.o
 .debug_aranges
                0x00000000000004a0       0x88 objdir-CW308_STM32F4/stm32f4_hal.o
 .debug_aranges
                0x0000000000000528       0xb0 objdir-CW308_STM32F4/stm32f4_hal_lowlevel.o
 .debug_aranges
                0x00000000000005d8       0x80 objdir-CW308_STM32F4/stm32f4xx_hal_rng.o
 .debug_aranges
                0x0000000000000658       0x20 /usr/lib/gcc/arm-none-eabi/10.3.1/../../../arm-none-eabi/lib/thumb/v7e-m/nofp/libg.a(lib_a-atexit.o)
 .debug_aranges
                0x0000000000000678       0x20 /usr/lib/gcc/arm-none-eabi/10.3.1/../../../arm-none-eabi/lib/thumb/v7e-m/nofp/libg.a(lib_a-fini.o)
 .debug_aranges
                0x0000000000000698       0x18 /usr/lib/gcc/arm-none-eabi/10.3.1/../../../arm-none-eabi/lib/thumb/v7e-m/nofp/libg.a(lib_a-impure.o)
 .debug_aranges
                0x00000000000006b0       0x20 /usr/lib/gcc/arm-none-eabi/10.3.1/../../../arm-none-eabi/lib/thumb/v7e-m/nofp/libg.a(lib_a-init.o)
 .debug_aranges
                0x00000000000006d0       0x20 /usr/lib/gcc/arm-none-eabi/10.3.1/../../../arm-none-eabi/lib/thumb/v7e-m/nofp/libg.a(lib_a-memcpy.o)
 .debug_aranges
                0x00000000000006f0       0x20 /usr/lib/gcc/arm-none-eabi/10.3.1/../../../arm-none-eabi/lib/thumb/v7e-m/nofp/libg.a(lib_a-__atexit.o)
 .debug_aranges
                0x0000000000000710       0x28 /usr/lib/gcc/arm-none-eabi/10.3.1/../../../arm-none-eabi/lib/thumb/v7e-m/nofp/libg.a(lib_a-__call_atexit.o)

.debug_ranges   0x0000000000000000      0x5f8
 .debug_ranges  0x0000000000000000       0x18 objdir-CW308_STM32F4/main.o
 .debug_ranges  0x0000000000000018       0x38 objdir-CW308_STM32F4/sign.o
 .debug_ranges  0x0000000000000050       0x38 objdir-CW308_STM32F4/packing.o
 .debug_ranges  0x0000000000000088       0xd8 objdir-CW308_STM32F4/polyvec.o
 .debug_ranges  0x0000000000000160       0xe8 objdir-CW308_STM32F4/poly.o
 .debug_ranges  0x0000000000000248       0x18 objdir-CW308_STM32F4/ntt.o
 .debug_ranges  0x0000000000000260       0x28 objdir-CW308_STM32F4/reduce.o
 .debug_ranges  0x0000000000000288       0x28 objdir-CW308_STM32F4/rounding.o
 .debug_ranges  0x00000000000002b0       0xd0 objdir-CW308_STM32F4/fips202.o
 .debug_ranges  0x0000000000000380       0x18 objdir-CW308_STM32F4/symmetric-shake.o
 .debug_ranges  0x0000000000000398       0x88 objdir-CW308_STM32F4/simpleserial.o
 .debug_ranges  0x0000000000000420       0x78 objdir-CW308_STM32F4/stm32f4_hal.o
 .debug_ranges  0x0000000000000498       0xa0 objdir-CW308_STM32F4/stm32f4_hal_lowlevel.o
 .debug_ranges  0x0000000000000538       0x70 objdir-CW308_STM32F4/stm32f4xx_hal_rng.o
 .debug_ranges  0x00000000000005a8       0x50 /usr/lib/gcc/arm-none-eabi/10.3.1/../../../arm-none-eabi/lib/thumb/v7e-m/nofp/libg.a(lib_a-__call_atexit.o)

.debug_line     0x0000000000000000     0x64f8
 .debug_line    0x0000000000000000       0xbc objdir-CW308_STM32F4/main.o
 .debug_line    0x00000000000000bc      0x2e3 objdir-CW308_STM32F4/sign.o
 .debug_line    0x000000000000039f      0x5c6 objdir-CW308_STM32F4/packing.o
 .debug_line    0x0000000000000965      0x5b2 objdir-CW308_STM32F4/polyvec.o
 .debug_line    0x0000000000000f17     0x1d12 objdir-CW308_STM32F4/poly.o
 .debug_line    0x0000000000002c29      0x251 objdir-CW308_STM32F4/ntt.o
 .debug_line    0x0000000000002e7a       0xee objdir-CW308_STM32F4/reduce.o
 .debug_line    0x0000000000002f68      0x148 objdir-CW308_STM32F4/rounding.o
 .debug_line    0x00000000000030b0      0xf74 objdir-CW308_STM32F4/fips202.o
 .debug_line    0x0000000000004024       0xaf objdir-CW308_STM32F4/symmetric-shake.o
 .debug_line    0x00000000000040d3      0x42d objdir-CW308_STM32F4/simpleserial.o
 .debug_line    0x0000000000004500      0x3ba objdir-CW308_STM32F4/stm32f4_hal.o
 .debug_line    0x00000000000048ba     0x1001 objdir-CW308_STM32F4/stm32f4_hal_lowlevel.o
 .debug_line    0x00000000000058bb      0x384 objdir-CW308_STM32F4/stm32f4xx_hal_rng.o
 .debug_line    0x0000000000005c3f       0xc0 /usr/lib/gcc/arm-none-eabi/10.3.1/../../../arm-none-eabi/lib/thumb/v7e-m/nofp/libg.a(lib_a-atexit.o)
 .debug_line    0x0000000000005cff       0xed /usr/lib/gcc/arm-none-eabi/10.3.1/../../../arm-none-eabi/lib/thumb/v7e-m/nofp/libg.a(lib_a-fini.o)
 .debug_line    0x0000000000005dec       0xe4 /usr/lib/gcc/arm-none-eabi/10.3.1/../../../arm-none-eabi/lib/thumb/v7e-m/nofp/libg.a(lib_a-impure.o)
 .debug_line    0x0000000000005ed0      0x138 /usr/lib/gcc/arm-none-eabi/10.3.1/../../../arm-none-eabi/lib/thumb/v7e-m/nofp/libg.a(lib_a-init.o)
 .debug_line    0x0000000000006008       0xbe /usr/lib/gcc/arm-none-eabi/10.3.1/../../../arm-none-eabi/lib/thumb/v7e-m/nofp/libg.a(lib_a-memcpy.o)
 .debug_line    0x00000000000060c6      0x19e /usr/lib/gcc/arm-none-eabi/10.3.1/../../../arm-none-eabi/lib/thumb/v7e-m/nofp/libg.a(lib_a-__atexit.o)
 .debug_line    0x0000000000006264      0x294 /usr/lib/gcc/arm-none-eabi/10.3.1/../../../arm-none-eabi/lib/thumb/v7e-m/nofp/libg.a(lib_a-__call_atexit.o)

.debug_str      0x0000000000000000     0x2b99
 .debug_str     0x0000000000000000      0x242 objdir-CW308_STM32F4/main.o
                                        0x28d (size before relaxing)
 .debug_str     0x0000000000000242      0x124 objdir-CW308_STM32F4/sign.o
                                        0x326 (size before relaxing)
 .debug_str     0x0000000000000366       0xd8 objdir-CW308_STM32F4/packing.o
                                        0x2b8 (size before relaxing)
 .debug_str     0x000000000000043e      0x4ac objdir-CW308_STM32F4/polyvec.o
                                        0x6a0 (size before relaxing)
 .debug_str     0x00000000000008ea      0x445 objdir-CW308_STM32F4/poly.o
                                        0x64b (size before relaxing)
 .debug_str     0x0000000000000d2f       0x57 objdir-CW308_STM32F4/ntt.o
                                        0x21f (size before relaxing)
 .debug_str     0x0000000000000d86       0x95 objdir-CW308_STM32F4/reduce.o
                                        0x257 (size before relaxing)
 .debug_str     0x0000000000000e1b       0x98 objdir-CW308_STM32F4/rounding.o
                                        0x257 (size before relaxing)
 .debug_str     0x0000000000000eb3      0x3ee objdir-CW308_STM32F4/fips202.o
                                        0x5d1 (size before relaxing)
 .debug_str     0x00000000000012a1       0x82 objdir-CW308_STM32F4/symmetric-shake.o
                                        0x26c (size before relaxing)
 .debug_str     0x0000000000001323       0xf2 objdir-CW308_STM32F4/simpleserial.o
                                        0x31a (size before relaxing)
 .debug_str     0x0000000000001415      0xa86 objdir-CW308_STM32F4/stm32f4_hal.o
                                        0xcdc (size before relaxing)
 .debug_str     0x0000000000001e9b      0x32f objdir-CW308_STM32F4/stm32f4_hal_lowlevel.o
                                        0xe5a (size before relaxing)
 .debug_str     0x00000000000021ca      0x179 objdir-CW308_STM32F4/stm32f4xx_hal_rng.o
                                        0x46e (size before relaxing)
 .debug_str     0x0000000000002343      0x14e /usr/lib/gcc/arm-none-eabi/10.3.1/../../../arm-none-eabi/lib/thumb/v7e-m/nofp/libg.a(lib_a-atexit.o)
                                        0x1de (size before relaxing)
 .debug_str     0x0000000000002491       0xbe /usr/lib/gcc/arm-none-eabi/10.3.1/../../../arm-none-eabi/lib/thumb/v7e-m/nofp/libg.a(lib_a-fini.o)
                                        0x1d6 (size before relaxing)
 .debug_str     0x000000000000254f      0x444 /usr/lib/gcc/arm-none-eabi/10.3.1/../../../arm-none-eabi/lib/thumb/v7e-m/nofp/libg.a(lib_a-impure.o)
                                        0x57c (size before relaxing)
 .debug_str     0x0000000000002993       0x90 /usr/lib/gcc/arm-none-eabi/10.3.1/../../../arm-none-eabi/lib/thumb/v7e-m/nofp/libg.a(lib_a-init.o)
                                        0x200 (size before relaxing)
 .debug_str     0x0000000000002a23       0xae /usr/lib/gcc/arm-none-eabi/10.3.1/../../../arm-none-eabi/lib/thumb/v7e-m/nofp/libg.a(lib_a-memcpy.o)
 .debug_str     0x0000000000002ad1       0x3b /usr/lib/gcc/arm-none-eabi/10.3.1/../../../arm-none-eabi/lib/thumb/v7e-m/nofp/libg.a(lib_a-__atexit.o)
                                        0x5b6 (size before relaxing)
 .debug_str     0x0000000000002b0c       0x8d /usr/lib/gcc/arm-none-eabi/10.3.1/../../../arm-none-eabi/lib/thumb/v7e-m/nofp/libg.a(lib_a-__call_atexit.o)
                                        0x5e2 (size before relaxing)

.debug_frame    0x0000000000000000     0x1a10
 .debug_frame   0x0000000000000000       0x50 objdir-CW308_STM32F4/main.o
 .debug_frame   0x0000000000000050      0x110 objdir-CW308_STM32F4/sign.o
 .debug_frame   0x0000000000000160       0xe8 objdir-CW308_STM32F4/packing.o
 .debug_frame   0x0000000000000248      0x3bc objdir-CW308_STM32F4/polyvec.o
 .debug_frame   0x0000000000000604      0x460 objdir-CW308_STM32F4/poly.o
 .debug_frame   0x0000000000000a64       0x74 objdir-CW308_STM32F4/ntt.o
 .debug_frame   0x0000000000000ad8       0xbc objdir-CW308_STM32F4/reduce.o
 .debug_frame   0x0000000000000b94       0xac objdir-CW308_STM32F4/rounding.o
 .debug_frame   0x0000000000000c40      0x40c objdir-CW308_STM32F4/fips202.o
 .debug_frame   0x000000000000104c       0x58 objdir-CW308_STM32F4/symmetric-shake.o
 .debug_frame   0x00000000000010a4      0x184 objdir-CW308_STM32F4/simpleserial.o
 .debug_frame   0x0000000000001228      0x200 objdir-CW308_STM32F4/stm32f4_hal.o
 .debug_frame   0x0000000000001428      0x2e0 objdir-CW308_STM32F4/stm32f4_hal_lowlevel.o
 .debug_frame   0x0000000000001708      0x204 objdir-CW308_STM32F4/stm32f4xx_hal_rng.o
 .debug_frame   0x000000000000190c       0x20 /usr/lib/gcc/arm-none-eabi/10.3.1/../../../arm-none-eabi/lib/thumb/v7e-m/nofp/libg.a(lib_a-atexit.o)
 .debug_frame   0x000000000000192c       0x34 /usr/lib/gcc/arm-none-eabi/10.3.1/../../../arm-none-eabi/lib/thumb/v7e-m/nofp/libg.a(lib_a-fini.o)
 .debug_frame   0x0000000000001960       0x2c /usr/lib/gcc/arm-none-eabi/10.3.1/../../../arm-none-eabi/lib/thumb/v7e-m/nofp/libg.a(lib_a-init.o)
 .debug_frame   0x000000000000198c       0x34 /usr/lib/gcc/arm-none-eabi/10.3.1/../../../arm-none-eabi/lib/thumb/v7e-m/nofp/libg.a(lib_a-__atexit.o)
 .debug_frame   0x00000000000019c0       0x50 /usr/lib/gcc/arm-none-eabi/10.3.1/../../../arm-none-eabi/lib/thumb/v7e-m/nofp/libg.a(lib_a-__call_atexit.o)

.stab           0x0000000000000000      0x144
 .stab          0x0000000000000000      0x144 objdir-CW308_STM32F4/stm32f4_startup.o

.stabstr        0x0000000000000000       0x51
 .stabstr       0x0000000000000000       0x51 objdir-CW308_STM32F4/stm32f4_startup.o

Cross Reference Table

Symbol                                            File
BusFault_Handler                                  objdir-CW308_STM32F4/stm32f4_startup.o
DILITHIUM_NAMESPACETOP                            objdir-CW308_STM32F4/sign.o
                                                  objdir-CW308_STM32F4/main.o
DebugMon_Handler                                  objdir-CW308_STM32F4/stm32f4_startup.o
Default_Handler                                   objdir-CW308_STM32F4/stm32f4_startup.o
HAL_CRYP_AESECB_Decrypt                           objdir-CW308_STM32F4/stm32f4_hal_lowlevel.o
                                                  objdir-CW308_STM32F4/stm32f4_hal.o
HAL_CRYP_AESECB_Encrypt                           objdir-CW308_STM32F4/stm32f4_hal_lowlevel.o
                                                  objdir-CW308_STM32F4/stm32f4_hal.o
HAL_CRYP_DeInit                                   objdir-CW308_STM32F4/stm32f4_hal_lowlevel.o
HAL_CRYP_Init                                     objdir-CW308_STM32F4/stm32f4_hal_lowlevel.o
                                                  objdir-CW308_STM32F4/stm32f4_hal.o
HAL_GPIO_Init                                     objdir-CW308_STM32F4/stm32f4_hal_lowlevel.o
                                                  objdir-CW308_STM32F4/stm32f4_hal.o
HAL_GPIO_WritePin                                 objdir-CW308_STM32F4/stm32f4_hal_lowlevel.o
                                                  objdir-CW308_STM32F4/stm32f4_hal.o
HAL_GetTick                                       objdir-CW308_STM32F4/stm32f4_hal_lowlevel.o
                                                  objdir-CW308_STM32F4/stm32f4xx_hal_rng.o
HAL_RCC_ClockConfig                               objdir-CW308_STM32F4/stm32f4_hal_lowlevel.o
                                                  objdir-CW308_STM32F4/stm32f4_hal.o
HAL_RCC_GetPCLK1Freq                              objdir-CW308_STM32F4/stm32f4_hal_lowlevel.o
HAL_RCC_GetPCLK2Freq                              objdir-CW308_STM32F4/stm32f4_hal_lowlevel.o
HAL_RCC_OscConfig                                 objdir-CW308_STM32F4/stm32f4_hal_lowlevel.o
                                                  objdir-CW308_STM32F4/stm32f4_hal.o
HAL_RNG_DeInit                                    objdir-CW308_STM32F4/stm32f4xx_hal_rng.o
HAL_RNG_ErrorCallback                             objdir-CW308_STM32F4/stm32f4xx_hal_rng.o
HAL_RNG_GenerateRandomNumber                      objdir-CW308_STM32F4/stm32f4xx_hal_rng.o
                                                  objdir-CW308_STM32F4/stm32f4_hal.o
HAL_RNG_GenerateRandomNumber_IT                   objdir-CW308_STM32F4/stm32f4xx_hal_rng.o
HAL_RNG_GetRandomNumber                           objdir-CW308_STM32F4/stm32f4xx_hal_rng.o
HAL_RNG_GetRandomNumber_IT                        objdir-CW308_STM32F4/stm32f4xx_hal_rng.o
HAL_RNG_GetState                                  objdir-CW308_STM32F4/stm32f4xx_hal_rng.o
HAL_RNG_IRQHandler                                objdir-CW308_STM32F4/stm32f4xx_hal_rng.o
HAL_RNG_Init                                      objdir-CW308_STM32F4/stm32f4xx_hal_rng.o
                                                  objdir-CW308_STM32F4/stm32f4_hal.o
HAL_RNG_MspDeInit                                 objdir-CW308_STM32F4/stm32f4xx_hal_rng.o
HAL_RNG_MspInit                                   objdir-CW308_STM32F4/stm32f4xx_hal_rng.o
HAL_RNG_ReadLastRandomNumber                      objdir-CW308_STM32F4/stm32f4xx_hal_rng.o
HAL_RNG_ReadyDataCallback                         objdir-CW308_STM32F4/stm32f4xx_hal_rng.o
HAL_UART_Init                                     objdir-CW308_STM32F4/stm32f4_hal_lowlevel.o
                                                  objdir-CW308_STM32F4/stm32f4_hal.o
HAL_UART_Receive                                  objdir-CW308_STM32F4/stm32f4_hal_lowlevel.o
                                                  objdir-CW308_STM32F4/stm32f4_hal.o
HAL_UART_Transmit                                 objdir-CW308_STM32F4/stm32f4_hal_lowlevel.o
                                                  objdir-CW308_STM32F4/stm32f4_hal.o
HW_AES128_Dec                                     objdir-CW308_STM32F4/stm32f4_hal.o
HW_AES128_Enc                                     objdir-CW308_STM32F4/stm32f4_hal.o
HW_AES128_Enc_posttrigger                         objdir-CW308_STM32F4/stm32f4_hal.o
HW_AES128_Enc_pretrigger                          objdir-CW308_STM32F4/stm32f4_hal.o
HW_AES128_Init                                    objdir-CW308_STM32F4/stm32f4_hal.o
HW_AES128_LoadKey                                 objdir-CW308_STM32F4/stm32f4_hal.o
HardFault_Handler                                 objdir-CW308_STM32F4/stm32f4_startup.o
MemManage_Handler                                 objdir-CW308_STM32F4/stm32f4_startup.o
NMI_Handler                                       objdir-CW308_STM32F4/stm32f4_startup.o
PendSV_Handler                                    objdir-CW308_STM32F4/stm32f4_startup.o
RCC_AHB2PeriphClockCmd                            objdir-CW308_STM32F4/stm32f4_hal_lowlevel.o
Reset_Handler                                     objdir-CW308_STM32F4/stm32f4_startup.o
RngHandle                                         objdir-CW308_STM32F4/stm32f4_hal.o
SEED                                              objdir-CW308_STM32F4/main.o
SVC_Handler                                       objdir-CW308_STM32F4/stm32f4_startup.o
SysTick_Handler                                   objdir-CW308_STM32F4/stm32f4_startup.o
SystemInit                                        objdir-CW308_STM32F4/stm32f4_startup.o
UartHandle                                        objdir-CW308_STM32F4/stm32f4_hal.o
UsageFault_Handler                                objdir-CW308_STM32F4/stm32f4_startup.o
_ITM_deregisterTMCloneTable                       /usr/lib/gcc/arm-none-eabi/10.3.1/thumb/v7e-m/nofp/crtbegin.o
_ITM_registerTMCloneTable                         /usr/lib/gcc/arm-none-eabi/10.3.1/thumb/v7e-m/nofp/crtbegin.o
__TMC_END__                                       /usr/lib/gcc/arm-none-eabi/10.3.1/thumb/v7e-m/nofp/crtend.o
                                                  /usr/lib/gcc/arm-none-eabi/10.3.1/thumb/v7e-m/nofp/crtbegin.o
__bss_end__                                       /usr/lib/gcc/arm-none-eabi/10.3.1/../../../arm-none-eabi/lib/thumb/v7e-m/nofp/crt0.o
__bss_start__                                     /usr/lib/gcc/arm-none-eabi/10.3.1/../../../arm-none-eabi/lib/thumb/v7e-m/nofp/crt0.o
__call_exitprocs                                  /usr/lib/gcc/arm-none-eabi/10.3.1/../../../arm-none-eabi/lib/thumb/v7e-m/nofp/libg.a(lib_a-__call_atexit.o)
                                                  /usr/lib/gcc/arm-none-eabi/10.3.1/../../../arm-none-eabi/lib/thumb/v7e-m/nofp/libg.a(lib_a-exit.o)
__deregister_frame_info                           /usr/lib/gcc/arm-none-eabi/10.3.1/thumb/v7e-m/nofp/crtbegin.o
__dso_handle                                      /usr/lib/gcc/arm-none-eabi/10.3.1/thumb/v7e-m/nofp/crtbegin.o
__errno                                           /usr/lib/gcc/arm-none-eabi/10.3.1/../../../arm-none-eabi/lib/thumb/v7e-m/nofp/libg.a(lib_a-errno.o)
                                                  objdir-CW308_STM32F4/stm32f4_sysmem.o
__fini_array_end                                  /usr/lib/gcc/arm-none-eabi/10.3.1/../../../arm-none-eabi/lib/thumb/v7e-m/nofp/libg.a(lib_a-fini.o)
__fini_array_start                                /usr/lib/gcc/arm-none-eabi/10.3.1/../../../arm-none-eabi/lib/thumb/v7e-m/nofp/libg.a(lib_a-fini.o)
__init_array_end                                  /usr/lib/gcc/arm-none-eabi/10.3.1/../../../arm-none-eabi/lib/thumb/v7e-m/nofp/libg.a(lib_a-init.o)
__init_array_start                                /usr/lib/gcc/arm-none-eabi/10.3.1/../../../arm-none-eabi/lib/thumb/v7e-m/nofp/libg.a(lib_a-init.o)
__libc_fini                                       /usr/lib/gcc/arm-none-eabi/10.3.1/../../../arm-none-eabi/lib/thumb/v7e-m/nofp/libg.a(lib_a-__call_atexit.o)
__libc_fini_array                                 /usr/lib/gcc/arm-none-eabi/10.3.1/../../../arm-none-eabi/lib/thumb/v7e-m/nofp/libg.a(lib_a-fini.o)
                                                  /usr/lib/gcc/arm-none-eabi/10.3.1/../../../arm-none-eabi/lib/thumb/v7e-m/nofp/libg.a(lib_a-__call_atexit.o)
                                                  /usr/lib/gcc/arm-none-eabi/10.3.1/../../../arm-none-eabi/lib/thumb/v7e-m/nofp/crt0.o
__libc_init_array                                 /usr/lib/gcc/arm-none-eabi/10.3.1/../../../arm-none-eabi/lib/thumb/v7e-m/nofp/libg.a(lib_a-init.o)
                                                  objdir-CW308_STM32F4/stm32f4_startup.o
                                                  /usr/lib/gcc/arm-none-eabi/10.3.1/../../../arm-none-eabi/lib/thumb/v7e-m/nofp/crt0.o
__preinit_array_end                               /usr/lib/gcc/arm-none-eabi/10.3.1/../../../arm-none-eabi/lib/thumb/v7e-m/nofp/libg.a(lib_a-init.o)
__preinit_array_start                             /usr/lib/gcc/arm-none-eabi/10.3.1/../../../arm-none-eabi/lib/thumb/v7e-m/nofp/libg.a(lib_a-init.o)
__register_exitproc                               /usr/lib/gcc/arm-none-eabi/10.3.1/../../../arm-none-eabi/lib/thumb/v7e-m/nofp/libg.a(lib_a-__atexit.o)
                                                  /usr/lib/gcc/arm-none-eabi/10.3.1/../../../arm-none-eabi/lib/thumb/v7e-m/nofp/libg.a(lib_a-atexit.o)
__register_frame_info                             /usr/lib/gcc/arm-none-eabi/10.3.1/thumb/v7e-m/nofp/crtbegin.o
__stack                                           /usr/lib/gcc/arm-none-eabi/10.3.1/../../../arm-none-eabi/lib/thumb/v7e-m/nofp/crt0.o
_ebss                                             objdir-CW308_STM32F4/stm32f4_startup.o
_edata                                            objdir-CW308_STM32F4/stm32f4_startup.o
_estack                                           objdir-CW308_STM32F4/stm32f4_startup.o
_exit                                             /usr/lib/gcc/arm-none-eabi/10.3.1/../../../arm-none-eabi/lib/thumb/v7e-m/nofp/libnosys.a(_exit.o)
                                                  /usr/lib/gcc/arm-none-eabi/10.3.1/../../../arm-none-eabi/lib/thumb/v7e-m/nofp/libg.a(lib_a-exit.o)
_fini                                             /usr/lib/gcc/arm-none-eabi/10.3.1/thumb/v7e-m/nofp/crti.o
                                                  /usr/lib/gcc/arm-none-eabi/10.3.1/../../../arm-none-eabi/lib/thumb/v7e-m/nofp/libg.a(lib_a-fini.o)
_global_impure_ptr                                /usr/lib/gcc/arm-none-eabi/10.3.1/../../../arm-none-eabi/lib/thumb/v7e-m/nofp/libg.a(lib_a-impure.o)
                                                  /usr/lib/gcc/arm-none-eabi/10.3.1/../../../arm-none-eabi/lib/thumb/v7e-m/nofp/libg.a(lib_a-__call_atexit.o)
                                                  /usr/lib/gcc/arm-none-eabi/10.3.1/../../../arm-none-eabi/lib/thumb/v7e-m/nofp/libg.a(lib_a-__atexit.o)
                                                  /usr/lib/gcc/arm-none-eabi/10.3.1/../../../arm-none-eabi/lib/thumb/v7e-m/nofp/libg.a(lib_a-exit.o)
_impure_ptr                                       /usr/lib/gcc/arm-none-eabi/10.3.1/../../../arm-none-eabi/lib/thumb/v7e-m/nofp/libg.a(lib_a-impure.o)
                                                  /usr/lib/gcc/arm-none-eabi/10.3.1/../../../arm-none-eabi/lib/thumb/v7e-m/nofp/libg.a(lib_a-errno.o)
_init                                             /usr/lib/gcc/arm-none-eabi/10.3.1/thumb/v7e-m/nofp/crti.o
                                                  /usr/lib/gcc/arm-none-eabi/10.3.1/../../../arm-none-eabi/lib/thumb/v7e-m/nofp/libg.a(lib_a-init.o)
_mainCRTStartup                                   /usr/lib/gcc/arm-none-eabi/10.3.1/../../../arm-none-eabi/lib/thumb/v7e-m/nofp/crt0.o
_sbrk                                             objdir-CW308_STM32F4/stm32f4_sysmem.o
_sbss                                             objdir-CW308_STM32F4/stm32f4_startup.o
_sdata                                            objdir-CW308_STM32F4/stm32f4_startup.o
_sidata                                           objdir-CW308_STM32F4/stm32f4_startup.o
_stack_init                                       /usr/lib/gcc/arm-none-eabi/10.3.1/../../../arm-none-eabi/lib/thumb/v7e-m/nofp/crt0.o
_start                                            /usr/lib/gcc/arm-none-eabi/10.3.1/../../../arm-none-eabi/lib/thumb/v7e-m/nofp/crt0.o
atexit                                            /usr/lib/gcc/arm-none-eabi/10.3.1/../../../arm-none-eabi/lib/thumb/v7e-m/nofp/libg.a(lib_a-atexit.o)
                                                  /usr/lib/gcc/arm-none-eabi/10.3.1/../../../arm-none-eabi/lib/thumb/v7e-m/nofp/libg.a(lib_a-__call_atexit.o)
                                                  /usr/lib/gcc/arm-none-eabi/10.3.1/../../../arm-none-eabi/lib/thumb/v7e-m/nofp/crt0.o
c                                                 objdir-CW308_STM32F4/main.o
check_version                                     objdir-CW308_STM32F4/simpleserial.o
cp                                                objdir-CW308_STM32F4/main.o
end                                               objdir-CW308_STM32F4/stm32f4_sysmem.o
exit                                              /usr/lib/gcc/arm-none-eabi/10.3.1/../../../arm-none-eabi/lib/thumb/v7e-m/nofp/libg.a(lib_a-exit.o)
                                                  /usr/lib/gcc/arm-none-eabi/10.3.1/../../../arm-none-eabi/lib/thumb/v7e-m/nofp/crt0.o
g_pfnVectors                                      objdir-CW308_STM32F4/stm32f4_startup.o
get_intermediate_vector                           objdir-CW308_STM32F4/sign.o
get_msg                                           objdir-CW308_STM32F4/main.o
get_rand                                          objdir-CW308_STM32F4/stm32f4_hal.o
getch                                             objdir-CW308_STM32F4/stm32f4_hal.o
                                                  objdir-CW308_STM32F4/simpleserial.o
global_y                                          objdir-CW308_STM32F4/sign.o
h                                                 objdir-CW308_STM32F4/main.o
hardware_init_hook                                /usr/lib/gcc/arm-none-eabi/10.3.1/../../../arm-none-eabi/lib/thumb/v7e-m/nofp/crt0.o
hex_decode                                        objdir-CW308_STM32F4/simpleserial.o
hw_key                                            objdir-CW308_STM32F4/stm32f4_hal.o
init_uart                                         objdir-CW308_STM32F4/stm32f4_hal.o
                                                  objdir-CW308_STM32F4/main.o
key                                               objdir-CW308_STM32F4/main.o
m                                                 objdir-CW308_STM32F4/main.o
m2                                                objdir-CW308_STM32F4/main.o
main                                              objdir-CW308_STM32F4/main.o
                                                  objdir-CW308_STM32F4/stm32f4_startup.o
                                                  /usr/lib/gcc/arm-none-eabi/10.3.1/../../../arm-none-eabi/lib/thumb/v7e-m/nofp/crt0.o
memcpy                                            /usr/lib/gcc/arm-none-eabi/10.3.1/../../../arm-none-eabi/lib/thumb/v7e-m/nofp/libg.a(lib_a-memcpy.o)
                                                  objdir-CW308_STM32F4/aes256ctr.o
                                                  objdir-CW308_STM32F4/sign.o
memset                                            /usr/lib/gcc/arm-none-eabi/10.3.1/../../../arm-none-eabi/lib/thumb/v7e-m/nofp/libg.a(lib_a-memset.o)
                                                  objdir-CW308_STM32F4/aes256ctr.o
                                                  /usr/lib/gcc/arm-none-eabi/10.3.1/../../../arm-none-eabi/lib/thumb/v7e-m/nofp/crt0.o
pk                                                objdir-CW308_STM32F4/main.o
platform_init                                     objdir-CW308_STM32F4/stm32f4_hal.o
                                                  objdir-CW308_STM32F4/main.o
pqcrystals_dilithium2_ref_invntt_tomont           objdir-CW308_STM32F4/ntt.o
                                                  objdir-CW308_STM32F4/poly.o
pqcrystals_dilithium2_ref_ntt                     objdir-CW308_STM32F4/ntt.o
                                                  objdir-CW308_STM32F4/poly.o
pqcrystals_dilithium2_refcaddq                    objdir-CW308_STM32F4/reduce.o
                                                  objdir-CW308_STM32F4/poly.o
pqcrystals_dilithium2_refdecompose                objdir-CW308_STM32F4/rounding.o
                                                  objdir-CW308_STM32F4/poly.o
pqcrystals_dilithium2_refdilithium_shake128_stream_init objdir-CW308_STM32F4/symmetric-shake.o
                                                  objdir-CW308_STM32F4/poly.o
pqcrystals_dilithium2_refdilithium_shake256_stream_init objdir-CW308_STM32F4/symmetric-shake.o
                                                  objdir-CW308_STM32F4/poly.o
pqcrystals_dilithium2_reffreeze                   objdir-CW308_STM32F4/reduce.o
pqcrystals_dilithium2_refkeypair                  objdir-CW308_STM32F4/sign.o
                                                  objdir-CW308_STM32F4/main.o
pqcrystals_dilithium2_refmake_hint                objdir-CW308_STM32F4/rounding.o
                                                  objdir-CW308_STM32F4/poly.o
pqcrystals_dilithium2_refmontgomery_reduce        objdir-CW308_STM32F4/reduce.o
                                                  objdir-CW308_STM32F4/ntt.o
                                                  objdir-CW308_STM32F4/poly.o
pqcrystals_dilithium2_refopen                     objdir-CW308_STM32F4/sign.o
pqcrystals_dilithium2_refpack_pk                  objdir-CW308_STM32F4/packing.o
                                                  objdir-CW308_STM32F4/sign.o
pqcrystals_dilithium2_refpack_sig                 objdir-CW308_STM32F4/packing.o
                                                  objdir-CW308_STM32F4/sign.o
pqcrystals_dilithium2_refpack_sk                  objdir-CW308_STM32F4/packing.o
                                                  objdir-CW308_STM32F4/sign.o
pqcrystals_dilithium2_refpoly_add                 objdir-CW308_STM32F4/poly.o
                                                  objdir-CW308_STM32F4/polyvec.o
pqcrystals_dilithium2_refpoly_caddq               objdir-CW308_STM32F4/poly.o
                                                  objdir-CW308_STM32F4/polyvec.o
pqcrystals_dilithium2_refpoly_challenge           objdir-CW308_STM32F4/poly.o
                                                  objdir-CW308_STM32F4/sign.o
pqcrystals_dilithium2_refpoly_chknorm             objdir-CW308_STM32F4/poly.o
                                                  objdir-CW308_STM32F4/polyvec.o
pqcrystals_dilithium2_refpoly_decompose           objdir-CW308_STM32F4/poly.o
                                                  objdir-CW308_STM32F4/polyvec.o
pqcrystals_dilithium2_refpoly_invntt_tomont       objdir-CW308_STM32F4/poly.o
                                                  objdir-CW308_STM32F4/polyvec.o
pqcrystals_dilithium2_refpoly_make_hint           objdir-CW308_STM32F4/poly.o
                                                  objdir-CW308_STM32F4/polyvec.o
pqcrystals_dilithium2_refpoly_ntt                 objdir-CW308_STM32F4/poly.o
                                                  objdir-CW308_STM32F4/polyvec.o
                                                  objdir-CW308_STM32F4/sign.o
pqcrystals_dilithium2_refpoly_pointwise_montgomery objdir-CW308_STM32F4/poly.o
                                                  objdir-CW308_STM32F4/polyvec.o
pqcrystals_dilithium2_refpoly_power2round         objdir-CW308_STM32F4/poly.o
                                                  objdir-CW308_STM32F4/polyvec.o
pqcrystals_dilithium2_refpoly_reduce              objdir-CW308_STM32F4/poly.o
                                                  objdir-CW308_STM32F4/polyvec.o
pqcrystals_dilithium2_refpoly_shiftl              objdir-CW308_STM32F4/poly.o
                                                  objdir-CW308_STM32F4/polyvec.o
pqcrystals_dilithium2_refpoly_sub                 objdir-CW308_STM32F4/poly.o
                                                  objdir-CW308_STM32F4/polyvec.o
pqcrystals_dilithium2_refpoly_uniform             objdir-CW308_STM32F4/poly.o
                                                  objdir-CW308_STM32F4/polyvec.o
pqcrystals_dilithium2_refpoly_uniform_eta         objdir-CW308_STM32F4/poly.o
                                                  objdir-CW308_STM32F4/polyvec.o
pqcrystals_dilithium2_refpoly_uniform_gamma1      objdir-CW308_STM32F4/poly.o
                                                  objdir-CW308_STM32F4/polyvec.o
pqcrystals_dilithium2_refpoly_use_hint            objdir-CW308_STM32F4/poly.o
                                                  objdir-CW308_STM32F4/polyvec.o
pqcrystals_dilithium2_refpolyeta_pack             objdir-CW308_STM32F4/poly.o
                                                  objdir-CW308_STM32F4/packing.o
pqcrystals_dilithium2_refpolyeta_unpack           objdir-CW308_STM32F4/poly.o
                                                  objdir-CW308_STM32F4/packing.o
pqcrystals_dilithium2_refpolyt0_pack              objdir-CW308_STM32F4/poly.o
                                                  objdir-CW308_STM32F4/packing.o
pqcrystals_dilithium2_refpolyt0_unpack            objdir-CW308_STM32F4/poly.o
                                                  objdir-CW308_STM32F4/packing.o
pqcrystals_dilithium2_refpolyt1_pack              objdir-CW308_STM32F4/poly.o
                                                  objdir-CW308_STM32F4/packing.o
pqcrystals_dilithium2_refpolyt1_unpack            objdir-CW308_STM32F4/poly.o
                                                  objdir-CW308_STM32F4/packing.o
pqcrystals_dilithium2_refpolyvec_matrix_expand    objdir-CW308_STM32F4/polyvec.o
                                                  objdir-CW308_STM32F4/sign.o
pqcrystals_dilithium2_refpolyvec_matrix_pointwise_montgomery objdir-CW308_STM32F4/polyvec.o
                                                  objdir-CW308_STM32F4/sign.o
pqcrystals_dilithium2_refpolyveck_add             objdir-CW308_STM32F4/polyvec.o
                                                  objdir-CW308_STM32F4/sign.o
pqcrystals_dilithium2_refpolyveck_caddq           objdir-CW308_STM32F4/polyvec.o
                                                  objdir-CW308_STM32F4/sign.o
pqcrystals_dilithium2_refpolyveck_chknorm         objdir-CW308_STM32F4/polyvec.o
                                                  objdir-CW308_STM32F4/sign.o
pqcrystals_dilithium2_refpolyveck_decompose       objdir-CW308_STM32F4/polyvec.o
                                                  objdir-CW308_STM32F4/sign.o
pqcrystals_dilithium2_refpolyveck_invntt_tomont   objdir-CW308_STM32F4/polyvec.o
                                                  objdir-CW308_STM32F4/sign.o
pqcrystals_dilithium2_refpolyveck_make_hint       objdir-CW308_STM32F4/polyvec.o
                                                  objdir-CW308_STM32F4/sign.o
pqcrystals_dilithium2_refpolyveck_ntt             objdir-CW308_STM32F4/polyvec.o
                                                  objdir-CW308_STM32F4/sign.o
pqcrystals_dilithium2_refpolyveck_pack_w1         objdir-CW308_STM32F4/polyvec.o
                                                  objdir-CW308_STM32F4/sign.o
pqcrystals_dilithium2_refpolyveck_pointwise_poly_montgomery objdir-CW308_STM32F4/polyvec.o
                                                  objdir-CW308_STM32F4/sign.o
pqcrystals_dilithium2_refpolyveck_power2round     objdir-CW308_STM32F4/polyvec.o
                                                  objdir-CW308_STM32F4/sign.o
pqcrystals_dilithium2_refpolyveck_reduce          objdir-CW308_STM32F4/polyvec.o
                                                  objdir-CW308_STM32F4/sign.o
pqcrystals_dilithium2_refpolyveck_shiftl          objdir-CW308_STM32F4/polyvec.o
                                                  objdir-CW308_STM32F4/sign.o
pqcrystals_dilithium2_refpolyveck_sub             objdir-CW308_STM32F4/polyvec.o
                                                  objdir-CW308_STM32F4/sign.o
pqcrystals_dilithium2_refpolyveck_uniform_eta     objdir-CW308_STM32F4/polyvec.o
                                                  objdir-CW308_STM32F4/sign.o
pqcrystals_dilithium2_refpolyveck_use_hint        objdir-CW308_STM32F4/polyvec.o
                                                  objdir-CW308_STM32F4/sign.o
pqcrystals_dilithium2_refpolyvecl_add             objdir-CW308_STM32F4/polyvec.o
                                                  objdir-CW308_STM32F4/sign.o
pqcrystals_dilithium2_refpolyvecl_chknorm         objdir-CW308_STM32F4/polyvec.o
                                                  objdir-CW308_STM32F4/sign.o
pqcrystals_dilithium2_refpolyvecl_invntt_tomont   objdir-CW308_STM32F4/polyvec.o
                                                  objdir-CW308_STM32F4/sign.o
pqcrystals_dilithium2_refpolyvecl_ntt             objdir-CW308_STM32F4/polyvec.o
                                                  objdir-CW308_STM32F4/sign.o
pqcrystals_dilithium2_refpolyvecl_pointwise_acc_montgomery objdir-CW308_STM32F4/polyvec.o
pqcrystals_dilithium2_refpolyvecl_pointwise_poly_montgomery objdir-CW308_STM32F4/polyvec.o
                                                  objdir-CW308_STM32F4/sign.o
pqcrystals_dilithium2_refpolyvecl_reduce          objdir-CW308_STM32F4/polyvec.o
                                                  objdir-CW308_STM32F4/sign.o
pqcrystals_dilithium2_refpolyvecl_uniform_eta     objdir-CW308_STM32F4/polyvec.o
                                                  objdir-CW308_STM32F4/sign.o
pqcrystals_dilithium2_refpolyvecl_uniform_gamma1  objdir-CW308_STM32F4/polyvec.o
                                                  objdir-CW308_STM32F4/sign.o
pqcrystals_dilithium2_refpolyw1_pack              objdir-CW308_STM32F4/poly.o
                                                  objdir-CW308_STM32F4/polyvec.o
pqcrystals_dilithium2_refpolyz_pack               objdir-CW308_STM32F4/poly.o
                                                  objdir-CW308_STM32F4/packing.o
pqcrystals_dilithium2_refpolyz_unpack             objdir-CW308_STM32F4/poly.o
                                                  objdir-CW308_STM32F4/packing.o
pqcrystals_dilithium2_refpower2round              objdir-CW308_STM32F4/rounding.o
                                                  objdir-CW308_STM32F4/poly.o
pqcrystals_dilithium2_refreduce32                 objdir-CW308_STM32F4/reduce.o
                                                  objdir-CW308_STM32F4/poly.o
pqcrystals_dilithium2_refsignature                objdir-CW308_STM32F4/sign.o
pqcrystals_dilithium2_refunpack_pk                objdir-CW308_STM32F4/packing.o
                                                  objdir-CW308_STM32F4/sign.o
pqcrystals_dilithium2_refunpack_sig               objdir-CW308_STM32F4/packing.o
                                                  objdir-CW308_STM32F4/sign.o
                                                  objdir-CW308_STM32F4/main.o
pqcrystals_dilithium2_refunpack_sk                objdir-CW308_STM32F4/packing.o
                                                  objdir-CW308_STM32F4/sign.o
pqcrystals_dilithium2_refuse_hint                 objdir-CW308_STM32F4/rounding.o
                                                  objdir-CW308_STM32F4/poly.o
pqcrystals_dilithium2_refverify                   objdir-CW308_STM32F4/sign.o
pqcrystals_dilithium_aes256ctr_ref_init           objdir-CW308_STM32F4/aes256ctr.o
pqcrystals_dilithium_aes256ctr_ref_squeezeblocks  objdir-CW308_STM32F4/aes256ctr.o
pqcrystals_dilithium_fips202_ref_KeccakF_RoundConstants objdir-CW308_STM32F4/fips202.o
pqcrystals_dilithium_fips202_ref_sha3_256         objdir-CW308_STM32F4/fips202.o
pqcrystals_dilithium_fips202_ref_sha3_512         objdir-CW308_STM32F4/fips202.o
pqcrystals_dilithium_fips202_ref_shake128         objdir-CW308_STM32F4/fips202.o
pqcrystals_dilithium_fips202_ref_shake128_absorb  objdir-CW308_STM32F4/fips202.o
                                                  objdir-CW308_STM32F4/symmetric-shake.o
pqcrystals_dilithium_fips202_ref_shake128_absorb_once objdir-CW308_STM32F4/fips202.o
pqcrystals_dilithium_fips202_ref_shake128_finalize objdir-CW308_STM32F4/fips202.o
                                                  objdir-CW308_STM32F4/symmetric-shake.o
pqcrystals_dilithium_fips202_ref_shake128_init    objdir-CW308_STM32F4/fips202.o
                                                  objdir-CW308_STM32F4/symmetric-shake.o
pqcrystals_dilithium_fips202_ref_shake128_squeeze objdir-CW308_STM32F4/fips202.o
pqcrystals_dilithium_fips202_ref_shake128_squeezeblocks objdir-CW308_STM32F4/fips202.o
                                                  objdir-CW308_STM32F4/poly.o
pqcrystals_dilithium_fips202_ref_shake256         objdir-CW308_STM32F4/fips202.o
                                                  objdir-CW308_STM32F4/sign.o
pqcrystals_dilithium_fips202_ref_shake256_absorb  objdir-CW308_STM32F4/fips202.o
                                                  objdir-CW308_STM32F4/symmetric-shake.o
                                                  objdir-CW308_STM32F4/poly.o
                                                  objdir-CW308_STM32F4/sign.o
pqcrystals_dilithium_fips202_ref_shake256_absorb_once objdir-CW308_STM32F4/fips202.o
pqcrystals_dilithium_fips202_ref_shake256_finalize objdir-CW308_STM32F4/fips202.o
                                                  objdir-CW308_STM32F4/symmetric-shake.o
                                                  objdir-CW308_STM32F4/poly.o
                                                  objdir-CW308_STM32F4/sign.o
pqcrystals_dilithium_fips202_ref_shake256_init    objdir-CW308_STM32F4/fips202.o
                                                  objdir-CW308_STM32F4/symmetric-shake.o
                                                  objdir-CW308_STM32F4/poly.o
                                                  objdir-CW308_STM32F4/sign.o
pqcrystals_dilithium_fips202_ref_shake256_squeeze objdir-CW308_STM32F4/fips202.o
                                                  objdir-CW308_STM32F4/sign.o
pqcrystals_dilithium_fips202_ref_shake256_squeezeblocks objdir-CW308_STM32F4/fips202.o
                                                  objdir-CW308_STM32F4/poly.o
putch                                             objdir-CW308_STM32F4/stm32f4_hal.o
                                                  objdir-CW308_STM32F4/simpleserial.o
rho                                               objdir-CW308_STM32F4/main.o
rhop                                              objdir-CW308_STM32F4/main.o
s1                                                objdir-CW308_STM32F4/main.o
s2                                                objdir-CW308_STM32F4/main.o
simpleserial_addcmd                               objdir-CW308_STM32F4/simpleserial.o
                                                  objdir-CW308_STM32F4/main.o
simpleserial_addcmd_flags                         objdir-CW308_STM32F4/simpleserial.o
simpleserial_get                                  objdir-CW308_STM32F4/simpleserial.o
                                                  objdir-CW308_STM32F4/main.o
simpleserial_init                                 objdir-CW308_STM32F4/simpleserial.o
                                                  objdir-CW308_STM32F4/main.o
simpleserial_put                                  objdir-CW308_STM32F4/simpleserial.o
                                                  objdir-CW308_STM32F4/main.o
sk                                                objdir-CW308_STM32F4/main.o
sm                                                objdir-CW308_STM32F4/main.o
smlen                                             objdir-CW308_STM32F4/main.o
software_init_hook                                /usr/lib/gcc/arm-none-eabi/10.3.1/../../../arm-none-eabi/lib/thumb/v7e-m/nofp/crt0.o
ss_crc                                            objdir-CW308_STM32F4/simpleserial.o
ss_get_commands                                   objdir-CW308_STM32F4/simpleserial.o
ss_num_commands                                   objdir-CW308_STM32F4/simpleserial.o
t0                                                objdir-CW308_STM32F4/main.o
t1                                                objdir-CW308_STM32F4/main.o
temp                                              objdir-CW308_STM32F4/main.o
tr                                                objdir-CW308_STM32F4/main.o
trigger_high                                      objdir-CW308_STM32F4/stm32f4_hal.o
                                                  objdir-CW308_STM32F4/sign.o
trigger_low                                       objdir-CW308_STM32F4/stm32f4_hal.o
                                                  objdir-CW308_STM32F4/sign.o
trigger_setup                                     objdir-CW308_STM32F4/stm32f4_hal.o
                                                  objdir-CW308_STM32F4/main.o
z                                                 objdir-CW308_STM32F4/main.o